❯ Building...
✔ Building...
Initial chunk files                                                                                  | Names                                                                                             |  Raw size
chunk-FGR2VV3Y.js                                                                                    | -                                                                                                 |   2.29 MB | 
polyfills.js                                                                                         | polyfills                                                                                         |   1.03 MB | 
chunk-5EV6HM4U.js                                                                                    | -                                                                                                 | 242.88 kB | 
chunk-BUVY3Z5H.js                                                                                    | -                                                                                                 | 230.84 kB | 
spec-app-owner-components-inventory-list.component.spec.js                                           | spec-app-owner-components-inventory-list.component.spec                                           | 209.44 kB | 
spec-app-shared-components-confirmation-dialog.component.spec.js                                     | spec-app-shared-components-confirmation-dialog.component.spec                                     | 199.36 kB | 
chunk-7LLW4VND.js                                                                                    | -                                                                                                 | 197.56 kB | 
spec-app-owner-components-owner-payouts.component.spec.js                                            | spec-app-owner-components-owner-payouts.component.spec                                            | 111.73 kB | 
spec-app-owner-components-consignor-list.component.spec.js                                           | spec-app-owner-components-consignor-list.component.spec                                           |  96.32 kB | 
chunk-H7VEXC75.js                                                                                    | -                                                                                                 |  96.29 kB | 
jasmine-cleanup-1.js                                                                                 | jasmine-cleanup-1                                                                                 |  67.20 kB | 
spec-app-admin-components-admin-dashboard.component.spec.js                                          | spec-app-admin-components-admin-dashboard.component.spec                                          |  56.07 kB | 
spec-app-shared-components-notification-preferences.component.spec.js                                | spec-app-shared-components-notification-preferences.component.spec                                |  53.69 kB | 
chunk-SPX7LRET.js                                                                                    | -                                                                                                 |  52.01 kB | 
spec-app-owner-settings-consignors-consignor-payout-settings.component.spec.js                       | spec-app-owner-settings-consignors-consignor-payout-settings.component.spec                       |  51.41 kB | 
spec-app-owner-components-owner-welcome-modal.component.spec.js                                      | spec-app-owner-components-owner-welcome-modal.component.spec                                      |  47.89 kB | 
spec-app-consignor-components-consignor-payout-detail.component.spec.js                              | spec-app-consignor-components-consignor-payout-detail.component.spec                              |  47.88 kB | 
spec-app-owner-settings-business-business-settings.component.spec.js                                 | spec-app-owner-settings-business-business-settings.component.spec                                 |  46.22 kB | 
spec-app-owner-settings-profile-basic-info-store-profile-basic-info.component.spec.js                | spec-app-owner-settings-profile-basic-info-store-profile-basic-info.component.spec                |  45.97 kB | 
spec-app-owner-settings-business-policies-policies.component.spec.js                                 | spec-app-owner-settings-business-policies-policies.component.spec                                 |  45.95 kB | 
spec-app-auth-consignor-signup-step1.component.spec.js                                               | spec-app-auth-consignor-signup-step1.component.spec                                               |  45.65 kB | 
spec-app-auth-owner-signup-step2.component.spec.js                                                   | spec-app-auth-owner-signup-step2.component.spec                                                   |  43.86 kB | 
chunk-WHWU2OCL.js                                                                                    | -                                                                                                 |  43.44 kB | 
spec-app-auth-login.component.spec.js                                                                | spec-app-auth-login.component.spec                                                                |  41.27 kB | 
spec-app-owner-components-item-form-modal.component.spec.js                                          | spec-app-owner-components-item-form-modal.component.spec                                          |  40.52 kB | 
spec-app-owner-settings-profile-branding-branding.component.spec.js                                  | spec-app-owner-settings-profile-branding-branding.component.spec                                  |  40.36 kB | 
spec-app-shared-components-notification-center.component.spec.js                                     | spec-app-shared-components-notification-center.component.spec                                     |  40.10 kB | 
spec-app-auth-consignor-signup-step2.component.spec.js                                               | spec-app-auth-consignor-signup-step2.component.spec                                               |  37.60 kB | 
spec-app-auth-owner-signup-step1.component.spec.js                                                   | spec-app-auth-owner-signup-step1.component.spec                                                   |  36.30 kB | 
spec-app-auth-login-simple.component.spec.js                                                         | spec-app-auth-login-simple.component.spec                                                         |  35.76 kB | 
chunk-PVWEESYX.js                                                                                    | -                                                                                                 |  31.96 kB | 
spec-app-owner-settings-business-tax-settings.component.spec.js                                      | spec-app-owner-settings-business-tax-settings.component.spec                                      |  31.90 kB | 
spec-app-auth-consignor-shop-onboarding.component.spec.js                                            | spec-app-auth-consignor-shop-onboarding.component.spec                                            |  31.61 kB | 
spec-app-features-consignor-items-item-list-item-list.component.spec.js                              | spec-app-features-consignor-items-item-list-item-list.component.spec                              |  30.83 kB | 
spec-app-owner-components-record-sale.component.spec.js                                              | spec-app-owner-components-record-sale.component.spec                                              |  30.06 kB | 
spec-app-owner-settings-business-receipt-settings-receipt-settings.component.spec.js                 | spec-app-owner-settings-business-receipt-settings-receipt-settings.component.spec                 |  28.45 kB | 
chunk-6R75ES3U.js                                                                                    | -                                                                                                 |  27.75 kB | 
spec-app-public-role-selection.component.spec.js                                                     | spec-app-public-role-selection.component.spec                                                     |  27.72 kB | 
chunk-GPE7TQSF.js                                                                                    | -                                                                                                 |  26.79 kB | 
spec-app-owner-components-item-detail.component.spec.js                                              | spec-app-owner-components-item-detail.component.spec                                              |  26.25 kB | 
chunk-GFD653X4.js                                                                                    | -                                                                                                 |  25.65 kB | 
spec-app-auth-register-success.component.spec.js                                                     | spec-app-auth-register-success.component.spec                                                     |  25.54 kB | 
spec-app-consignor-components-modals-respond-price-change-respond-price-change.component.spec.js     | spec-app-consignor-components-modals-respond-price-change-respond-price-change.component.spec     |  25.16 kB | 
chunk-YCFIZ6TG.js                                                                                    | -                                                                                                 |  24.83 kB | 
chunk-E367AX2J.js                                                                                    | -                                                                                                 |  23.85 kB | 
chunk-EFDAIHCI.js                                                                                    | -                                                                                                 |  23.52 kB | 
spec-app-consignor-components-earnings-widget.component.spec.js                                      | spec-app-consignor-components-earnings-widget.component.spec                                      |  23.45 kB | 
chunk-V7A2EECK.js                                                                                    | -                                                                                                 |  23.05 kB | 
spec-app-shared-components-app-header.component.spec.js                                              | spec-app-shared-components-app-header.component.spec                                              |  22.50 kB | 
chunk-XFQXOMLW.js                                                                                    | -                                                                                                 |  22.23 kB | 
spec-app-shared-components-social-auth.component.spec.js                                             | spec-app-shared-components-social-auth.component.spec                                             |  21.52 kB | 
chunk-SL4OB2DY.js                                                                                    | -                                                                                                 |  20.44 kB | 
chunk-536PSOES.js                                                                                    | -                                                                                                 |  20.43 kB | 
chunk-7KNHRHLU.js                                                                                    | -                                                                                                 |  19.82 kB | 
spec-app-consignor-components-modals-request-return-request-return.component.spec.js                 | spec-app-consignor-components-modals-request-return-request-return.component.spec                 |  18.76 kB | 
spec-app-shopper-services-shopper-store.service.spec.js                                              | spec-app-shopper-services-shopper-store.service.spec                                              |  18.73 kB | 
spec-app-services-auth.interceptor.spec.js                                                           | spec-app-services-auth.interceptor.spec                                                           |  18.60 kB | 
spec-app-auth-register.component.spec.js                                                             | spec-app-auth-register.component.spec                                                             |  18.50 kB | 
spec-app-features-consignor-statements-statements.component.spec.js                                  | spec-app-features-consignor-statements-statements.component.spec                                  |  17.81 kB | 
spec-app-shopper-services-shopper-auth.service.spec.js                                               | spec-app-shopper-services-shopper-auth.service.spec                                               |  17.09 kB | 
spec-app-auth-unauthorized.component.spec.js                                                         | spec-app-auth-unauthorized.component.spec                                                         |  16.94 kB | 
spec-app-shopper-services-shopper-catalog.service.spec.js                                            | spec-app-shopper-services-shopper-catalog.service.spec                                            |  15.63 kB | 
spec-app-shopper-services-shopper-cart.service.spec.js                                               | spec-app-shopper-services-shopper-cart.service.spec                                               |  14.46 kB | 
chunk-PEVBPZ7X.js                                                                                    | -                                                                                                 |  13.78 kB | 
chunk-F3RODE3I.js                                                                                    | -                                                                                                 |  13.20 kB | 
spec-app-services-auth.service.spec.js                                                               | spec-app-services-auth.service.spec                                                               |  12.68 kB | 
chunk-2XJEYJ66.js                                                                                    | -                                                                                                 |  12.22 kB | 
spec-app-shared-services-onboarding.service.spec.js                                                  | spec-app-shared-services-onboarding.service.spec                                                  |  11.52 kB | 
spec-app-shared-components-app-footer.component.spec.js                                              | spec-app-shared-components-app-footer.component.spec                                              |  11.37 kB | 
spec-app-features-consignor-items-modals-respond-price-change-respond-price-change.component.spec.js | spec-app-features-consignor-items-modals-respond-price-change-respond-price-change.component.spec |  10.59 kB | 
chunk-SPXDMAYF.js                                                                                    | -                                                                                                 |  10.14 kB | 
chunk-4JPFAREE.js                                                                                    | -                                                                                                 |   9.80 kB | 
chunk-D7HQODNI.js                                                                                    | -                                                                                                 |   9.75 kB | 
spec-app-owner-components-owner-footer.component.spec.js                                             | spec-app-owner-components-owner-footer.component.spec                                             |   9.69 kB | 
spec-app-admin-components-admin-header.component.spec.js                                             | spec-app-admin-components-admin-header.component.spec                                             |   9.65 kB | 
spec-app-owner-components-suggestion-box-modal.component.spec.js                                     | spec-app-owner-components-suggestion-box-modal.component.spec                                     |   9.61 kB | 
chunk-RGH6UDPA.js                                                                                    | -                                                                                                 |   9.53 kB | 
spec-app-shared-config-notification.config.spec.js                                                   | spec-app-shared-config-notification.config.spec                                                   |   9.43 kB | 
spec-app-services-payout.service.spec.js                                                             | spec-app-services-payout.service.spec                                                             |   9.35 kB | 
chunk-MB4OP2PT.js                                                                                    | -                                                                                                 |   9.14 kB | 
spec-app-consignor-components-status-badge.component.spec.js                                         | spec-app-consignor-components-status-badge.component.spec                                         |   9.12 kB | 
chunk-BYBIWN6N.js                                                                                    | -                                                                                                 |   8.89 kB | 
spec-app-owner-components-item-search.component.spec.js                                              | spec-app-owner-components-item-search.component.spec                                              |   8.73 kB | 
spec-app-features-consignor-services-mock-statement.service.spec.js                                  | spec-app-features-consignor-services-mock-statement.service.spec                                  |   8.56 kB | 
chunk-ZBJFXCXZ.js                                                                                    | -                                                                                                 |   8.52 kB | 
chunk-NHGLB3TS.js                                                                                    | -                                                                                                 |   8.28 kB | 
spec-app-consignor-services-consignor-portal.service.spec.js                                         | spec-app-consignor-services-consignor-portal.service.spec                                         |   7.93 kB | 
spec-app-shared-components-notification-bell.component.spec.js                                       | spec-app-shared-components-notification-bell.component.spec                                       |   7.84 kB | 
chunk-BKUVDWUN.js                                                                                    | -                                                                                                 |   7.74 kB | 
chunk-3GYY4EQM.js                                                                                    | -                                                                                                 |   7.22 kB | 
spec-app-shared-components-invite-consignor-modal.component.spec.js                                  | spec-app-shared-components-invite-consignor-modal.component.spec                                  |   6.42 kB | 
spec-app-services-admin.service.spec.js                                                              | spec-app-services-admin.service.spec                                                              |   6.37 kB | 
spec-app-services-owner-invitation.service.spec.js                                                   | spec-app-services-owner-invitation.service.spec                                                   |   6.33 kB | 
chunk-3OLGIQPF.js                                                                                    | -                                                                                                 |   6.19 kB | 
styles.css                                                                                           | styles                                                                                            |   6.10 kB | 
spec-app-services-item.service.spec.js                                                               | spec-app-services-item.service.spec                                                               |   6.03 kB | 
spec-app-features-consignor-items-item-card-item-card.component.spec.js                              | spec-app-features-consignor-items-item-card-item-card.component.spec                              |   5.76 kB | 
spec-app-owner-components-cart.component.spec.js                                                     | spec-app-owner-components-cart.component.spec                                                     |   5.41 kB | 
spec-app-shared-components-status-badge.component.spec.js                                            | spec-app-shared-components-status-badge.component.spec                                            |   5.27 kB | 
spec-app-owner-components-modals-initiate-price-change-initiate-price-change.component.spec.js       | spec-app-owner-components-modals-initiate-price-change-initiate-price-change.component.spec       |   5.24 kB | 
spec-app-services-record-sale.service.spec.js                                                        | spec-app-services-record-sale.service.spec                                                        |   4.82 kB | 
chunk-BVFRNGUS.js                                                                                    | -                                                                                                 |   4.65 kB | 
chunk-UBGA3OIX.js                                                                                    | -                                                                                                 |   4.54 kB | 
spec-app-features-consignor-items-services-mock-consignor-item.service.spec.js                       | spec-app-features-consignor-items-services-mock-consignor-item.service.spec                       |   4.50 kB | 
chunk-4IXTR33C.js                                                                                    | -                                                                                                 |   3.24 kB | 
spec-app-services-condition.service.spec.js                                                          | spec-app-services-condition.service.spec                                                          |   3.01 kB | 
spec-app-shared-services-loading.service.spec.js                                                     | spec-app-shared-services-loading.service.spec                                                     |   2.96 kB | 
spec-app-services-inventory.service.spec.js                                                          | spec-app-services-inventory.service.spec                                                          |   2.43 kB | 
chunk-V6FC2DIM.js                                                                                    | -                                                                                                 |   2.42 kB | 
chunk-26TMYH7D.js                                                                                    | -                                                                                                 |   2.14 kB | 
chunk-BCTSGYEM.js                                                                                    | -                                                                                                 |   2.08 kB | 
spec-app-consignor-services-mock-consignor-item.service.spec.js                                      | spec-app-consignor-services-mock-consignor-item.service.spec                                      |   1.95 kB | 
chunk-D6TFO666.js                                                                                    | -                                                                                                 |   1.90 kB | 
chunk-MYBIOAHD.js                                                                                    | -                                                                                                 |   1.24 kB | 
chunk-KVXAFMSH.js                                                                                    | -                                                                                                 | 918 bytes | 
chunk-X6LRNAUQ.js                                                                                    | -                                                                                                 | 783 bytes | 
chunk-QK2PNRO2.js                                                                                    | -                                                                                                 | 690 bytes | 
test_main.js                                                                                         | test_main                                                                                         | 610 bytes | 
jasmine-cleanup-0.js                                                                                 | jasmine-cleanup-0                                                                                 | 519 bytes | 

                                                                                                     | Initial total                                                                                     |   6.76 MB

Application bundle generation complete. [26.932 seconds] - 2026-01-03T14:17:31.480Z

[32m03 01 2026 09:17:33.737:INFO [karma-server]: [39mKarma v6.4.4 server started at http://localhost:9876/
[32m03 01 2026 09:17:33.739:INFO [launcher]: [39mLaunching browsers ChromeHeadless with concurrency unlimited
[32m03 01 2026 09:17:33.787:INFO [launcher]: [39mStarting browser ChromeHeadless
[32m03 01 2026 09:17:36.837:INFO [Chrome Headless 140.0.0.0 (Linux 0.0.0)]: [39mConnected on socket v8oSqauvllxQBuajAAAB with id 99315840
Chrome Headless 140.0.0.0 (Linux 0.0.0): Executed 0 of 1097[32m SUCCESS[39m (0 secs / 0 secs)
[1A[2KChrome Headless 140.0.0.0 (Linux 0.0.0): Executed 1 of 1097[32m SUCCESS[39m (0 secs / 0.027 secs)
[1A[2KChrome Headless 140.0.0.0 (Linux 0.0.0): Executed 2 of 1097[32m SUCCESS[39m (0 secs / 0.032 secs)
[1A[2KLOG: [36m'AuthService: Setting auth data, input response:', Object{token: 'new-token', userId: 'user-123', email: 'test@test.com', role: 1, organizationId: 'org-123', organizationName: 'Test Organization', expiresAt: '2026-01-03T15:17:40.238Z'}[39m
Chrome Headless 140.0.0.0 (Linux 0.0.0): Executed 2 of 1097[32m SUCCESS[39m (0 secs / 0.032 secs)
LOG: 'AuthService: Setting auth data, input response:', Object{token: 'new-token', userId: 'user-123', email: 'test@test.com', role: 1, organizationId: 'org-123', organizationName: 'Test Organization', expiresAt: '2026-01-03T15:17:40.238Z'}
[1A[2KLOG: [36m'AuthService: Created userData:', Object{userId: 'user-123', email: 'test@test.com', role: 1, organizationId: 'org-123', organizationName: 'Test Organization'}[39m
Chrome Headless 140.0.0.0 (Linux 0.0.0): Executed 2 of 1097[32m SUCCESS[39m (0 secs / 0.032 secs)
LOG: 'AuthService: Created userData:', Object{userId: 'user-123', email: 'test@test.com', role: 1, organizationId: 'org-123', organizationName: 'Test Organization'}
[1A[2KLOG: [36m'AuthService: Stored auth data in localStorage'[39m
Chrome Headless 140.0.0.0 (Linux 0.0.0): Executed 2 of 1097[32m SUCCESS[39m (0 secs / 0.032 secs)
LOG: 'AuthService: Stored auth data in localStorage'
[1A[2KLOG: [36m'AuthService: Updated currentUserSubject'[39m
Chrome Headless 140.0.0.0 (Linux 0.0.0): Executed 2 of 1097[32m SUCCESS[39m (0 secs / 0.032 secs)
LOG: 'AuthService: Updated currentUserSubject'
[1A[2KLOG: [36m'AuthService: Set tokenInfo signal'[39m
Chrome Headless 140.0.0.0 (Linux 0.0.0): Executed 2 of 1097[32m SUCCESS[39m (0 secs / 0.032 secs)
LOG: 'AuthService: Set tokenInfo signal'
[1A[2KLOG: [36m'AuthService: Set isLoggedIn to true'[39m
Chrome Headless 140.0.0.0 (Linux 0.0.0): Executed 2 of 1097[32m SUCCESS[39m (0 secs / 0.032 secs)
LOG: 'AuthService: Set isLoggedIn to true'
[1A[2KChrome Headless 140.0.0.0 (Linux 0.0.0): Executed 3 of 1097[32m SUCCESS[39m (0 secs / 0.085 secs)
[1A[2KChrome Headless 140.0.0.0 (Linux 0.0.0): Executed 4 of 1097[32m SUCCESS[39m (0 secs / 0.09 secs)
[1A[2KLOG: [36m'AuthService: Setting auth data, input response:', Object{token: 'new-token', userId: 'user-123', email: 'test@test.com', role: 1, organizationId: 'org-123', organizationName: 'Test Organization', expiresAt: '2026-01-03T15:17:40.253Z'}[39m
Chrome Headless 140.0.0.0 (Linux 0.0.0): Executed 4 of 1097[32m SUCCESS[39m (0 secs / 0.09 secs)
LOG: 'AuthService: Setting auth data, input response:', Object{token: 'new-token', userId: 'user-123', email: 'test@test.com', role: 1, organizationId: 'org-123', organizationName: 'Test Organization', expiresAt: '2026-01-03T15:17:40.253Z'}
[1A[2KLOG: [36m'AuthService: Created userData:', Object{userId: 'user-123', email: 'test@test.com', role: 1, organizationId: 'org-123', organizationName: 'Test Organization'}[39m
Chrome Headless 140.0.0.0 (Linux 0.0.0): Executed 4 of 1097[32m SUCCESS[39m (0 secs / 0.09 secs)
LOG: 'AuthService: Created userData:', Object{userId: 'user-123', email: 'test@test.com', role: 1, organizationId: 'org-123', organizationName: 'Test Organization'}
[1A[2KLOG: [36m'AuthService: Stored auth data in localStorage'[39m
Chrome Headless 140.0.0.0 (Linux 0.0.0): Executed 4 of 1097[32m SUCCESS[39m (0 secs / 0.09 secs)
LOG: 'AuthService: Stored auth data in localStorage'
[1A[2KLOG: [36m'AuthService: Updated currentUserSubject'[39m
Chrome Headless 140.0.0.0 (Linux 0.0.0): Executed 4 of 1097[32m SUCCESS[39m (0 secs / 0.09 secs)
LOG: 'AuthService: Updated currentUserSubject'
[1A[2KLOG: [36m'AuthService: Set tokenInfo signal'[39m
Chrome Headless 140.0.0.0 (Linux 0.0.0): Executed 4 of 1097[32m SUCCESS[39m (0 secs / 0.09 secs)
LOG: 'AuthService: Set tokenInfo signal'
[1A[2KLOG: [36m'AuthService: Set isLoggedIn to true'[39m
Chrome Headless 140.0.0.0 (Linux 0.0.0): Executed 4 of 1097[32m SUCCESS[39m (0 secs / 0.09 secs)
LOG: 'AuthService: Set isLoggedIn to true'
[1A[2KLOG: [36m'AuthService: Retrieved token from localStorage'[39m
Chrome Headless 140.0.0.0 (Linux 0.0.0): Executed 4 of 1097[32m SUCCESS[39m (0 secs / 0.09 secs)
LOG: 'AuthService: Retrieved token from localStorage'
[1A[2KERROR: [36m'AuthService: Failed to decode token:', DOMException{}[39m
Chrome Headless 140.0.0.0 (Linux 0.0.0): Executed 4 of 1097[32m SUCCESS[39m (0 secs / 0.09 secs)
ERROR: 'AuthService: Failed to decode token:', DOMException{}
[1A[2KChrome Headless 140.0.0.0 (Linux 0.0.0): Executed 5 of 1097[32m SUCCESS[39m (0 secs / 0.096 secs)
[1A[2KLOG: [36m'AuthService: No token found in localStorage'[39m
Chrome Headless 140.0.0.0 (Linux 0.0.0): Executed 5 of 1097[32m SUCCESS[39m (0 secs / 0.096 secs)
LOG: 'AuthService: No token found in localStorage'
[1A[2KChrome Headless 140.0.0.0 (Linux 0.0.0): Executed 6 of 1097[32m SUCCESS[39m (0 secs / 0.1 secs)
[1A[2KChrome Headless 140.0.0.0 (Linux 0.0.0): Executed 7 of 1097[32m SUCCESS[39m (0 secs / 0.103 secs)
[1A[2KLOG: [36m'AuthService: Setting auth data, input response:', Object{token: 'mock-token', userId: 'user-123', email: 'test@test.com', role: 1, organizationId: 'org-123', organizationName: 'Test Organization', expiresAt: '2026-01-03T15:17:40.269Z'}[39m
Chrome Headless 140.0.0.0 (Linux 0.0.0): Executed 7 of 1097[32m SUCCESS[39m (0 secs / 0.103 secs)
LOG: 'AuthService: Setting auth data, input response:', Object{token: 'mock-token', userId: 'user-123', email: 'test@test.com', role: 1, organizationId: 'org-123', organizationName: 'Test Organization', expiresAt: '2026-01-03T15:17:40.269Z'}
[1A[2KLOG: [36m'AuthService: Created userData:', Object{userId: 'user-123', email: 'test@test.com', role: 1, organizationId: 'org-123', organizationName: 'Test Organization'}[39m
Chrome Headless 140.0.0.0 (Linux 0.0.0): Executed 7 of 1097[32m SUCCESS[39m (0 secs / 0.103 secs)
LOG: 'AuthService: Created userData:', Object{userId: 'user-123', email: 'test@test.com', role: 1, organizationId: 'org-123', organizationName: 'Test Organization'}
[1A[2KLOG: [36m'AuthService: Stored auth data in localStorage'[39m
Chrome Headless 140.0.0.0 (Linux 0.0.0): Executed 7 of 1097[32m SUCCESS[39m (0 secs / 0.103 secs)
LOG: 'AuthService: Stored auth data in localStorage'
[1A[2KLOG: [36m'AuthService: Updated currentUserSubject'[39m
Chrome Headless 140.0.0.0 (Linux 0.0.0): Executed 7 of 1097[32m SUCCESS[39m (0 secs / 0.103 secs)
LOG: 'AuthService: Updated currentUserSubject'
[1A[2KLOG: [36m'AuthService: Set tokenInfo signal'[39m
Chrome Headless 140.0.0.0 (Linux 0.0.0): Executed 7 of 1097[32m SUCCESS[39m (0 secs / 0.103 secs)
LOG: 'AuthService: Set tokenInfo signal'
[1A[2KLOG: [36m'AuthService: Set isLoggedIn to true'[39m
Chrome Headless 140.0.0.0 (Linux 0.0.0): Executed 7 of 1097[32m SUCCESS[39m (0 secs / 0.103 secs)
LOG: 'AuthService: Set isLoggedIn to true'
[1A[2KChrome Headless 140.0.0.0 (Linux 0.0.0): Executed 8 of 1097[32m SUCCESS[39m (0 secs / 0.108 secs)
[1A[2KChrome Headless 140.0.0.0 (Linux 0.0.0): Executed 9 of 1097[32m SUCCESS[39m (0 secs / 0.113 secs)
[1A[2KChrome Headless 140.0.0.0 (Linux 0.0.0): Executed 10 of 1097[32m SUCCESS[39m (0 secs / 0.117 secs)
[1A[2KLOG: [36m'AuthService: No token found in localStorage'[39m
Chrome Headless 140.0.0.0 (Linux 0.0.0): Executed 10 of 1097[32m SUCCESS[39m (0 secs / 0.117 secs)
LOG: 'AuthService: No token found in localStorage'
[1A[2KChrome Headless 140.0.0.0 (Linux 0.0.0): Executed 11 of 1097[32m SUCCESS[39m (0 secs / 0.12 secs)
[1A[2KLOG: [36m'AuthService: No token found in localStorage'[39m
Chrome Headless 140.0.0.0 (Linux 0.0.0): Executed 11 of 1097[32m SUCCESS[39m (0 secs / 0.12 secs)
LOG: 'AuthService: No token found in localStorage'
[1A[2KChrome Headless 140.0.0.0 (Linux 0.0.0): Executed 12 of 1097[32m SUCCESS[39m (0 secs / 0.123 secs)
[1A[2KChrome Headless 140.0.0.0 (Linux 0.0.0): Executed 13 of 1097[32m SUCCESS[39m (0 secs / 0.14 secs)
[1A[2KChrome Headless 140.0.0.0 (Linux 0.0.0): Executed 14 of 1097[32m SUCCESS[39m (0 secs / 0.143 secs)
[1A[2KLOG: [36m'AuthService: Retrieved token from localStorage'[39m
Chrome Headless 140.0.0.0 (Linux 0.0.0): Executed 14 of 1097[32m SUCCESS[39m (0 secs / 0.143 secs)
LOG: 'AuthService: Retrieved token from localStorage'
[1A[2KERROR: [36m'AuthService: Failed to decode token:', DOMException{}[39m
Chrome Headless 140.0.0.0 (Linux 0.0.0): Executed 14 of 1097[32m SUCCESS[39m (0 secs / 0.143 secs)
ERROR: 'AuthService: Failed to decode token:', DOMException{}
[1A[2KChrome Headless 140.0.0.0 (Linux 0.0.0): Executed 15 of 1097[32m SUCCESS[39m (0 secs / 0.146 secs)
[1A[2KLOG: [36m'AuthService: Retrieved token from localStorage'[39m
Chrome Headless 140.0.0.0 (Linux 0.0.0): Executed 15 of 1097[32m SUCCESS[39m (0 secs / 0.146 secs)
LOG: 'AuthService: Retrieved token from localStorage'
[1A[2KERROR: [36m'AuthService: Failed to decode token:', DOMException{}[39m
Chrome Headless 140.0.0.0 (Linux 0.0.0): Executed 15 of 1097[32m SUCCESS[39m (0 secs / 0.146 secs)
ERROR: 'AuthService: Failed to decode token:', DOMException{}
[1A[2KChrome Headless 140.0.0.0 (Linux 0.0.0): Executed 16 of 1097[32m SUCCESS[39m (0 secs / 0.15 secs)
[1A[2KChrome Headless 140.0.0.0 (Linux 0.0.0): Executed 17 of 1097[32m SUCCESS[39m (0 secs / 0.153 secs)
[1A[2KChrome Headless 140.0.0.0 (Linux 0.0.0): Executed 18 of 1097[32m SUCCESS[39m (0 secs / 0.156 secs)
[1A[2KChrome Headless 140.0.0.0 (Linux 0.0.0): Executed 19 of 1097[32m SUCCESS[39m (0 secs / 0.16 secs)
[1A[2KLOG: [36m'AuthService: Raw login response:', Object{token: 'mock-token', userId: 'user-123', email: 'test@test.com', role: 1, organizationId: 'org-123', organizationName: 'Test Organization', expiresAt: '2026-01-03T15:17:40.335Z'}[39m
Chrome Headless 140.0.0.0 (Linux 0.0.0): Executed 19 of 1097[32m SUCCESS[39m (0 secs / 0.16 secs)
LOG: 'AuthService: Raw login response:', Object{token: 'mock-token', userId: 'user-123', email: 'test@test.com', role: 1, organizationId: 'org-123', organizationName: 'Test Organization', expiresAt: '2026-01-03T15:17:40.335Z'}
[1A[2KLOG: [36m'AuthService: Extracting auth data from response:', Object{token: 'mock-token', userId: 'user-123', email: 'test@test.com', role: 1, organizationId: 'org-123', organizationName: 'Test Organization', expiresAt: '2026-01-03T15:17:40.335Z'}[39m
Chrome Headless 140.0.0.0 (Linux 0.0.0): Executed 19 of 1097[32m SUCCESS[39m (0 secs / 0.16 secs)
LOG: 'AuthService: Extracting auth data from response:', Object{token: 'mock-token', userId: 'user-123', email: 'test@test.com', role: 1, organizationId: 'org-123', organizationName: 'Test Organization', expiresAt: '2026-01-03T15:17:40.335Z'}
[1A[2KLOG: [36m'AuthService: Using response directly as AuthResponse'[39m
Chrome Headless 140.0.0.0 (Linux 0.0.0): Executed 19 of 1097[32m SUCCESS[39m (0 secs / 0.16 secs)
LOG: 'AuthService: Using response directly as AuthResponse'
[1A[2KLOG: [36m'AuthService: Extracted auth data:', Object{token: 'mock-token', userId: 'user-123', email: 'test@test.com', role: 1, organizationId: 'org-123', organizationName: 'Test Organization', expiresAt: '2026-01-03T15:17:40.335Z'}[39m
Chrome Headless 140.0.0.0 (Linux 0.0.0): Executed 19 of 1097[32m SUCCESS[39m (0 secs / 0.16 secs)
LOG: 'AuthService: Extracted auth data:', Object{token: 'mock-token', userId: 'user-123', email: 'test@test.com', role: 1, organizationId: 'org-123', organizationName: 'Test Organization', expiresAt: '2026-01-03T15:17:40.335Z'}
[1A[2KLOG: [36m'AuthService: Setting auth data, input response:', Object{token: 'mock-token', userId: 'user-123', email: 'test@test.com', role: 1, organizationId: 'org-123', organizationName: 'Test Organization', expiresAt: '2026-01-03T15:17:40.335Z'}[39m
Chrome Headless 140.0.0.0 (Linux 0.0.0): Executed 19 of 1097[32m SUCCESS[39m (0 secs / 0.16 secs)
LOG: 'AuthService: Setting auth data, input response:', Object{token: 'mock-token', userId: 'user-123', email: 'test@test.com', role: 1, organizationId: 'org-123', organizationName: 'Test Organization', expiresAt: '2026-01-03T15:17:40.335Z'}
[1A[2KLOG: [36m'AuthService: Created userData:', Object{userId: 'user-123', email: 'test@test.com', role: 1, organizationId: 'org-123', organizationName: 'Test Organization'}[39m
Chrome Headless 140.0.0.0 (Linux 0.0.0): Executed 19 of 1097[32m SUCCESS[39m (0 secs / 0.16 secs)
LOG: 'AuthService: Created userData:', Object{userId: 'user-123', email: 'test@test.com', role: 1, organizationId: 'org-123', organizationName: 'Test Organization'}
[1A[2KLOG: [36m'AuthService: Stored auth data in localStorage'[39m
Chrome Headless 140.0.0.0 (Linux 0.0.0): Executed 19 of 1097[32m SUCCESS[39m (0 secs / 0.16 secs)
LOG: 'AuthService: Stored auth data in localStorage'
[1A[2KLOG: [36m'AuthService: Updated currentUserSubject'[39m
Chrome Headless 140.0.0.0 (Linux 0.0.0): Executed 19 of 1097[32m SUCCESS[39m (0 secs / 0.16 secs)
LOG: 'AuthService: Updated currentUserSubject'
[1A[2KLOG: [36m'AuthService: Set tokenInfo signal'[39m
Chrome Headless 140.0.0.0 (Linux 0.0.0): Executed 19 of 1097[32m SUCCESS[39m (0 secs / 0.16 secs)
LOG: 'AuthService: Set tokenInfo signal'
[1A[2KLOG: [36m'AuthService: Set isLoggedIn to true'[39m
Chrome Headless 140.0.0.0 (Linux 0.0.0): Executed 19 of 1097[32m SUCCESS[39m (0 secs / 0.16 secs)
LOG: 'AuthService: Set isLoggedIn to true'
[1A[2KLOG: [36m'AuthService: Auth data set successfully'[39m
Chrome Headless 140.0.0.0 (Linux 0.0.0): Executed 19 of 1097[32m SUCCESS[39m (0 secs / 0.16 secs)
LOG: 'AuthService: Auth data set successfully'
[1A[2KChrome Headless 140.0.0.0 (Linux 0.0.0): Executed 20 of 1097[32m SUCCESS[39m (0 secs / 0.165 secs)
[1A[2KLOG: [36m'AuthService: Raw login response:', Object{success: true, data: Object{token: 'mock-token', userId: 'user-123', email: 'test@test.com', role: 1, organizationId: 'org-123', organizationName: 'Test Organization', expiresAt: '2026-01-03T15:17:40.341Z'}, message: 'Login successful'}[39m
Chrome Headless 140.0.0.0 (Linux 0.0.0): Executed 20 of 1097[32m SUCCESS[39m (0 secs / 0.165 secs)
LOG: 'AuthService: Raw login response:', Object{success: true, data: Object{token: 'mock-token', userId: 'user-123', email: 'test@test.com', role: 1, organizationId: 'org-123', organizationName: 'Test Organization', expiresAt: '2026-01-03T15:17:40.341Z'}, message: 'Login successful'}
[1A[2KLOG: [36m'AuthService: Extracting auth data from response:', Object{success: true, data: Object{token: 'mock-token', userId: 'user-123', email: 'test@test.com', role: 1, organizationId: 'org-123', organizationName: 'Test Organization', expiresAt: '2026-01-03T15:17:40.341Z'}, message: 'Login successful'}[39m
Chrome Headless 140.0.0.0 (Linux 0.0.0): Executed 20 of 1097[32m SUCCESS[39m (0 secs / 0.165 secs)
LOG: 'AuthService: Extracting auth data from response:', Object{success: true, data: Object{token: 'mock-token', userId: 'user-123', email: 'test@test.com', role: 1, organizationId: 'org-123', organizationName: 'Test Organization', expiresAt: '2026-01-03T15:17:40.341Z'}, message: 'Login successful'}
[1A[2KLOG: [36m'AuthService: Found wrapped response, extracting data field'[39m
Chrome Headless 140.0.0.0 (Linux 0.0.0): Executed 20 of 1097[32m SUCCESS[39m (0 secs / 0.165 secs)
LOG: 'AuthService: Found wrapped response, extracting data field'
[1A[2KLOG: [36m'AuthService: Extracted data:', Object{token: 'mock-token', userId: 'user-123', email: 'test@test.com', role: 1, organizationId: 'org-123', organizationName: 'Test Organization', expiresAt: '2026-01-03T15:17:40.341Z'}[39m
Chrome Headless 140.0.0.0 (Linux 0.0.0): Executed 20 of 1097[32m SUCCESS[39m (0 secs / 0.165 secs)
LOG: 'AuthService: Extracted data:', Object{token: 'mock-token', userId: 'user-123', email: 'test@test.com', role: 1, organizationId: 'org-123', organizationName: 'Test Organization', expiresAt: '2026-01-03T15:17:40.341Z'}
[1A[2KLOG: [36m'AuthService: Extracted auth data:', Object{token: 'mock-token', userId: 'user-123', email: 'test@test.com', role: 1, organizationId: 'org-123', organizationName: 'Test Organization', expiresAt: '2026-01-03T15:17:40.341Z'}[39m
Chrome Headless 140.0.0.0 (Linux 0.0.0): Executed 20 of 1097[32m SUCCESS[39m (0 secs / 0.165 secs)
LOG: 'AuthService: Extracted auth data:', Object{token: 'mock-token', userId: 'user-123', email: 'test@test.com', role: 1, organizationId: 'org-123', organizationName: 'Test Organization', expiresAt: '2026-01-03T15:17:40.341Z'}
[1A[2KLOG: [36m'AuthService: Setting auth data, input response:', Object{token: 'mock-token', userId: 'user-123', email: 'test@test.com', role: 1, organizationId: 'org-123', organizationName: 'Test Organization', expiresAt: '2026-01-03T15:17:40.341Z'}[39m
Chrome Headless 140.0.0.0 (Linux 0.0.0): Executed 20 of 1097[32m SUCCESS[39m (0 secs / 0.165 secs)
LOG: 'AuthService: Setting auth data, input response:', Object{token: 'mock-token', userId: 'user-123', email: 'test@test.com', role: 1, organizationId: 'org-123', organizationName: 'Test Organization', expiresAt: '2026-01-03T15:17:40.341Z'}
[1A[2KLOG: [36m'AuthService: Created userData:', Object{userId: 'user-123', email: 'test@test.com', role: 1, organizationId: 'org-123', organizationName: 'Test Organization'}[39m
Chrome Headless 140.0.0.0 (Linux 0.0.0): Executed 20 of 1097[32m SUCCESS[39m (0 secs / 0.165 secs)
LOG: 'AuthService: Created userData:', Object{userId: 'user-123', email: 'test@test.com', role: 1, organizationId: 'org-123', organizationName: 'Test Organization'}
[1A[2KLOG: [36m'AuthService: Stored auth data in localStorage'[39m
Chrome Headless 140.0.0.0 (Linux 0.0.0): Executed 20 of 1097[32m SUCCESS[39m (0 secs / 0.165 secs)
LOG: 'AuthService: Stored auth data in localStorage'
[1A[2KLOG: [36m'AuthService: Updated currentUserSubject'[39m
Chrome Headless 140.0.0.0 (Linux 0.0.0): Executed 20 of 1097[32m SUCCESS[39m (0 secs / 0.165 secs)
LOG: 'AuthService: Updated currentUserSubject'
[1A[2KLOG: [36m'AuthService: Set tokenInfo signal'[39m
Chrome Headless 140.0.0.0 (Linux 0.0.0): Executed 20 of 1097[32m SUCCESS[39m (0 secs / 0.165 secs)
LOG: 'AuthService: Set tokenInfo signal'
[1A[2KLOG: [36m'AuthService: Set isLoggedIn to true'[39m
Chrome Headless 140.0.0.0 (Linux 0.0.0): Executed 20 of 1097[32m SUCCESS[39m (0 secs / 0.165 secs)
LOG: 'AuthService: Set isLoggedIn to true'
[1A[2KLOG: [36m'AuthService: Auth data set successfully'[39m
Chrome Headless 140.0.0.0 (Linux 0.0.0): Executed 20 of 1097[32m SUCCESS[39m (0 secs / 0.165 secs)
LOG: 'AuthService: Auth data set successfully'
[1A[2KChrome Headless 140.0.0.0 (Linux 0.0.0): Executed 21 of 1097[32m SUCCESS[39m (0 secs / 0.169 secs)
[1A[2KChrome Headless 140.0.0.0 (Linux 0.0.0): Executed 22 of 1097[32m SUCCESS[39m (0 secs / 0.171 secs)
[1A[2KChrome Headless 140.0.0.0 (Linux 0.0.0): Executed 23 of 1097[32m SUCCESS[39m (0 secs / 0.175 secs)
[1A[2KChrome Headless 140.0.0.0 (Linux 0.0.0): Executed 24 of 1097[32m SUCCESS[39m (0 secs / 0.18 secs)
[1A[2KChrome Headless 140.0.0.0 (Linux 0.0.0): Executed 25 of 1097[32m SUCCESS[39m (0 secs / 0.183 secs)
[1A[2KChrome Headless 140.0.0.0 (Linux 0.0.0): Executed 26 of 1097[32m SUCCESS[39m (0 secs / 0.186 secs)
[1A[2KChrome Headless 140.0.0.0 (Linux 0.0.0): Executed 27 of 1097[32m SUCCESS[39m (0 secs / 0.188 secs)
[1A[2KLOG: [36m'AuthService: Setting auth data, input response:', Object{token: 'mock-jwt-token', userId: 'mock-user-1767449860458', email: 'test@example.com', role: 2, organizationId: 'mock-org-1767449860458', organizationName: 'Test User's Shop', expiresAt: '2026-01-04T14:17:40.458Z', isNewUser: false, needsProfileCompletion: false}[39m
Chrome Headless 140.0.0.0 (Linux 0.0.0): Executed 27 of 1097[32m SUCCESS[39m (0 secs / 0.188 secs)
LOG: 'AuthService: Setting auth data, input response:', Object{token: 'mock-jwt-token', userId: 'mock-user-1767449860458', email: 'test@example.com', role: 2, organizationId: 'mock-org-1767449860458', organizationName: 'Test User's Shop', expiresAt: '2026-01-04T14:17:40.458Z', isNewUser: false, needsProfileCompletion: false}
[1A[2KLOG: [36m'AuthService: Created userData:', Object{userId: 'mock-user-1767449860458', email: 'test@example.com', role: 2, organizationId: 'mock-org-1767449860458', organizationName: 'Test User's Shop'}[39m
Chrome Headless 140.0.0.0 (Linux 0.0.0): Executed 27 of 1097[32m SUCCESS[39m (0 secs / 0.188 secs)
LOG: 'AuthService: Created userData:', Object{userId: 'mock-user-1767449860458', email: 'test@example.com', role: 2, organizationId: 'mock-org-1767449860458', organizationName: 'Test User's Shop'}
[1A[2KLOG: [36m'AuthService: Stored auth data in localStorage'[39m
Chrome Headless 140.0.0.0 (Linux 0.0.0): Executed 27 of 1097[32m SUCCESS[39m (0 secs / 0.188 secs)
LOG: 'AuthService: Stored auth data in localStorage'
[1A[2KLOG: [36m'AuthService: Updated currentUserSubject'[39m
Chrome Headless 140.0.0.0 (Linux 0.0.0): Executed 27 of 1097[32m SUCCESS[39m (0 secs / 0.188 secs)
LOG: 'AuthService: Updated currentUserSubject'
[1A[2KLOG: [36m'AuthService: Set tokenInfo signal'[39m
Chrome Headless 140.0.0.0 (Linux 0.0.0): Executed 27 of 1097[32m SUCCESS[39m (0 secs / 0.188 secs)
LOG: 'AuthService: Set tokenInfo signal'
[1A[2KLOG: [36m'AuthService: Set isLoggedIn to true'[39m
Chrome Headless 140.0.0.0 (Linux 0.0.0): Executed 27 of 1097[32m SUCCESS[39m (0 secs / 0.188 secs)
LOG: 'AuthService: Set isLoggedIn to true'
[1A[2KChrome Headless 140.0.0.0 (Linux 0.0.0): Executed 28 of 1097[32m SUCCESS[39m (0 secs / 0.25 secs)
[1A[2KChrome Headless 140.0.0.0 (Linux 0.0.0): Executed 29 of 1097[32m SUCCESS[39m (0 secs / 0.257 secs)
[1A[2KChrome Headless 140.0.0.0 (Linux 0.0.0): Executed 30 of 1097[32m SUCCESS[39m (0 secs / 0.262 secs)
[1A[2KChrome Headless 140.0.0.0 (Linux 0.0.0): Executed 31 of 1097[32m SUCCESS[39m (0 secs / 0.268 secs)
[1A[2KChrome Headless 140.0.0.0 (Linux 0.0.0): Executed 32 of 1097[32m SUCCESS[39m (0 secs / 0.282 secs)
[1A[2KChrome Headless 140.0.0.0 (Linux 0.0.0): Executed 33 of 1097[32m SUCCESS[39m (0 secs / 0.288 secs)
[1A[2KChrome Headless 140.0.0.0 (Linux 0.0.0): Executed 34 of 1097[32m SUCCESS[39m (0 secs / 0.295 secs)
[1A[2KChrome Headless 140.0.0.0 (Linux 0.0.0): Executed 35 of 1097[32m SUCCESS[39m (0 secs / 0.301 secs)
[1A[2KChrome Headless 140.0.0.0 (Linux 0.0.0): Executed 36 of 1097[32m SUCCESS[39m (0 secs / 0.311 secs)
[1A[2KChrome Headless 140.0.0.0 (Linux 0.0.0): Executed 37 of 1097[32m SUCCESS[39m (0 secs / 0.318 secs)
[1A[2KChrome Headless 140.0.0.0 (Linux 0.0.0): Executed 38 of 1097[32m SUCCESS[39m (0 secs / 0.325 secs)
[1A[2KChrome Headless 140.0.0.0 (Linux 0.0.0): Executed 39 of 1097[32m SUCCESS[39m (0 secs / 0.331 secs)
[1A[2KChrome Headless 140.0.0.0 (Linux 0.0.0): Executed 40 of 1097[32m SUCCESS[39m (0 secs / 0.336 secs)
[1A[2KChrome Headless 140.0.0.0 (Linux 0.0.0): Executed 41 of 1097[32m SUCCESS[39m (0 secs / 0.34 secs)
[1A[2KChrome Headless 140.0.0.0 (Linux 0.0.0): Executed 42 of 1097[32m SUCCESS[39m (0 secs / 0.344 secs)
[1A[2KChrome Headless 140.0.0.0 (Linux 0.0.0): Executed 43 of 1097[32m SUCCESS[39m (0 secs / 0.349 secs)
[1A[2KChrome Headless 140.0.0.0 (Linux 0.0.0): Executed 44 of 1097[32m SUCCESS[39m (0 secs / 0.353 secs)
[1A[2KChrome Headless 140.0.0.0 (Linux 0.0.0): Executed 45 of 1097[32m SUCCESS[39m (0 secs / 0.357 secs)
[1A[2KChrome Headless 140.0.0.0 (Linux 0.0.0): Executed 46 of 1097[32m SUCCESS[39m (0 secs / 0.359 secs)
[1A[2KChrome Headless 140.0.0.0 (Linux 0.0.0): Executed 47 of 1097[32m SUCCESS[39m (0 secs / 0.361 secs)
[1A[2KChrome Headless 140.0.0.0 (Linux 0.0.0): Executed 48 of 1097[32m SUCCESS[39m (0 secs / 0.363 secs)
[1A[2KChrome Headless 140.0.0.0 (Linux 0.0.0): Executed 49 of 1097[32m SUCCESS[39m (0 secs / 0.365 secs)
[1A[2KChrome Headless 140.0.0.0 (Linux 0.0.0): Executed 50 of 1097[32m SUCCESS[39m (0 secs / 0.368 secs)
[1A[2KChrome Headless 140.0.0.0 (Linux 0.0.0): Executed 51 of 1097[32m SUCCESS[39m (0 secs / 0.37 secs)
[1A[2KChrome Headless 140.0.0.0 (Linux 0.0.0): Executed 52 of 1097[32m SUCCESS[39m (0 secs / 0.373 secs)
[1A[2KChrome Headless 140.0.0.0 (Linux 0.0.0): Executed 53 of 1097[32m SUCCESS[39m (0 secs / 0.376 secs)
[1A[2KChrome Headless 140.0.0.0 (Linux 0.0.0): Executed 54 of 1097[32m SUCCESS[39m (0 secs / 0.378 secs)
[1A[2KChrome Headless 140.0.0.0 (Linux 0.0.0): Executed 55 of 1097[32m SUCCESS[39m (0 secs / 0.381 secs)
[1A[2KChrome Headless 140.0.0.0 (Linux 0.0.0): Executed 56 of 1097[32m SUCCESS[39m (0 secs / 0.384 secs)
[1A[2KERROR: [36m'Error fetching items:', HttpErrorResponse{headers: _HttpHeaders{headers: Map{}, normalizedNames: Map{}, lazyInit: undefined, lazyUpdate: null}, status: 0, statusText: 'Unknown Error', url: 'http://localhost:5000/api/items?status=Available', ok: false, type: undefined, redirected: undefined, name: 'HttpErrorResponse', message: 'Http failure response for http://localhost:5000/api/items?status=Available: 0 ', error: ProgressEvent{isTrusted: false}}[39m
Chrome Headless 140.0.0.0 (Linux 0.0.0): Executed 56 of 1097[32m SUCCESS[39m (0 secs / 0.384 secs)
ERROR: 'Error fetching items:', HttpErrorResponse{headers: _HttpHeaders{headers: Map{}, normalizedNames: Map{}, lazyInit: undefined, lazyUpdate: null}, status: 0, statusText: 'Unknown Error', url: 'http://localhost:5000/api/items?status=Available', ok: false, type: undefined, redirected: undefined, name: 'HttpErrorResponse', message: 'Http failure response for http://localhost:5000/api/items?status=Available: 0 ', error: ProgressEvent{isTrusted: false}}
[1A[2KChrome Headless 140.0.0.0 (Linux 0.0.0): Executed 57 of 1097[32m SUCCESS[39m (0 secs / 0.388 secs)
[1A[2KChrome Headless 140.0.0.0 (Linux 0.0.0): Executed 58 of 1097[32m SUCCESS[39m (0 secs / 0.392 secs)
[1A[2KChrome Headless 140.0.0.0 (Linux 0.0.0): Executed 59 of 1097[32m SUCCESS[39m (0 secs / 0.396 secs)
[1A[2KChrome Headless 140.0.0.0 (Linux 0.0.0): Executed 60 of 1097[32m SUCCESS[39m (0 secs / 0.403 secs)
[1A[2KChrome Headless 140.0.0.0 (Linux 0.0.0): Executed 61 of 1097[32m SUCCESS[39m (0 secs / 0.455 secs)
[1A[2KChrome Headless 140.0.0.0 (Linux 0.0.0): Executed 62 of 1097[32m SUCCESS[39m (0 secs / 0.462 secs)
[1A[2KChrome Headless 140.0.0.0 (Linux 0.0.0): Executed 63 of 1097[32m SUCCESS[39m (0 secs / 0.466 secs)
[1A[2KChrome Headless 140.0.0.0 (Linux 0.0.0): Executed 64 of 1097[32m SUCCESS[39m (0 secs / 0.47 secs)
[1A[2KChrome Headless 140.0.0.0 (Linux 0.0.0): Executed 65 of 1097[32m SUCCESS[39m (0 secs / 0.474 secs)
[1A[2KChrome Headless 140.0.0.0 (Linux 0.0.0): Executed 66 of 1097[32m SUCCESS[39m (0 secs / 0.478 secs)
[1A[2KChrome Headless 140.0.0.0 (Linux 0.0.0): Executed 67 of 1097[32m SUCCESS[39m (0 secs / 0.485 secs)
[1A[2KChrome Headless 140.0.0.0 (Linux 0.0.0): Executed 68 of 1097[32m SUCCESS[39m (0 secs / 0.492 secs)
[1A[2KChrome Headless 140.0.0.0 (Linux 0.0.0): Executed 69 of 1097[32m SUCCESS[39m (0 secs / 0.5 secs)
[1A[2KChrome Headless 140.0.0.0 (Linux 0.0.0): Executed 70 of 1097[32m SUCCESS[39m (0 secs / 0.506 secs)
[1A[2KChrome Headless 140.0.0.0 (Linux 0.0.0): Executed 71 of 1097[32m SUCCESS[39m (0 secs / 0.526 secs)
[1A[2KChrome Headless 140.0.0.0 (Linux 0.0.0): Executed 72 of 1097[32m SUCCESS[39m (0 secs / 0.532 secs)
[1A[2KChrome Headless 140.0.0.0 (Linux 0.0.0): Executed 73 of 1097[32m SUCCESS[39m (0 secs / 0.535 secs)
[1A[2KChrome Headless 140.0.0.0 (Linux 0.0.0): Executed 74 of 1097[32m SUCCESS[39m (0 secs / 0.538 secs)
[1A[2KChrome Headless 140.0.0.0 (Linux 0.0.0): Executed 75 of 1097[32m SUCCESS[39m (0 secs / 0.541 secs)
[1A[2K[31mChrome Headless 140.0.0.0 (Linux 0.0.0) PayoutService should handle search parameters correctly FAILED[39m
	Expected spy HttpClient.get to have been called with:
	  [ 'http://localhost:5000/api/payouts', Object({ params: <jasmine.objectContaining(Object({ keys: <jasmine.arrayContaining([ 'ConsignorId', 'payoutDateFrom', 'payoutDateTo', 'status', 'page', 'pageSize', 'sortBy', 'sortDirection' ])> }))> }) ]
	but actual calls were:
	  [ 'http://localhost:5000/api/payouts', Object({ params: ConsignorId=consignor-123&payoutDateFrom=2024-01-01T00:00:00.000Z&payoutDateTo=2024-01-31T00:00:00.000Z&status=Paid&page=2&pageSize=20&sortBy=amount&sortDirection=asc }) ].
	
	Call 0:
	  Expected $[1].params.keys = Function to equal <jasmine.arrayContaining([ 'ConsignorId', 'payoutDateFrom', 'payoutDateTo', 'status', 'page', 'pageSize', 'sortBy', 'sortDirection' ])>.
	Error: Expected spy HttpClient.get to have been called with:
	  [ 'http://localhost:5000/api/payouts', Object({ params: <jasmine.objectContaining(Object({ keys: <jasmine.arrayContaining([ 'ConsignorId', 'payoutDateFrom', 'payoutDateTo', 'status', 'page', 'pageSize', 'sortBy', 'sortDirection' ])> }))> }) ]
	but actual calls were:
	  [ 'http://localhost:5000/api/payouts', Object({ params: ConsignorId=consignor-123&payoutDateFrom=2024-01-01T00:00:00.000Z&payoutDateTo=2024-01-31T00:00:00.000Z&status=Paid&page=2&pageSize=20&sortBy=amount&sortDirection=asc }) ].
	Call 0:
	  Expected $[1].params.keys = Function to equal <jasmine.arrayContaining([ 'ConsignorId', 'payoutDateFrom', 'payoutDateTo', 'status', 'page', 'pageSize', 'sortBy', 'sortDirection' ])>.
	    at <Jasmine>
	    at UserContext.<anonymous> (src/app/services/payout.service.spec.ts:192:32)
	    at _ZoneDelegate.invoke (node_modules/zone.js/fesm2015/zone.js:398:28)
	    at _ProxyZoneSpec.onInvoke (node_modules/zone.js/fesm2015/zone-testing.js:2132:39)
	    at _ZoneDelegate.invoke (node_modules/zone.js/fesm2015/zone.js:397:34)
Chrome Headless 140.0.0.0 (Linux 0.0.0): Executed 76 of 1097[31m (1 FAILED)[39m (0 secs / 0.549 secs)
[1A[2KChrome Headless 140.0.0.0 (Linux 0.0.0): Executed 77 of 1097[31m (1 FAILED)[39m (0 secs / 0.552 secs)
[1A[2KChrome Headless 140.0.0.0 (Linux 0.0.0): Executed 78 of 1097[31m (1 FAILED)[39m (0 secs / 0.554 secs)
[1A[2KChrome Headless 140.0.0.0 (Linux 0.0.0): Executed 79 of 1097[31m (1 FAILED)[39m (0 secs / 0.557 secs)
[1A[2KChrome Headless 140.0.0.0 (Linux 0.0.0): Executed 80 of 1097[31m (1 FAILED)[39m (0 secs / 0.559 secs)
[1A[2KChrome Headless 140.0.0.0 (Linux 0.0.0): Executed 81 of 1097[31m (1 FAILED)[39m (0 secs / 0.562 secs)
[1A[2K[31mChrome Headless 140.0.0.0 (Linux 0.0.0) PayoutService should handle pending payouts with filters FAILED[39m
	Expected spy HttpClient.get to have been called with:
	  [ 'http://localhost:5000/api/payouts/pending', Object({ params: <jasmine.objectContaining(Object({ keys: <jasmine.arrayContaining([ 'ConsignorId', 'periodEndBefore', 'minimumAmount' ])> }))> }) ]
	but actual calls were:
	  [ 'http://localhost:5000/api/payouts/pending', Object({ params: ConsignorId=consignor-456&periodEndBefore=2024-01-15T00:00:00.000Z&minimumAmount=100 }) ].
	
	Call 0:
	  Expected $[1].params.keys = Function to equal <jasmine.arrayContaining([ 'ConsignorId', 'periodEndBefore', 'minimumAmount' ])>.
	Error: Expected spy HttpClient.get to have been called with:
	  [ 'http://localhost:5000/api/payouts/pending', Object({ params: <jasmine.objectContaining(Object({ keys: <jasmine.arrayContaining([ 'ConsignorId', 'periodEndBefore', 'minimumAmount' ])> }))> }) ]
	but actual calls were:
	  [ 'http://localhost:5000/api/payouts/pending', Object({ params: ConsignorId=consignor-456&periodEndBefore=2024-01-15T00:00:00.000Z&minimumAmount=100 }) ].
	Call 0:
	  Expected $[1].params.keys = Function to equal <jasmine.arrayContaining([ 'ConsignorId', 'periodEndBefore', 'minimumAmount' ])>.
	    at <Jasmine>
	    at UserContext.<anonymous> (src/app/services/payout.service.spec.ts:228:32)
	    at _ZoneDelegate.invoke (node_modules/zone.js/fesm2015/zone.js:398:28)
	    at _ProxyZoneSpec.onInvoke (node_modules/zone.js/fesm2015/zone-testing.js:2132:39)
	    at _ZoneDelegate.invoke (node_modules/zone.js/fesm2015/zone.js:397:34)
Chrome Headless 140.0.0.0 (Linux 0.0.0): Executed 82 of 1097[31m (2 FAILED)[39m (0 secs / 0.567 secs)
[1A[2KChrome Headless 140.0.0.0 (Linux 0.0.0): Executed 83 of 1097[31m (2 FAILED)[39m (0 secs / 0.569 secs)
[1A[2KChrome Headless 140.0.0.0 (Linux 0.0.0): Executed 84 of 1097[31m (2 FAILED)[39m (0 secs / 0.635 secs)
[1A[2KChrome Headless 140.0.0.0 (Linux 0.0.0): Executed 85 of 1097[31m (2 FAILED)[39m (0 secs / 0.646 secs)
[1A[2KChrome Headless 140.0.0.0 (Linux 0.0.0): Executed 86 of 1097[31m (2 FAILED)[39m (0 secs / 0.657 secs)
[1A[2KChrome Headless 140.0.0.0 (Linux 0.0.0): Executed 87 of 1097[31m (2 FAILED)[39m (0 secs / 0.669 secs)
[1A[2KChrome Headless 140.0.0.0 (Linux 0.0.0): Executed 88 of 1097[31m (2 FAILED)[39m (0 secs / 0.681 secs)
[1A[2KChrome Headless 140.0.0.0 (Linux 0.0.0): Executed 89 of 1097[31m (2 FAILED)[39m (0 secs / 0.693 secs)
[1A[2KChrome Headless 140.0.0.0 (Linux 0.0.0): Executed 90 of 1097[31m (2 FAILED)[39m (0 secs / 0.702 secs)
[1A[2KChrome Headless 140.0.0.0 (Linux 0.0.0): Executed 91 of 1097[31m (2 FAILED)[39m (0 secs / 0.712 secs)
[1A[2KChrome Headless 140.0.0.0 (Linux 0.0.0): Executed 92 of 1097[31m (2 FAILED)[39m (0 secs / 0.723 secs)
[1A[2KChrome Headless 140.0.0.0 (Linux 0.0.0): Executed 93 of 1097[31m (2 FAILED)[39m (0 secs / 0.756 secs)
[1A[2KLOG: [36m'NotificationBell component initialized for role: consignor'[39m
Chrome Headless 140.0.0.0 (Linux 0.0.0): Executed 93 of 1097[31m (2 FAILED)[39m (0 secs / 0.756 secs)
LOG: 'NotificationBell component initialized for role: consignor'
[1A[2KChrome Headless 140.0.0.0 (Linux 0.0.0): Executed 94 of 1097[31m (2 FAILED)[39m (0 secs / 0.763 secs)
[1A[2KChrome Headless 140.0.0.0 (Linux 0.0.0): Executed 95 of 1097[31m (2 FAILED)[39m (0 secs / 0.767 secs)
[1A[2KChrome Headless 140.0.0.0 (Linux 0.0.0): Executed 96 of 1097[31m (2 FAILED)[39m (0 secs / 0.772 secs)
[1A[2KLOG: [36m'NotificationBell component initialized for role: consignor'[39m
Chrome Headless 140.0.0.0 (Linux 0.0.0): Executed 96 of 1097[31m (2 FAILED)[39m (0 secs / 0.772 secs)
LOG: 'NotificationBell component initialized for role: consignor'
[1A[2KChrome Headless 140.0.0.0 (Linux 0.0.0): Executed 97 of 1097[31m (2 FAILED)[39m (0 secs / 0.777 secs)
[1A[2KChrome Headless 140.0.0.0 (Linux 0.0.0): Executed 98 of 1097[31m (2 FAILED)[39m (0 secs / 0.781 secs)
[1A[2KChrome Headless 140.0.0.0 (Linux 0.0.0): Executed 99 of 1097[31m (2 FAILED)[39m (0 secs / 0.785 secs)
[1A[2KChrome Headless 140.0.0.0 (Linux 0.0.0): Executed 100 of 1097[31m (2 FAILED)[39m (0 secs / 0.789 secs)
[1A[2KLOG: [36m'NotificationBell component initialized for role: consignor'[39m
Chrome Headless 140.0.0.0 (Linux 0.0.0): Executed 100 of 1097[31m (2 FAILED)[39m (0 secs / 0.789 secs)
LOG: 'NotificationBell component initialized for role: consignor'
[1A[2KChrome Headless 140.0.0.0 (Linux 0.0.0): Executed 101 of 1097[31m (2 FAILED)[39m (0 secs / 0.794 secs)
[1A[2KChrome Headless 140.0.0.0 (Linux 0.0.0): Executed 102 of 1097[31m (2 FAILED)[39m (0 secs / 0.798 secs)
[1A[2KChrome Headless 140.0.0.0 (Linux 0.0.0): Executed 103 of 1097[31m (2 FAILED)[39m (0 secs / 0.802 secs)
[1A[2KLOG: [36m'NotificationBell component initialized for role: consignor'[39m
Chrome Headless 140.0.0.0 (Linux 0.0.0): Executed 103 of 1097[31m (2 FAILED)[39m (0 secs / 0.802 secs)
LOG: 'NotificationBell component initialized for role: consignor'
[1A[2KChrome Headless 140.0.0.0 (Linux 0.0.0): Executed 104 of 1097[31m (2 FAILED)[39m (0 secs / 0.812 secs)
[1A[2KChrome Headless 140.0.0.0 (Linux 0.0.0): Executed 105 of 1097[31m (2 FAILED)[39m (0 secs / 0.816 secs)
[1A[2KLOG: [36m'NotificationBell component initialized for role: consignor'[39m
Chrome Headless 140.0.0.0 (Linux 0.0.0): Executed 105 of 1097[31m (2 FAILED)[39m (0 secs / 0.816 secs)
LOG: 'NotificationBell component initialized for role: consignor'
[1A[2KChrome Headless 140.0.0.0 (Linux 0.0.0): Executed 106 of 1097[31m (2 FAILED)[39m (0 secs / 0.82 secs)
[1A[2KLOG: [36m'NotificationBell component initialized for role: consignor'[39m
Chrome Headless 140.0.0.0 (Linux 0.0.0): Executed 106 of 1097[31m (2 FAILED)[39m (0 secs / 0.82 secs)
LOG: 'NotificationBell component initialized for role: consignor'
[1A[2KChrome Headless 140.0.0.0 (Linux 0.0.0): Executed 107 of 1097[31m (2 FAILED)[39m (0 secs / 0.825 secs)
[1A[2KChrome Headless 140.0.0.0 (Linux 0.0.0): Executed 108 of 1097[31m (2 FAILED)[39m (0 secs / 0.828 secs)
[1A[2KChrome Headless 140.0.0.0 (Linux 0.0.0): Executed 109 of 1097[31m (2 FAILED)[39m (0 secs / 0.83 secs)
[1A[2KChrome Headless 140.0.0.0 (Linux 0.0.0): Executed 110 of 1097[31m (2 FAILED)[39m (0 secs / 0.833 secs)
[1A[2KChrome Headless 140.0.0.0 (Linux 0.0.0): Executed 111 of 1097[31m (2 FAILED)[39m (0 secs / 0.835 secs)
[1A[2KLOG: [36m'🔍 SERVICE: Making API call to:', 'http://localhost:5000/api/organization/setup-status'[39m
Chrome Headless 140.0.0.0 (Linux 0.0.0): Executed 111 of 1097[31m (2 FAILED)[39m (0 secs / 0.835 secs)
LOG: '🔍 SERVICE: Making API call to:', 'http://localhost:5000/api/organization/setup-status'
[1A[2KLOG: [36m'🔍 SERVICE: Raw API response:', Object{success: true, data: Object{dismissed: false, welcomeGuideCompleted: false, showModal: true, steps: Object{hasconsignors: ..., storefrontConfigured: ..., hasInventory: ..., quickBooksConnected: ...}}}[39m
Chrome Headless 140.0.0.0 (Linux 0.0.0): Executed 111 of 1097[31m (2 FAILED)[39m (0 secs / 0.835 secs)
LOG: '🔍 SERVICE: Raw API response:', Object{success: true, data: Object{dismissed: false, welcomeGuideCompleted: false, showModal: true, steps: Object{hasconsignors: ..., storefrontConfigured: ..., hasInventory: ..., quickBooksConnected: ...}}}
[1A[2KLOG: [36m'🔍 SERVICE: Processed status:', Object{dismissed: false, welcomeGuideCompleted: false, showModal: true, steps: Object{hasconsignors: true, storefrontConfigured: false, hasInventory: true, quickBooksConnected: false}}[39m
Chrome Headless 140.0.0.0 (Linux 0.0.0): Executed 111 of 1097[31m (2 FAILED)[39m (0 secs / 0.835 secs)
LOG: '🔍 SERVICE: Processed status:', Object{dismissed: false, welcomeGuideCompleted: false, showModal: true, steps: Object{hasconsignors: true, storefrontConfigured: false, hasInventory: true, quickBooksConnected: false}}
[1A[2KChrome Headless 140.0.0.0 (Linux 0.0.0): Executed 112 of 1097[31m (2 FAILED)[39m (0 secs / 0.838 secs)
[1A[2KLOG: [36m'🔍 SERVICE: Making API call to:', 'http://localhost:5000/api/organization/setup-status'[39m
Chrome Headless 140.0.0.0 (Linux 0.0.0): Executed 112 of 1097[31m (2 FAILED)[39m (0 secs / 0.838 secs)
LOG: '🔍 SERVICE: Making API call to:', 'http://localhost:5000/api/organization/setup-status'
[1A[2KLOG: [36m'🔍 SERVICE: Raw API response:', Object{success: true, data: Object{dismissed: false, welcomeGuideCompleted: false, showModal: true, steps: Object{hasconsignors: ..., storefrontConfigured: ..., hasInventory: ..., quickBooksConnected: ...}}}[39m
Chrome Headless 140.0.0.0 (Linux 0.0.0): Executed 112 of 1097[31m (2 FAILED)[39m (0 secs / 0.838 secs)
LOG: '🔍 SERVICE: Raw API response:', Object{success: true, data: Object{dismissed: false, welcomeGuideCompleted: false, showModal: true, steps: Object{hasconsignors: ..., storefrontConfigured: ..., hasInventory: ..., quickBooksConnected: ...}}}
[1A[2KLOG: [36m'🔍 SERVICE: Processed status:', Object{dismissed: false, welcomeGuideCompleted: false, showModal: true, steps: Object{hasconsignors: true, storefrontConfigured: false, hasInventory: true, quickBooksConnected: false}}[39m
Chrome Headless 140.0.0.0 (Linux 0.0.0): Executed 112 of 1097[31m (2 FAILED)[39m (0 secs / 0.838 secs)
LOG: '🔍 SERVICE: Processed status:', Object{dismissed: false, welcomeGuideCompleted: false, showModal: true, steps: Object{hasconsignors: true, storefrontConfigured: false, hasInventory: true, quickBooksConnected: false}}
[1A[2KChrome Headless 140.0.0.0 (Linux 0.0.0): Executed 113 of 1097[31m (2 FAILED)[39m (0 secs / 0.841 secs)
[1A[2KChrome Headless 140.0.0.0 (Linux 0.0.0): Executed 114 of 1097[31m (2 FAILED)[39m (0 secs / 0.843 secs)
[1A[2KChrome Headless 140.0.0.0 (Linux 0.0.0): Executed 115 of 1097[31m (2 FAILED)[39m (0 secs / 0.845 secs)
[1A[2KChrome Headless 140.0.0.0 (Linux 0.0.0): Executed 116 of 1097[31m (2 FAILED)[39m (0 secs / 0.848 secs)
[1A[2KChrome Headless 140.0.0.0 (Linux 0.0.0): Executed 117 of 1097[31m (2 FAILED)[39m (0 secs / 0.85 secs)
[1A[2KChrome Headless 140.0.0.0 (Linux 0.0.0): Executed 118 of 1097[31m (2 FAILED)[39m (0 secs / 0.852 secs)
[1A[2KChrome Headless 140.0.0.0 (Linux 0.0.0): Executed 119 of 1097[31m (2 FAILED)[39m (0 secs / 0.854 secs)
[1A[2KChrome Headless 140.0.0.0 (Linux 0.0.0): Executed 120 of 1097[31m (2 FAILED)[39m (0 secs / 0.856 secs)
[1A[2KChrome Headless 140.0.0.0 (Linux 0.0.0): Executed 121 of 1097[31m (2 FAILED)[39m (0 secs / 0.858 secs)
[1A[2KChrome Headless 140.0.0.0 (Linux 0.0.0): Executed 122 of 1097[31m (2 FAILED)[39m (0 secs / 0.86 secs)
[1A[2KChrome Headless 140.0.0.0 (Linux 0.0.0): Executed 123 of 1097[31m (2 FAILED)[39m (0 secs / 0.862 secs)
[1A[2KChrome Headless 140.0.0.0 (Linux 0.0.0): Executed 124 of 1097[31m (2 FAILED)[39m (0 secs / 0.864 secs)
[1A[2KChrome Headless 140.0.0.0 (Linux 0.0.0): Executed 125 of 1097[31m (2 FAILED)[39m (0 secs / 0.866 secs)
[1A[2KLOG: [36m'🔍 SERVICE: shouldShowOnboarding called with:', Object{dismissed: false, welcomeGuideCompleted: true, showModal: undefined, steps: Object{hasconsignors: true, storefrontConfigured: false, hasInventory: true, quickBooksConnected: false}}[39m
Chrome Headless 140.0.0.0 (Linux 0.0.0): Executed 125 of 1097[31m (2 FAILED)[39m (0 secs / 0.866 secs)
LOG: '🔍 SERVICE: shouldShowOnboarding called with:', Object{dismissed: false, welcomeGuideCompleted: true, showModal: undefined, steps: Object{hasconsignors: true, storefrontConfigured: false, hasInventory: true, quickBooksConnected: false}}
[1A[2KLOG: [36m'🔍 SERVICE: Welcome guide completed, not showing modal'[39m
Chrome Headless 140.0.0.0 (Linux 0.0.0): Executed 125 of 1097[31m (2 FAILED)[39m (0 secs / 0.866 secs)
LOG: '🔍 SERVICE: Welcome guide completed, not showing modal'
[1A[2KChrome Headless 140.0.0.0 (Linux 0.0.0): Executed 126 of 1097[31m (2 FAILED)[39m (0 secs / 0.869 secs)
[1A[2KLOG: [36m'🔍 SERVICE: shouldShowOnboarding called with:', Object{dismissed: false, welcomeGuideCompleted: false, showModal: undefined, steps: Object{hasconsignors: true, storefrontConfigured: false, hasInventory: true, quickBooksConnected: false}}[39m
Chrome Headless 140.0.0.0 (Linux 0.0.0): Executed 126 of 1097[31m (2 FAILED)[39m (0 secs / 0.869 secs)
LOG: '🔍 SERVICE: shouldShowOnboarding called with:', Object{dismissed: false, welcomeGuideCompleted: false, showModal: undefined, steps: Object{hasconsignors: true, storefrontConfigured: false, hasInventory: true, quickBooksConnected: false}}
[1A[2KLOG: [36m'🔍 SERVICE: Final decision - should show:', true[39m
Chrome Headless 140.0.0.0 (Linux 0.0.0): Executed 126 of 1097[31m (2 FAILED)[39m (0 secs / 0.869 secs)
LOG: '🔍 SERVICE: Final decision - should show:', true
[1A[2KChrome Headless 140.0.0.0 (Linux 0.0.0): Executed 127 of 1097[31m (2 FAILED)[39m (0 secs / 0.872 secs)
[1A[2KLOG: [36m'🔍 SERVICE: shouldShowOnboarding called with:', Object{dismissed: false, welcomeGuideCompleted: false, showModal: undefined, steps: Object{hasconsignors: true, storefrontConfigured: true, hasInventory: true, quickBooksConnected: true}}[39m
Chrome Headless 140.0.0.0 (Linux 0.0.0): Executed 127 of 1097[31m (2 FAILED)[39m (0 secs / 0.872 secs)
LOG: '🔍 SERVICE: shouldShowOnboarding called with:', Object{dismissed: false, welcomeGuideCompleted: false, showModal: undefined, steps: Object{hasconsignors: true, storefrontConfigured: true, hasInventory: true, quickBooksConnected: true}}
[1A[2KLOG: [36m'🔍 SERVICE: Final decision - should show:', false[39m
Chrome Headless 140.0.0.0 (Linux 0.0.0): Executed 127 of 1097[31m (2 FAILED)[39m (0 secs / 0.872 secs)
LOG: '🔍 SERVICE: Final decision - should show:', false
[1A[2KChrome Headless 140.0.0.0 (Linux 0.0.0): Executed 128 of 1097[31m (2 FAILED)[39m (0 secs / 0.874 secs)
[1A[2KLOG: [36m'🔍 SERVICE: shouldShowOnboarding called with:', Object{dismissed: false, welcomeGuideCompleted: false, showModal: false, steps: Object{hasconsignors: true, storefrontConfigured: false, hasInventory: true, quickBooksConnected: false}}[39m
Chrome Headless 140.0.0.0 (Linux 0.0.0): Executed 128 of 1097[31m (2 FAILED)[39m (0 secs / 0.874 secs)
LOG: '🔍 SERVICE: shouldShowOnboarding called with:', Object{dismissed: false, welcomeGuideCompleted: false, showModal: false, steps: Object{hasconsignors: true, storefrontConfigured: false, hasInventory: true, quickBooksConnected: false}}
[1A[2KLOG: [36m'🔍 SERVICE: Using server-computed showModal:', false[39m
Chrome Headless 140.0.0.0 (Linux 0.0.0): Executed 128 of 1097[31m (2 FAILED)[39m (0 secs / 0.874 secs)
LOG: '🔍 SERVICE: Using server-computed showModal:', false
[1A[2KChrome Headless 140.0.0.0 (Linux 0.0.0): Executed 129 of 1097[31m (2 FAILED)[39m (0 secs / 0.876 secs)
[1A[2KChrome Headless 140.0.0.0 (Linux 0.0.0): Executed 130 of 1097[31m (2 FAILED)[39m (0 secs / 0.906 secs)
[1A[2KChrome Headless 140.0.0.0 (Linux 0.0.0): Executed 131 of 1097[31m (2 FAILED)[39m (0 secs / 0.912 secs)
[1A[2KChrome Headless 140.0.0.0 (Linux 0.0.0): Executed 132 of 1097[31m (2 FAILED)[39m (0 secs / 0.921 secs)
[1A[2KChrome Headless 140.0.0.0 (Linux 0.0.0): Executed 133 of 1097[31m (2 FAILED)[39m (0 secs / 0.925 secs)
[1A[2KChrome Headless 140.0.0.0 (Linux 0.0.0): Executed 134 of 1097[31m (2 FAILED)[39m (0 secs / 0.932 secs)
[1A[2KChrome Headless 140.0.0.0 (Linux 0.0.0): Executed 135 of 1097[31m (2 FAILED)[39m (0 secs / 0.938 secs)
[1A[2KChrome Headless 140.0.0.0 (Linux 0.0.0): Executed 136 of 1097[31m (2 FAILED)[39m (0 secs / 0.944 secs)
[1A[2KChrome Headless 140.0.0.0 (Linux 0.0.0): Executed 137 of 1097[31m (2 FAILED)[39m (0 secs / 0.949 secs)
[1A[2KChrome Headless 140.0.0.0 (Linux 0.0.0): Executed 138 of 1097[31m (2 FAILED)[39m (0 secs / 0.954 secs)
[1A[2KChrome Headless 140.0.0.0 (Linux 0.0.0): Executed 139 of 1097[31m (2 FAILED)[39m (0 secs / 0.959 secs)
[1A[2KChrome Headless 140.0.0.0 (Linux 0.0.0): Executed 140 of 1097[31m (2 FAILED)[39m (0 secs / 0.963 secs)
[1A[2KChrome Headless 140.0.0.0 (Linux 0.0.0): Executed 141 of 1097[31m (2 FAILED)[39m (0 secs / 0.969 secs)
[1A[2KChrome Headless 140.0.0.0 (Linux 0.0.0): Executed 142 of 1097[31m (2 FAILED)[39m (0 secs / 0.974 secs)
[1A[2KChrome Headless 140.0.0.0 (Linux 0.0.0): Executed 143 of 1097[31m (2 FAILED)[39m (0 secs / 0.979 secs)
[1A[2KChrome Headless 140.0.0.0 (Linux 0.0.0): Executed 144 of 1097[31m (2 FAILED)[39m (0 secs / 0.984 secs)
[1A[2KChrome Headless 140.0.0.0 (Linux 0.0.0): Executed 145 of 1097[31m (2 FAILED)[39m (0 secs / 0.998 secs)
[1A[2KChrome Headless 140.0.0.0 (Linux 0.0.0): Executed 146 of 1097[31m (2 FAILED)[39m (0 secs / 1.002 secs)
[1A[2KChrome Headless 140.0.0.0 (Linux 0.0.0): Executed 147 of 1097[31m (2 FAILED)[39m (0 secs / 1.006 secs)
[1A[2KChrome Headless 140.0.0.0 (Linux 0.0.0): Executed 148 of 1097[31m (2 FAILED)[39m (0 secs / 1.011 secs)
[1A[2KChrome Headless 140.0.0.0 (Linux 0.0.0): Executed 149 of 1097[31m (2 FAILED)[39m (0 secs / 1.016 secs)
[1A[2KChrome Headless 140.0.0.0 (Linux 0.0.0): Executed 150 of 1097[31m (2 FAILED)[39m (0 secs / 1.022 secs)
[1A[2KChrome Headless 140.0.0.0 (Linux 0.0.0): Executed 151 of 1097[31m (2 FAILED)[39m (0 secs / 1.027 secs)
[1A[2KChrome Headless 140.0.0.0 (Linux 0.0.0): Executed 152 of 1097[31m (2 FAILED)[39m (0 secs / 1.032 secs)
[1A[2KChrome Headless 140.0.0.0 (Linux 0.0.0): Executed 153 of 1097[31m (2 FAILED)[39m (0 secs / 1.037 secs)
[1A[2KChrome Headless 140.0.0.0 (Linux 0.0.0): Executed 154 of 1097[31m (2 FAILED)[39m (0 secs / 1.042 secs)
[1A[2KChrome Headless 140.0.0.0 (Linux 0.0.0): Executed 155 of 1097[31m (2 FAILED)[39m (0 secs / 1.047 secs)
[1A[2KChrome Headless 140.0.0.0 (Linux 0.0.0): Executed 156 of 1097[31m (2 FAILED)[39m (0 secs / 1.087 secs)
[1A[2KChrome Headless 140.0.0.0 (Linux 0.0.0): Executed 157 of 1097[31m (2 FAILED)[39m (0 secs / 1.092 secs)
[1A[2KChrome Headless 140.0.0.0 (Linux 0.0.0): Executed 158 of 1097[31m (2 FAILED)[39m (0 secs / 1.097 secs)
[1A[2KChrome Headless 140.0.0.0 (Linux 0.0.0): Executed 159 of 1097[31m (2 FAILED)[39m (0 secs / 1.103 secs)
[1A[2KChrome Headless 140.0.0.0 (Linux 0.0.0): Executed 160 of 1097[31m (2 FAILED)[39m (0 secs / 1.109 secs)
[1A[2KChrome Headless 140.0.0.0 (Linux 0.0.0): Executed 161 of 1097[31m (2 FAILED)[39m (0 secs / 1.114 secs)
[1A[2KChrome Headless 140.0.0.0 (Linux 0.0.0): Executed 162 of 1097[31m (2 FAILED)[39m (0 secs / 1.12 secs)
[1A[2KChrome Headless 140.0.0.0 (Linux 0.0.0): Executed 163 of 1097[31m (2 FAILED)[39m (0 secs / 1.126 secs)
[1A[2KChrome Headless 140.0.0.0 (Linux 0.0.0): Executed 164 of 1097[31m (2 FAILED)[39m (0 secs / 1.132 secs)
[1A[2KChrome Headless 140.0.0.0 (Linux 0.0.0): Executed 165 of 1097[31m (2 FAILED)[39m (0 secs / 1.138 secs)
[1A[2KChrome Headless 140.0.0.0 (Linux 0.0.0): Executed 166 of 1097[31m (2 FAILED)[39m (0 secs / 1.143 secs)
[1A[2KChrome Headless 140.0.0.0 (Linux 0.0.0): Executed 167 of 1097[31m (2 FAILED)[39m (0 secs / 1.159 secs)
[1A[2KLOG: [36m'AuthInterceptor constructed'[39m
Chrome Headless 140.0.0.0 (Linux 0.0.0): Executed 167 of 1097[31m (2 FAILED)[39m (0 secs / 1.159 secs)
LOG: 'AuthInterceptor constructed'
[1A[2KLOG: [36m'AuthInterceptor constructed'[39m
Chrome Headless 140.0.0.0 (Linux 0.0.0): Executed 167 of 1097[31m (2 FAILED)[39m (0 secs / 1.159 secs)
LOG: 'AuthInterceptor constructed'
[1A[2KLOG: [36m'AuthInterceptor intercept called for:', '/api/users/1'[39m
Chrome Headless 140.0.0.0 (Linux 0.0.0): Executed 167 of 1097[31m (2 FAILED)[39m (0 secs / 1.159 secs)
LOG: 'AuthInterceptor intercept called for:', '/api/users/1'
[1A[2KLOG: [36m'Token from service:', 'exists'[39m
Chrome Headless 140.0.0.0 (Linux 0.0.0): Executed 167 of 1097[31m (2 FAILED)[39m (0 secs / 1.159 secs)
LOG: 'Token from service:', 'exists'
[1A[2KChrome Headless 140.0.0.0 (Linux 0.0.0): Executed 168 of 1097[31m (2 FAILED)[39m (0 secs / 1.165 secs)
[1A[2KLOG: [36m'AuthInterceptor constructed'[39m
Chrome Headless 140.0.0.0 (Linux 0.0.0): Executed 168 of 1097[31m (2 FAILED)[39m (0 secs / 1.165 secs)
LOG: 'AuthInterceptor constructed'
[1A[2KLOG: [36m'AuthInterceptor constructed'[39m
Chrome Headless 140.0.0.0 (Linux 0.0.0): Executed 168 of 1097[31m (2 FAILED)[39m (0 secs / 1.165 secs)
LOG: 'AuthInterceptor constructed'
[1A[2KLOG: [36m'AuthInterceptor intercept called for:', '/api/users/1'[39m
Chrome Headless 140.0.0.0 (Linux 0.0.0): Executed 168 of 1097[31m (2 FAILED)[39m (0 secs / 1.165 secs)
LOG: 'AuthInterceptor intercept called for:', '/api/users/1'
[1A[2KLOG: [36m'Token from service:', 'exists'[39m
Chrome Headless 140.0.0.0 (Linux 0.0.0): Executed 168 of 1097[31m (2 FAILED)[39m (0 secs / 1.165 secs)
LOG: 'Token from service:', 'exists'
[1A[2KChrome Headless 140.0.0.0 (Linux 0.0.0): Executed 169 of 1097[31m (2 FAILED)[39m (0 secs / 1.168 secs)
[1A[2KLOG: [36m'AuthInterceptor constructed'[39m
Chrome Headless 140.0.0.0 (Linux 0.0.0): Executed 169 of 1097[31m (2 FAILED)[39m (0 secs / 1.168 secs)
LOG: 'AuthInterceptor constructed'
[1A[2KLOG: [36m'AuthInterceptor constructed'[39m
Chrome Headless 140.0.0.0 (Linux 0.0.0): Executed 169 of 1097[31m (2 FAILED)[39m (0 secs / 1.168 secs)
LOG: 'AuthInterceptor constructed'
[1A[2KLOG: [36m'AuthInterceptor intercept called for:', '/api/users'[39m
Chrome Headless 140.0.0.0 (Linux 0.0.0): Executed 169 of 1097[31m (2 FAILED)[39m (0 secs / 1.168 secs)
LOG: 'AuthInterceptor intercept called for:', '/api/users'
[1A[2KLOG: [36m'Token from service:', 'exists'[39m
Chrome Headless 140.0.0.0 (Linux 0.0.0): Executed 169 of 1097[31m (2 FAILED)[39m (0 secs / 1.168 secs)
LOG: 'Token from service:', 'exists'
[1A[2KChrome Headless 140.0.0.0 (Linux 0.0.0): Executed 170 of 1097[31m (2 FAILED)[39m (0 secs / 1.171 secs)
[1A[2KLOG: [36m'AuthInterceptor constructed'[39m
Chrome Headless 140.0.0.0 (Linux 0.0.0): Executed 170 of 1097[31m (2 FAILED)[39m (0 secs / 1.171 secs)
LOG: 'AuthInterceptor constructed'
[1A[2KLOG: [36m'AuthInterceptor constructed'[39m
Chrome Headless 140.0.0.0 (Linux 0.0.0): Executed 170 of 1097[31m (2 FAILED)[39m (0 secs / 1.171 secs)
LOG: 'AuthInterceptor constructed'
[1A[2KLOG: [36m'AuthInterceptor intercept called for:', '/api/users/1'[39m
Chrome Headless 140.0.0.0 (Linux 0.0.0): Executed 170 of 1097[31m (2 FAILED)[39m (0 secs / 1.171 secs)
LOG: 'AuthInterceptor intercept called for:', '/api/users/1'
[1A[2KLOG: [36m'Token from service:', 'exists'[39m
Chrome Headless 140.0.0.0 (Linux 0.0.0): Executed 170 of 1097[31m (2 FAILED)[39m (0 secs / 1.171 secs)
LOG: 'Token from service:', 'exists'
[1A[2KChrome Headless 140.0.0.0 (Linux 0.0.0): Executed 171 of 1097[31m (2 FAILED)[39m (0 secs / 1.174 secs)
[1A[2KLOG: [36m'AuthInterceptor constructed'[39m
Chrome Headless 140.0.0.0 (Linux 0.0.0): Executed 171 of 1097[31m (2 FAILED)[39m (0 secs / 1.174 secs)
LOG: 'AuthInterceptor constructed'
[1A[2KLOG: [36m'AuthInterceptor constructed'[39m
Chrome Headless 140.0.0.0 (Linux 0.0.0): Executed 171 of 1097[31m (2 FAILED)[39m (0 secs / 1.174 secs)
LOG: 'AuthInterceptor constructed'
[1A[2KLOG: [36m'AuthInterceptor intercept called for:', '/api/users'[39m
Chrome Headless 140.0.0.0 (Linux 0.0.0): Executed 171 of 1097[31m (2 FAILED)[39m (0 secs / 1.174 secs)
LOG: 'AuthInterceptor intercept called for:', '/api/users'
[1A[2KLOG: [36m'Token from service:', 'exists'[39m
Chrome Headless 140.0.0.0 (Linux 0.0.0): Executed 171 of 1097[31m (2 FAILED)[39m (0 secs / 1.174 secs)
LOG: 'Token from service:', 'exists'
[1A[2KChrome Headless 140.0.0.0 (Linux 0.0.0): Executed 172 of 1097[31m (2 FAILED)[39m (0 secs / 1.177 secs)
[1A[2KLOG: [36m'AuthInterceptor constructed'[39m
Chrome Headless 140.0.0.0 (Linux 0.0.0): Executed 172 of 1097[31m (2 FAILED)[39m (0 secs / 1.177 secs)
LOG: 'AuthInterceptor constructed'
[1A[2KLOG: [36m'AuthInterceptor constructed'[39m
Chrome Headless 140.0.0.0 (Linux 0.0.0): Executed 172 of 1097[31m (2 FAILED)[39m (0 secs / 1.177 secs)
LOG: 'AuthInterceptor constructed'
[1A[2KLOG: [36m'AuthInterceptor intercept called for:', '/api/users'[39m
Chrome Headless 140.0.0.0 (Linux 0.0.0): Executed 172 of 1097[31m (2 FAILED)[39m (0 secs / 1.177 secs)
LOG: 'AuthInterceptor intercept called for:', '/api/users'
[1A[2KLOG: [36m'Token from service:', 'exists'[39m
Chrome Headless 140.0.0.0 (Linux 0.0.0): Executed 172 of 1097[31m (2 FAILED)[39m (0 secs / 1.177 secs)
LOG: 'Token from service:', 'exists'
[1A[2KChrome Headless 140.0.0.0 (Linux 0.0.0): Executed 173 of 1097[31m (2 FAILED)[39m (0 secs / 1.18 secs)
[1A[2KLOG: [36m'AuthInterceptor constructed'[39m
Chrome Headless 140.0.0.0 (Linux 0.0.0): Executed 173 of 1097[31m (2 FAILED)[39m (0 secs / 1.18 secs)
LOG: 'AuthInterceptor constructed'
[1A[2KLOG: [36m'AuthInterceptor constructed'[39m
Chrome Headless 140.0.0.0 (Linux 0.0.0): Executed 173 of 1097[31m (2 FAILED)[39m (0 secs / 1.18 secs)
LOG: 'AuthInterceptor constructed'
[1A[2KLOG: [36m'AuthInterceptor intercept called for:', '/api/users/1'[39m
Chrome Headless 140.0.0.0 (Linux 0.0.0): Executed 173 of 1097[31m (2 FAILED)[39m (0 secs / 1.18 secs)
LOG: 'AuthInterceptor intercept called for:', '/api/users/1'
[1A[2KLOG: [36m'Token from service:', 'exists'[39m
Chrome Headless 140.0.0.0 (Linux 0.0.0): Executed 173 of 1097[31m (2 FAILED)[39m (0 secs / 1.18 secs)
LOG: 'Token from service:', 'exists'
[1A[2KChrome Headless 140.0.0.0 (Linux 0.0.0): Executed 174 of 1097[31m (2 FAILED)[39m (0 secs / 1.183 secs)
[1A[2KLOG: [36m'AuthInterceptor constructed'[39m
Chrome Headless 140.0.0.0 (Linux 0.0.0): Executed 174 of 1097[31m (2 FAILED)[39m (0 secs / 1.183 secs)
LOG: 'AuthInterceptor constructed'
[1A[2KLOG: [36m'AuthInterceptor constructed'[39m
Chrome Headless 140.0.0.0 (Linux 0.0.0): Executed 174 of 1097[31m (2 FAILED)[39m (0 secs / 1.183 secs)
LOG: 'AuthInterceptor constructed'
[1A[2KLOG: [36m'AuthInterceptor intercept called for:', '/api/public'[39m
Chrome Headless 140.0.0.0 (Linux 0.0.0): Executed 174 of 1097[31m (2 FAILED)[39m (0 secs / 1.183 secs)
LOG: 'AuthInterceptor intercept called for:', '/api/public'
[1A[2KLOG: [36m'Token from service:', 'null'[39m
Chrome Headless 140.0.0.0 (Linux 0.0.0): Executed 174 of 1097[31m (2 FAILED)[39m (0 secs / 1.183 secs)
LOG: 'Token from service:', 'null'
[1A[2KChrome Headless 140.0.0.0 (Linux 0.0.0): Executed 175 of 1097[31m (2 FAILED)[39m (0 secs / 1.186 secs)
[1A[2KLOG: [36m'AuthInterceptor constructed'[39m
Chrome Headless 140.0.0.0 (Linux 0.0.0): Executed 175 of 1097[31m (2 FAILED)[39m (0 secs / 1.186 secs)
LOG: 'AuthInterceptor constructed'
[1A[2KLOG: [36m'AuthInterceptor constructed'[39m
Chrome Headless 140.0.0.0 (Linux 0.0.0): Executed 175 of 1097[31m (2 FAILED)[39m (0 secs / 1.186 secs)
LOG: 'AuthInterceptor constructed'
[1A[2KLOG: [36m'AuthInterceptor intercept called for:', '/api/public'[39m
Chrome Headless 140.0.0.0 (Linux 0.0.0): Executed 175 of 1097[31m (2 FAILED)[39m (0 secs / 1.186 secs)
LOG: 'AuthInterceptor intercept called for:', '/api/public'
[1A[2KLOG: [36m'Token from service:', 'null'[39m
Chrome Headless 140.0.0.0 (Linux 0.0.0): Executed 175 of 1097[31m (2 FAILED)[39m (0 secs / 1.186 secs)
LOG: 'Token from service:', 'null'
[1A[2KChrome Headless 140.0.0.0 (Linux 0.0.0): Executed 176 of 1097[31m (2 FAILED)[39m (0 secs / 1.189 secs)
[1A[2KLOG: [36m'AuthInterceptor constructed'[39m
Chrome Headless 140.0.0.0 (Linux 0.0.0): Executed 176 of 1097[31m (2 FAILED)[39m (0 secs / 1.189 secs)
LOG: 'AuthInterceptor constructed'
[1A[2KLOG: [36m'AuthInterceptor constructed'[39m
Chrome Headless 140.0.0.0 (Linux 0.0.0): Executed 176 of 1097[31m (2 FAILED)[39m (0 secs / 1.189 secs)
LOG: 'AuthInterceptor constructed'
[1A[2KLOG: [36m'AuthInterceptor intercept called for:', '/api/users'[39m
Chrome Headless 140.0.0.0 (Linux 0.0.0): Executed 176 of 1097[31m (2 FAILED)[39m (0 secs / 1.189 secs)
LOG: 'AuthInterceptor intercept called for:', '/api/users'
[1A[2KLOG: [36m'Token from service:', 'exists'[39m
Chrome Headless 140.0.0.0 (Linux 0.0.0): Executed 176 of 1097[31m (2 FAILED)[39m (0 secs / 1.189 secs)
LOG: 'Token from service:', 'exists'
[1A[2KChrome Headless 140.0.0.0 (Linux 0.0.0): Executed 177 of 1097[31m (2 FAILED)[39m (0 secs / 1.192 secs)
[1A[2KLOG: [36m'AuthInterceptor constructed'[39m
Chrome Headless 140.0.0.0 (Linux 0.0.0): Executed 177 of 1097[31m (2 FAILED)[39m (0 secs / 1.192 secs)
LOG: 'AuthInterceptor constructed'
[1A[2KLOG: [36m'AuthInterceptor constructed'[39m
Chrome Headless 140.0.0.0 (Linux 0.0.0): Executed 177 of 1097[31m (2 FAILED)[39m (0 secs / 1.192 secs)
LOG: 'AuthInterceptor constructed'
[1A[2KLOG: [36m'AuthInterceptor intercept called for:', '/api/success'[39m
Chrome Headless 140.0.0.0 (Linux 0.0.0): Executed 177 of 1097[31m (2 FAILED)[39m (0 secs / 1.192 secs)
LOG: 'AuthInterceptor intercept called for:', '/api/success'
[1A[2KLOG: [36m'Token from service:', 'exists'[39m
Chrome Headless 140.0.0.0 (Linux 0.0.0): Executed 177 of 1097[31m (2 FAILED)[39m (0 secs / 1.192 secs)
LOG: 'Token from service:', 'exists'
[1A[2KLOG: [36m'AuthInterceptor intercept called for:', '/api/fail'[39m
Chrome Headless 140.0.0.0 (Linux 0.0.0): Executed 177 of 1097[31m (2 FAILED)[39m (0 secs / 1.192 secs)
LOG: 'AuthInterceptor intercept called for:', '/api/fail'
[1A[2KLOG: [36m'Token from service:', 'exists'[39m
Chrome Headless 140.0.0.0 (Linux 0.0.0): Executed 177 of 1097[31m (2 FAILED)[39m (0 secs / 1.192 secs)
LOG: 'Token from service:', 'exists'
[1A[2KChrome Headless 140.0.0.0 (Linux 0.0.0): Executed 178 of 1097[31m (2 FAILED)[39m (0 secs / 1.195 secs)
[1A[2KLOG: [36m'AuthInterceptor constructed'[39m
Chrome Headless 140.0.0.0 (Linux 0.0.0): Executed 178 of 1097[31m (2 FAILED)[39m (0 secs / 1.195 secs)
LOG: 'AuthInterceptor constructed'
[1A[2KLOG: [36m'AuthInterceptor constructed'[39m
Chrome Headless 140.0.0.0 (Linux 0.0.0): Executed 178 of 1097[31m (2 FAILED)[39m (0 secs / 1.195 secs)
LOG: 'AuthInterceptor constructed'
[1A[2KLOG: [36m'AuthInterceptor intercept called for:', '/api/users'[39m
Chrome Headless 140.0.0.0 (Linux 0.0.0): Executed 178 of 1097[31m (2 FAILED)[39m (0 secs / 1.195 secs)
LOG: 'AuthInterceptor intercept called for:', '/api/users'
[1A[2KLOG: [36m'Token from service:', 'exists'[39m
Chrome Headless 140.0.0.0 (Linux 0.0.0): Executed 178 of 1097[31m (2 FAILED)[39m (0 secs / 1.195 secs)
LOG: 'Token from service:', 'exists'
[1A[2KLOG: [36m'AuthInterceptor intercept called for:', '/api/posts'[39m
Chrome Headless 140.0.0.0 (Linux 0.0.0): Executed 178 of 1097[31m (2 FAILED)[39m (0 secs / 1.195 secs)
LOG: 'AuthInterceptor intercept called for:', '/api/posts'
[1A[2KLOG: [36m'Token from service:', 'exists'[39m
Chrome Headless 140.0.0.0 (Linux 0.0.0): Executed 178 of 1097[31m (2 FAILED)[39m (0 secs / 1.195 secs)
LOG: 'Token from service:', 'exists'
[1A[2KLOG: [36m'AuthInterceptor intercept called for:', '/api/comments'[39m
Chrome Headless 140.0.0.0 (Linux 0.0.0): Executed 178 of 1097[31m (2 FAILED)[39m (0 secs / 1.195 secs)
LOG: 'AuthInterceptor intercept called for:', '/api/comments'
[1A[2KLOG: [36m'Token from service:', 'exists'[39m
Chrome Headless 140.0.0.0 (Linux 0.0.0): Executed 178 of 1097[31m (2 FAILED)[39m (0 secs / 1.195 secs)
LOG: 'Token from service:', 'exists'
[1A[2KChrome Headless 140.0.0.0 (Linux 0.0.0): Executed 179 of 1097[31m (2 FAILED)[39m (0 secs / 1.198 secs)
[1A[2KLOG: [36m'AuthInterceptor constructed'[39m
Chrome Headless 140.0.0.0 (Linux 0.0.0): Executed 179 of 1097[31m (2 FAILED)[39m (0 secs / 1.198 secs)
LOG: 'AuthInterceptor constructed'
[1A[2KLOG: [36m'AuthInterceptor constructed'[39m
Chrome Headless 140.0.0.0 (Linux 0.0.0): Executed 179 of 1097[31m (2 FAILED)[39m (0 secs / 1.198 secs)
LOG: 'AuthInterceptor constructed'
[1A[2KLOG: [36m'AuthInterceptor intercept called for:', '/api/users'[39m
Chrome Headless 140.0.0.0 (Linux 0.0.0): Executed 179 of 1097[31m (2 FAILED)[39m (0 secs / 1.198 secs)
LOG: 'AuthInterceptor intercept called for:', '/api/users'
[1A[2KLOG: [36m'Token from service:', 'null'[39m
Chrome Headless 140.0.0.0 (Linux 0.0.0): Executed 179 of 1097[31m (2 FAILED)[39m (0 secs / 1.198 secs)
LOG: 'Token from service:', 'null'
[1A[2KChrome Headless 140.0.0.0 (Linux 0.0.0): Executed 180 of 1097[31m (2 FAILED)[39m (0 secs / 1.201 secs)
[1A[2KLOG: [36m'AuthInterceptor constructed'[39m
Chrome Headless 140.0.0.0 (Linux 0.0.0): Executed 180 of 1097[31m (2 FAILED)[39m (0 secs / 1.201 secs)
LOG: 'AuthInterceptor constructed'
[1A[2KLOG: [36m'AuthInterceptor constructed'[39m
Chrome Headless 140.0.0.0 (Linux 0.0.0): Executed 180 of 1097[31m (2 FAILED)[39m (0 secs / 1.201 secs)
LOG: 'AuthInterceptor constructed'
[1A[2KLOG: [36m'AuthInterceptor intercept called for:', '/api/users'[39m
Chrome Headless 140.0.0.0 (Linux 0.0.0): Executed 180 of 1097[31m (2 FAILED)[39m (0 secs / 1.201 secs)
LOG: 'AuthInterceptor intercept called for:', '/api/users'
[1A[2KLOG: [36m'Token from service:', 'exists'[39m
Chrome Headless 140.0.0.0 (Linux 0.0.0): Executed 180 of 1097[31m (2 FAILED)[39m (0 secs / 1.201 secs)
LOG: 'Token from service:', 'exists'
[1A[2KWARN: [36m'Spec 'AuthInterceptor error handling when token refresh fails should not retry request when refresh fails' has no expectations.'[39m
Chrome Headless 140.0.0.0 (Linux 0.0.0): Executed 180 of 1097[31m (2 FAILED)[39m (0 secs / 1.201 secs)
WARN: 'Spec 'AuthInterceptor error handling when token refresh fails should not retry request when refresh fails' has no expectations.'
[1A[2KChrome Headless 140.0.0.0 (Linux 0.0.0): Executed 181 of 1097[31m (2 FAILED)[39m (0 secs / 1.204 secs)
[1A[2KLOG: [36m'AuthInterceptor constructed'[39m
Chrome Headless 140.0.0.0 (Linux 0.0.0): Executed 181 of 1097[31m (2 FAILED)[39m (0 secs / 1.204 secs)
LOG: 'AuthInterceptor constructed'
[1A[2KLOG: [36m'AuthInterceptor constructed'[39m
Chrome Headless 140.0.0.0 (Linux 0.0.0): Executed 181 of 1097[31m (2 FAILED)[39m (0 secs / 1.204 secs)
LOG: 'AuthInterceptor constructed'
[1A[2KLOG: [36m'AuthInterceptor intercept called for:', '/api/users/1'[39m
Chrome Headless 140.0.0.0 (Linux 0.0.0): Executed 181 of 1097[31m (2 FAILED)[39m (0 secs / 1.204 secs)
LOG: 'AuthInterceptor intercept called for:', '/api/users/1'
[1A[2KLOG: [36m'Token from service:', 'exists'[39m
Chrome Headless 140.0.0.0 (Linux 0.0.0): Executed 181 of 1097[31m (2 FAILED)[39m (0 secs / 1.204 secs)
LOG: 'Token from service:', 'exists'
[1A[2KChrome Headless 140.0.0.0 (Linux 0.0.0): Executed 182 of 1097[31m (2 FAILED)[39m (0 secs / 1.208 secs)
[1A[2KLOG: [36m'AuthInterceptor constructed'[39m
Chrome Headless 140.0.0.0 (Linux 0.0.0): Executed 182 of 1097[31m (2 FAILED)[39m (0 secs / 1.208 secs)
LOG: 'AuthInterceptor constructed'
[1A[2KLOG: [36m'AuthInterceptor constructed'[39m
Chrome Headless 140.0.0.0 (Linux 0.0.0): Executed 182 of 1097[31m (2 FAILED)[39m (0 secs / 1.208 secs)
LOG: 'AuthInterceptor constructed'
[1A[2KLOG: [36m'AuthInterceptor intercept called for:', '/api/users'[39m
Chrome Headless 140.0.0.0 (Linux 0.0.0): Executed 182 of 1097[31m (2 FAILED)[39m (0 secs / 1.208 secs)
LOG: 'AuthInterceptor intercept called for:', '/api/users'
[1A[2KLOG: [36m'Token from service:', 'exists'[39m
Chrome Headless 140.0.0.0 (Linux 0.0.0): Executed 182 of 1097[31m (2 FAILED)[39m (0 secs / 1.208 secs)
LOG: 'Token from service:', 'exists'
[1A[2KChrome Headless 140.0.0.0 (Linux 0.0.0): Executed 183 of 1097[31m (2 FAILED)[39m (0 secs / 1.211 secs)
[1A[2KLOG: [36m'AuthInterceptor constructed'[39m
Chrome Headless 140.0.0.0 (Linux 0.0.0): Executed 183 of 1097[31m (2 FAILED)[39m (0 secs / 1.211 secs)
LOG: 'AuthInterceptor constructed'
[1A[2KLOG: [36m'AuthInterceptor constructed'[39m
Chrome Headless 140.0.0.0 (Linux 0.0.0): Executed 183 of 1097[31m (2 FAILED)[39m (0 secs / 1.211 secs)
LOG: 'AuthInterceptor constructed'
[1A[2KLOG: [36m'AuthInterceptor intercept called for:', '/api/users'[39m
Chrome Headless 140.0.0.0 (Linux 0.0.0): Executed 183 of 1097[31m (2 FAILED)[39m (0 secs / 1.211 secs)
LOG: 'AuthInterceptor intercept called for:', '/api/users'
[1A[2KLOG: [36m'Token from service:', 'exists'[39m
Chrome Headless 140.0.0.0 (Linux 0.0.0): Executed 183 of 1097[31m (2 FAILED)[39m (0 secs / 1.211 secs)
LOG: 'Token from service:', 'exists'
[1A[2KChrome Headless 140.0.0.0 (Linux 0.0.0): Executed 184 of 1097[31m (2 FAILED)[39m (0 secs / 1.214 secs)
[1A[2KLOG: [36m'AuthInterceptor constructed'[39m
Chrome Headless 140.0.0.0 (Linux 0.0.0): Executed 184 of 1097[31m (2 FAILED)[39m (0 secs / 1.214 secs)
LOG: 'AuthInterceptor constructed'
[1A[2KLOG: [36m'AuthInterceptor constructed'[39m
Chrome Headless 140.0.0.0 (Linux 0.0.0): Executed 184 of 1097[31m (2 FAILED)[39m (0 secs / 1.214 secs)
LOG: 'AuthInterceptor constructed'
[1A[2KLOG: [36m'AuthInterceptor intercept called for:', '/api/users'[39m
Chrome Headless 140.0.0.0 (Linux 0.0.0): Executed 184 of 1097[31m (2 FAILED)[39m (0 secs / 1.214 secs)
LOG: 'AuthInterceptor intercept called for:', '/api/users'
[1A[2KLOG: [36m'Token from service:', 'exists'[39m
Chrome Headless 140.0.0.0 (Linux 0.0.0): Executed 184 of 1097[31m (2 FAILED)[39m (0 secs / 1.214 secs)
LOG: 'Token from service:', 'exists'
[1A[2KChrome Headless 140.0.0.0 (Linux 0.0.0): Executed 185 of 1097[31m (2 FAILED)[39m (0 secs / 1.216 secs)
[1A[2KLOG: [36m'AuthInterceptor constructed'[39m
Chrome Headless 140.0.0.0 (Linux 0.0.0): Executed 185 of 1097[31m (2 FAILED)[39m (0 secs / 1.216 secs)
LOG: 'AuthInterceptor constructed'
[1A[2KLOG: [36m'AuthInterceptor constructed'[39m
Chrome Headless 140.0.0.0 (Linux 0.0.0): Executed 185 of 1097[31m (2 FAILED)[39m (0 secs / 1.216 secs)
LOG: 'AuthInterceptor constructed'
[1A[2KLOG: [36m'AuthInterceptor intercept called for:', '/api/users/999'[39m
Chrome Headless 140.0.0.0 (Linux 0.0.0): Executed 185 of 1097[31m (2 FAILED)[39m (0 secs / 1.216 secs)
LOG: 'AuthInterceptor intercept called for:', '/api/users/999'
[1A[2KLOG: [36m'Token from service:', 'exists'[39m
Chrome Headless 140.0.0.0 (Linux 0.0.0): Executed 185 of 1097[31m (2 FAILED)[39m (0 secs / 1.216 secs)
LOG: 'Token from service:', 'exists'
[1A[2KChrome Headless 140.0.0.0 (Linux 0.0.0): Executed 186 of 1097[31m (2 FAILED)[39m (0 secs / 1.218 secs)
[1A[2KLOG: [36m'AuthInterceptor constructed'[39m
Chrome Headless 140.0.0.0 (Linux 0.0.0): Executed 186 of 1097[31m (2 FAILED)[39m (0 secs / 1.218 secs)
LOG: 'AuthInterceptor constructed'
[1A[2KLOG: [36m'AuthInterceptor constructed'[39m
Chrome Headless 140.0.0.0 (Linux 0.0.0): Executed 186 of 1097[31m (2 FAILED)[39m (0 secs / 1.218 secs)
LOG: 'AuthInterceptor constructed'
[1A[2KLOG: [36m'AuthInterceptor intercept called for:', '/api/admin'[39m
Chrome Headless 140.0.0.0 (Linux 0.0.0): Executed 186 of 1097[31m (2 FAILED)[39m (0 secs / 1.218 secs)
LOG: 'AuthInterceptor intercept called for:', '/api/admin'
[1A[2KLOG: [36m'Token from service:', 'exists'[39m
Chrome Headless 140.0.0.0 (Linux 0.0.0): Executed 186 of 1097[31m (2 FAILED)[39m (0 secs / 1.218 secs)
LOG: 'Token from service:', 'exists'
[1A[2KChrome Headless 140.0.0.0 (Linux 0.0.0): Executed 187 of 1097[31m (2 FAILED)[39m (0 secs / 1.22 secs)
[1A[2KLOG: [36m'AuthInterceptor constructed'[39m
Chrome Headless 140.0.0.0 (Linux 0.0.0): Executed 187 of 1097[31m (2 FAILED)[39m (0 secs / 1.22 secs)
LOG: 'AuthInterceptor constructed'
[1A[2KLOG: [36m'AuthInterceptor constructed'[39m
Chrome Headless 140.0.0.0 (Linux 0.0.0): Executed 187 of 1097[31m (2 FAILED)[39m (0 secs / 1.22 secs)
LOG: 'AuthInterceptor constructed'
[1A[2KLOG: [36m'AuthInterceptor intercept called for:', '/api/protected'[39m
Chrome Headless 140.0.0.0 (Linux 0.0.0): Executed 187 of 1097[31m (2 FAILED)[39m (0 secs / 1.22 secs)
LOG: 'AuthInterceptor intercept called for:', '/api/protected'
[1A[2KLOG: [36m'Token from service:', 'exists'[39m
Chrome Headless 140.0.0.0 (Linux 0.0.0): Executed 187 of 1097[31m (2 FAILED)[39m (0 secs / 1.22 secs)
LOG: 'Token from service:', 'exists'
[1A[2KChrome Headless 140.0.0.0 (Linux 0.0.0): Executed 188 of 1097[31m (2 FAILED)[39m (0 secs / 1.224 secs)
[1A[2KLOG: [36m'AuthInterceptor constructed'[39m
Chrome Headless 140.0.0.0 (Linux 0.0.0): Executed 188 of 1097[31m (2 FAILED)[39m (0 secs / 1.224 secs)
LOG: 'AuthInterceptor constructed'
[1A[2KLOG: [36m'AuthInterceptor constructed'[39m
Chrome Headless 140.0.0.0 (Linux 0.0.0): Executed 188 of 1097[31m (2 FAILED)[39m (0 secs / 1.224 secs)
LOG: 'AuthInterceptor constructed'
[1A[2KLOG: [36m'AuthInterceptor intercept called for:', '/api/users/1'[39m
Chrome Headless 140.0.0.0 (Linux 0.0.0): Executed 188 of 1097[31m (2 FAILED)[39m (0 secs / 1.224 secs)
LOG: 'AuthInterceptor intercept called for:', '/api/users/1'
[1A[2KLOG: [36m'Token from service:', 'exists'[39m
Chrome Headless 140.0.0.0 (Linux 0.0.0): Executed 188 of 1097[31m (2 FAILED)[39m (0 secs / 1.224 secs)
LOG: 'Token from service:', 'exists'
[1A[2KChrome Headless 140.0.0.0 (Linux 0.0.0): Executed 189 of 1097[31m (2 FAILED)[39m (0 secs / 1.227 secs)
[1A[2KLOG: [36m'AuthInterceptor constructed'[39m
Chrome Headless 140.0.0.0 (Linux 0.0.0): Executed 189 of 1097[31m (2 FAILED)[39m (0 secs / 1.227 secs)
LOG: 'AuthInterceptor constructed'
[1A[2KLOG: [36m'AuthInterceptor constructed'[39m
Chrome Headless 140.0.0.0 (Linux 0.0.0): Executed 189 of 1097[31m (2 FAILED)[39m (0 secs / 1.227 secs)
LOG: 'AuthInterceptor constructed'
[1A[2KLOG: [36m'AuthInterceptor intercept called for:', '/api/users'[39m
Chrome Headless 140.0.0.0 (Linux 0.0.0): Executed 189 of 1097[31m (2 FAILED)[39m (0 secs / 1.227 secs)
LOG: 'AuthInterceptor intercept called for:', '/api/users'
[1A[2KLOG: [36m'Token from service:', 'null'[39m
Chrome Headless 140.0.0.0 (Linux 0.0.0): Executed 189 of 1097[31m (2 FAILED)[39m (0 secs / 1.227 secs)
LOG: 'Token from service:', 'null'
[1A[2KChrome Headless 140.0.0.0 (Linux 0.0.0): Executed 190 of 1097[31m (2 FAILED)[39m (0 secs / 1.23 secs)
[1A[2KLOG: [36m'AuthInterceptor constructed'[39m
Chrome Headless 140.0.0.0 (Linux 0.0.0): Executed 190 of 1097[31m (2 FAILED)[39m (0 secs / 1.23 secs)
LOG: 'AuthInterceptor constructed'
[1A[2KLOG: [36m'AuthInterceptor constructed'[39m
Chrome Headless 140.0.0.0 (Linux 0.0.0): Executed 190 of 1097[31m (2 FAILED)[39m (0 secs / 1.23 secs)
LOG: 'AuthInterceptor constructed'
[1A[2KLOG: [36m'AuthInterceptor intercept called for:', '/api/users'[39m
Chrome Headless 140.0.0.0 (Linux 0.0.0): Executed 190 of 1097[31m (2 FAILED)[39m (0 secs / 1.23 secs)
LOG: 'AuthInterceptor intercept called for:', '/api/users'
[1A[2KLOG: [36m'Token from service:', 'null'[39m
Chrome Headless 140.0.0.0 (Linux 0.0.0): Executed 190 of 1097[31m (2 FAILED)[39m (0 secs / 1.23 secs)
LOG: 'Token from service:', 'null'
[1A[2KChrome Headless 140.0.0.0 (Linux 0.0.0): Executed 191 of 1097[31m (2 FAILED)[39m (0 secs / 1.233 secs)
[1A[2KLOG: [36m'AuthInterceptor constructed'[39m
Chrome Headless 140.0.0.0 (Linux 0.0.0): Executed 191 of 1097[31m (2 FAILED)[39m (0 secs / 1.233 secs)
LOG: 'AuthInterceptor constructed'
[1A[2KLOG: [36m'AuthInterceptor constructed'[39m
Chrome Headless 140.0.0.0 (Linux 0.0.0): Executed 191 of 1097[31m (2 FAILED)[39m (0 secs / 1.233 secs)
LOG: 'AuthInterceptor constructed'
[1A[2KLOG: [36m'AuthInterceptor intercept called for:', '/api/users'[39m
Chrome Headless 140.0.0.0 (Linux 0.0.0): Executed 191 of 1097[31m (2 FAILED)[39m (0 secs / 1.233 secs)
LOG: 'AuthInterceptor intercept called for:', '/api/users'
[1A[2KLOG: [36m'Token from service:', 'exists'[39m
Chrome Headless 140.0.0.0 (Linux 0.0.0): Executed 191 of 1097[31m (2 FAILED)[39m (0 secs / 1.233 secs)
LOG: 'Token from service:', 'exists'
[1A[2KLOG: [36m'AuthInterceptor intercept called for:', '/api/posts'[39m
Chrome Headless 140.0.0.0 (Linux 0.0.0): Executed 191 of 1097[31m (2 FAILED)[39m (0 secs / 1.233 secs)
LOG: 'AuthInterceptor intercept called for:', '/api/posts'
[1A[2KLOG: [36m'Token from service:', 'exists'[39m
Chrome Headless 140.0.0.0 (Linux 0.0.0): Executed 191 of 1097[31m (2 FAILED)[39m (0 secs / 1.233 secs)
LOG: 'Token from service:', 'exists'
[1A[2KChrome Headless 140.0.0.0 (Linux 0.0.0): Executed 192 of 1097[31m (2 FAILED)[39m (0 secs / 1.236 secs)
[1A[2KChrome Headless 140.0.0.0 (Linux 0.0.0): Executed 193 of 1097[31m (2 FAILED)[39m (0 secs / 1.279 secs)
[1A[2KChrome Headless 140.0.0.0 (Linux 0.0.0): Executed 194 of 1097[31m (2 FAILED)[39m (0 secs / 1.29 secs)
[1A[2KChrome Headless 140.0.0.0 (Linux 0.0.0): Executed 195 of 1097[31m (2 FAILED)[39m (0 secs / 1.301 secs)
[1A[2KERROR: [36m'Failed to load shop data:', Object{message: 'Shop not found'}[39m
Chrome Headless 140.0.0.0 (Linux 0.0.0): Executed 195 of 1097[31m (2 FAILED)[39m (0 secs / 1.301 secs)
ERROR: 'Failed to load shop data:', Object{message: 'Shop not found'}
[1A[2KChrome Headless 140.0.0.0 (Linux 0.0.0): Executed 196 of 1097[31m (2 FAILED)[39m (0 secs / 1.305 secs)
[1A[2KERROR: [36m'Onboarding failed:', Object{message: 'Network error'}[39m
Chrome Headless 140.0.0.0 (Linux 0.0.0): Executed 196 of 1097[31m (2 FAILED)[39m (0 secs / 1.305 secs)
ERROR: 'Onboarding failed:', Object{message: 'Network error'}
[1A[2KChrome Headless 140.0.0.0 (Linux 0.0.0): Executed 197 of 1097[31m (2 FAILED)[39m (0 secs / 1.316 secs)
[1A[2KChrome Headless 140.0.0.0 (Linux 0.0.0): Executed 198 of 1097[31m (2 FAILED)[39m (0 secs / 1.32 secs)
[1A[2KChrome Headless 140.0.0.0 (Linux 0.0.0): Executed 199 of 1097[31m (2 FAILED)[39m (0 secs / 1.34 secs)
[1A[2KChrome Headless 140.0.0.0 (Linux 0.0.0): Executed 200 of 1097[31m (2 FAILED)[39m (0 secs / 1.351 secs)
[1A[2KChrome Headless 140.0.0.0 (Linux 0.0.0): Executed 201 of 1097[31m (2 FAILED)[39m (0 secs / 1.356 secs)
[1A[2KChrome Headless 140.0.0.0 (Linux 0.0.0): Executed 202 of 1097[31m (2 FAILED)[39m (0 secs / 1.361 secs)
[1A[2KChrome Headless 140.0.0.0 (Linux 0.0.0): Executed 203 of 1097[31m (2 FAILED)[39m (0 secs / 1.371 secs)
[1A[2KChrome Headless 140.0.0.0 (Linux 0.0.0): Executed 204 of 1097[31m (2 FAILED)[39m (0 secs / 1.375 secs)
[1A[2KERROR: [36m'ShopperStoreService error:', HttpErrorResponse{headers: _HttpHeaders{headers: Map{}, normalizedNames: Map{}, lazyInit: undefined, lazyUpdate: null}, status: 500, statusText: 'Internal Server Error', url: 'http://localhost:5000/api/shop/test-store/items', ok: false, type: undefined, redirected: undefined, name: 'HttpErrorResponse', message: 'Http failure response for http://localhost:5000/api/shop/test-store/items: 500 Internal Server Error', error: Object{error: Object{message: ...}}}[39m
Chrome Headless 140.0.0.0 (Linux 0.0.0): Executed 204 of 1097[31m (2 FAILED)[39m (0 secs / 1.375 secs)
ERROR: 'ShopperStoreService error:', HttpErrorResponse{headers: _HttpHeaders{headers: Map{}, normalizedNames: Map{}, lazyInit: undefined, lazyUpdate: null}, status: 500, statusText: 'Internal Server Error', url: 'http://localhost:5000/api/shop/test-store/items', ok: false, type: undefined, redirected: undefined, name: 'HttpErrorResponse', message: 'Http failure response for http://localhost:5000/api/shop/test-store/items: 500 Internal Server Error', error: Object{error: Object{message: ...}}}
[1A[2KChrome Headless 140.0.0.0 (Linux 0.0.0): Executed 205 of 1097[31m (2 FAILED)[39m (0 secs / 1.379 secs)
[1A[2KERROR: [36m'ShopperStoreService error:', HttpErrorResponse{headers: _HttpHeaders{headers: Map{}, normalizedNames: Map{}, lazyInit: undefined, lazyUpdate: null}, status: 404, statusText: 'Not Found', url: 'http://localhost:5000/api/shop/test-store/items/non-existent', ok: false, type: undefined, redirected: undefined, name: 'HttpErrorResponse', message: 'Http failure response for http://localhost:5000/api/shop/test-store/items/non-existent: 404 Not Found', error: Object{error: Object{message: ...}}}[39m
Chrome Headless 140.0.0.0 (Linux 0.0.0): Executed 205 of 1097[31m (2 FAILED)[39m (0 secs / 1.379 secs)
ERROR: 'ShopperStoreService error:', HttpErrorResponse{headers: _HttpHeaders{headers: Map{}, normalizedNames: Map{}, lazyInit: undefined, lazyUpdate: null}, status: 404, statusText: 'Not Found', url: 'http://localhost:5000/api/shop/test-store/items/non-existent', ok: false, type: undefined, redirected: undefined, name: 'HttpErrorResponse', message: 'Http failure response for http://localhost:5000/api/shop/test-store/items/non-existent: 404 Not Found', error: Object{error: Object{message: ...}}}
[1A[2KChrome Headless 140.0.0.0 (Linux 0.0.0): Executed 206 of 1097[31m (2 FAILED)[39m (0 secs / 1.381 secs)
[1A[2KERROR: [36m'ShopperStoreService error:', HttpErrorResponse{headers: _HttpHeaders{headers: Map{}, normalizedNames: Map{}, lazyInit: undefined, lazyUpdate: null}, status: 503, statusText: 'Service Unavailable', url: 'http://localhost:5000/api/shop/test-store/search?q=test', ok: false, type: undefined, redirected: undefined, name: 'HttpErrorResponse', message: 'Http failure response for http://localhost:5000/api/shop/test-store/search?q=test: 503 Service Unavailable', error: Object{error: Object{message: ...}}}[39m
Chrome Headless 140.0.0.0 (Linux 0.0.0): Executed 206 of 1097[31m (2 FAILED)[39m (0 secs / 1.381 secs)
ERROR: 'ShopperStoreService error:', HttpErrorResponse{headers: _HttpHeaders{headers: Map{}, normalizedNames: Map{}, lazyInit: undefined, lazyUpdate: null}, status: 503, statusText: 'Service Unavailable', url: 'http://localhost:5000/api/shop/test-store/search?q=test', ok: false, type: undefined, redirected: undefined, name: 'HttpErrorResponse', message: 'Http failure response for http://localhost:5000/api/shop/test-store/search?q=test: 503 Service Unavailable', error: Object{error: Object{message: ...}}}
[1A[2KChrome Headless 140.0.0.0 (Linux 0.0.0): Executed 207 of 1097[31m (2 FAILED)[39m (0 secs / 1.384 secs)
[1A[2KERROR: [36m'ShopperStoreService error:', HttpErrorResponse{headers: _HttpHeaders{headers: Map{}, normalizedNames: Map{}, lazyInit: undefined, lazyUpdate: null}, status: 0, statusText: 'Unknown Error', url: 'http://localhost:5000/api/shop/test-store', ok: false, type: undefined, redirected: undefined, name: 'HttpErrorResponse', message: 'Http failure response for http://localhost:5000/api/shop/test-store: 0 Unknown Error', error: Object{message: 'Network error'}}[39m
Chrome Headless 140.0.0.0 (Linux 0.0.0): Executed 207 of 1097[31m (2 FAILED)[39m (0 secs / 1.384 secs)
ERROR: 'ShopperStoreService error:', HttpErrorResponse{headers: _HttpHeaders{headers: Map{}, normalizedNames: Map{}, lazyInit: undefined, lazyUpdate: null}, status: 0, statusText: 'Unknown Error', url: 'http://localhost:5000/api/shop/test-store', ok: false, type: undefined, redirected: undefined, name: 'HttpErrorResponse', message: 'Http failure response for http://localhost:5000/api/shop/test-store: 0 Unknown Error', error: Object{message: 'Network error'}}
[1A[2KChrome Headless 140.0.0.0 (Linux 0.0.0): Executed 208 of 1097[31m (2 FAILED)[39m (0 secs / 1.387 secs)
[1A[2KERROR: [36m'ShopperStoreService error:', HttpErrorResponse{headers: _HttpHeaders{headers: Map{}, normalizedNames: Map{}, lazyInit: undefined, lazyUpdate: null}, status: 400, statusText: 'Bad Request', url: 'http://localhost:5000/api/shop/test-store', ok: false, type: undefined, redirected: undefined, name: 'HttpErrorResponse', message: 'Http failure response for http://localhost:5000/api/shop/test-store: 400 Bad Request', error: Object{error: Object{errors: ...}}}[39m
Chrome Headless 140.0.0.0 (Linux 0.0.0): Executed 208 of 1097[31m (2 FAILED)[39m (0 secs / 1.387 secs)
ERROR: 'ShopperStoreService error:', HttpErrorResponse{headers: _HttpHeaders{headers: Map{}, normalizedNames: Map{}, lazyInit: undefined, lazyUpdate: null}, status: 400, statusText: 'Bad Request', url: 'http://localhost:5000/api/shop/test-store', ok: false, type: undefined, redirected: undefined, name: 'HttpErrorResponse', message: 'Http failure response for http://localhost:5000/api/shop/test-store: 400 Bad Request', error: Object{error: Object{errors: ...}}}
[1A[2KChrome Headless 140.0.0.0 (Linux 0.0.0): Executed 209 of 1097[31m (2 FAILED)[39m (0 secs / 1.389 secs)
[1A[2KChrome Headless 140.0.0.0 (Linux 0.0.0): Executed 210 of 1097[31m (2 FAILED)[39m (0 secs / 1.391 secs)
[1A[2KChrome Headless 140.0.0.0 (Linux 0.0.0): Executed 211 of 1097[31m (2 FAILED)[39m (0 secs / 1.393 secs)
[1A[2KChrome Headless 140.0.0.0 (Linux 0.0.0): Executed 212 of 1097[31m (2 FAILED)[39m (0 secs / 1.395 secs)
[1A[2KChrome Headless 140.0.0.0 (Linux 0.0.0): Executed 213 of 1097[31m (2 FAILED)[39m (0 secs / 1.397 secs)
[1A[2KChrome Headless 140.0.0.0 (Linux 0.0.0): Executed 214 of 1097[31m (2 FAILED)[39m (0 secs / 1.4 secs)
[1A[2KChrome Headless 140.0.0.0 (Linux 0.0.0): Executed 215 of 1097[31m (2 FAILED)[39m (0 secs / 1.402 secs)
[1A[2KChrome Headless 140.0.0.0 (Linux 0.0.0): Executed 216 of 1097[31m (2 FAILED)[39m (0 secs / 1.404 secs)
[1A[2KChrome Headless 140.0.0.0 (Linux 0.0.0): Executed 217 of 1097[31m (2 FAILED)[39m (0 secs / 1.406 secs)
[1A[2KChrome Headless 140.0.0.0 (Linux 0.0.0): Executed 218 of 1097[31m (2 FAILED)[39m (0 secs / 1.408 secs)
[1A[2KChrome Headless 140.0.0.0 (Linux 0.0.0): Executed 219 of 1097[31m (2 FAILED)[39m (0 secs / 1.41 secs)
[1A[2KChrome Headless 140.0.0.0 (Linux 0.0.0): Executed 220 of 1097[31m (2 FAILED)[39m (0 secs / 1.412 secs)
[1A[2KERROR: [36m'ShopperStoreService error:', HttpErrorResponse{headers: _HttpHeaders{headers: Map{}, normalizedNames: Map{}, lazyInit: undefined, lazyUpdate: null}, status: 404, statusText: 'Not Found', url: 'http://localhost:5000/api/shop/non-existent', ok: false, type: undefined, redirected: undefined, name: 'HttpErrorResponse', message: 'Http failure response for http://localhost:5000/api/shop/non-existent: 404 Not Found', error: Object{message: 'Store not found'}}[39m
Chrome Headless 140.0.0.0 (Linux 0.0.0): Executed 220 of 1097[31m (2 FAILED)[39m (0 secs / 1.412 secs)
ERROR: 'ShopperStoreService error:', HttpErrorResponse{headers: _HttpHeaders{headers: Map{}, normalizedNames: Map{}, lazyInit: undefined, lazyUpdate: null}, status: 404, statusText: 'Not Found', url: 'http://localhost:5000/api/shop/non-existent', ok: false, type: undefined, redirected: undefined, name: 'HttpErrorResponse', message: 'Http failure response for http://localhost:5000/api/shop/non-existent: 404 Not Found', error: Object{message: 'Store not found'}}
[1A[2KChrome Headless 140.0.0.0 (Linux 0.0.0): Executed 221 of 1097[31m (2 FAILED)[39m (0 secs / 1.414 secs)
[1A[2KChrome Headless 140.0.0.0 (Linux 0.0.0): Executed 222 of 1097[31m (2 FAILED)[39m (0 secs / 1.416 secs)
[1A[2KChrome Headless 140.0.0.0 (Linux 0.0.0): Executed 223 of 1097[31m (2 FAILED)[39m (0 secs / 1.542 secs)
[1A[2KChrome Headless 140.0.0.0 (Linux 0.0.0): Executed 224 of 1097[31m (2 FAILED)[39m (0 secs / 1.548 secs)
[1A[2K[31mChrome Headless 140.0.0.0 (Linux 0.0.0) ItemDetailComponent should create FAILED[39m
	TypeError: Cannot read properties of undefined (reading 'subscribe')
	    at new _RouterLinkActive (node_modules/@angular/router/fesm2022/router_module.mjs:570:55)
	    at NodeInjectorFactory._RouterLinkActive_Factory [as factory] (ng:///_RouterLinkActive/ɵfac.js:4:10)
	    at getNodeInjectable (node_modules/@angular/core/fesm2022/debug_node.mjs:1989:44)
	    at instantiateAllDirectives (node_modules/@angular/core/fesm2022/debug_node.mjs:9297:27)
	    at createDirectivesInstances (node_modules/@angular/core/fesm2022/debug_node.mjs:9070:5)
	    at ɵɵelementStart (node_modules/@angular/core/fesm2022/debug_node.mjs:23396:9)
	    at OwnerHeaderComponent2_nav_8_Template (ng:///OwnerHeaderComponent2.js:5:47)
	    at executeTemplate (node_modules/@angular/core/fesm2022/debug_node.mjs:9056:9)
	    at renderView (node_modules/@angular/core/fesm2022/debug_node.mjs:9678:13)
	    at createAndRenderEmbeddedLView (node_modules/@angular/core/fesm2022/debug_node.mjs:9748:9)
Chrome Headless 140.0.0.0 (Linux 0.0.0): Executed 225 of 1097[31m (3 FAILED)[39m (0 secs / 2.117 secs)
[1A[2KChrome Headless 140.0.0.0 (Linux 0.0.0): Executed 226 of 1097[31m (3 FAILED)[39m (0 secs / 2.126 secs)
[1A[2KChrome Headless 140.0.0.0 (Linux 0.0.0): Executed 227 of 1097[31m (3 FAILED)[39m (0 secs / 2.135 secs)
[1A[2KChrome Headless 140.0.0.0 (Linux 0.0.0): Executed 228 of 1097[31m (3 FAILED)[39m (0 secs / 2.142 secs)
[1A[2KChrome Headless 140.0.0.0 (Linux 0.0.0): Executed 229 of 1097[31m (3 FAILED)[39m (0 secs / 2.147 secs)
[1A[2KChrome Headless 140.0.0.0 (Linux 0.0.0): Executed 230 of 1097[31m (3 FAILED)[39m (0 secs / 2.152 secs)
[1A[2K[31mChrome Headless 140.0.0.0 (Linux 0.0.0) ItemDetailComponent should load item details on init FAILED[39m
	TypeError: Cannot read properties of undefined (reading 'subscribe')
	    at new _RouterLinkActive (node_modules/@angular/router/fesm2022/router_module.mjs:570:55)
	    at NodeInjectorFactory._RouterLinkActive_Factory [as factory] (ng:///_RouterLinkActive/ɵfac.js:4:10)
	    at getNodeInjectable (node_modules/@angular/core/fesm2022/debug_node.mjs:1989:44)
	    at instantiateAllDirectives (node_modules/@angular/core/fesm2022/debug_node.mjs:9297:27)
	    at createDirectivesInstances (node_modules/@angular/core/fesm2022/debug_node.mjs:9070:5)
	    at ɵɵelementStart (node_modules/@angular/core/fesm2022/debug_node.mjs:23396:9)
	    at OwnerHeaderComponent2_nav_8_Template (ng:///OwnerHeaderComponent2.js:5:47)
	    at executeTemplate (node_modules/@angular/core/fesm2022/debug_node.mjs:9056:9)
	    at renderView (node_modules/@angular/core/fesm2022/debug_node.mjs:9678:13)
	    at createAndRenderEmbeddedLView (node_modules/@angular/core/fesm2022/debug_node.mjs:9748:9)
Chrome Headless 140.0.0.0 (Linux 0.0.0): Executed 231 of 1097[31m (4 FAILED)[39m (0 secs / 2.165 secs)
[1A[2KChrome Headless 140.0.0.0 (Linux 0.0.0): Executed 232 of 1097[31m (4 FAILED)[39m (0 secs / 2.171 secs)
[1A[2KChrome Headless 140.0.0.0 (Linux 0.0.0): Executed 233 of 1097[31m (4 FAILED)[39m (0 secs / 2.21 secs)
[1A[2KChrome Headless 140.0.0.0 (Linux 0.0.0): Executed 234 of 1097[31m (4 FAILED)[39m (0 secs / 2.219 secs)
[1A[2KChrome Headless 140.0.0.0 (Linux 0.0.0): Executed 235 of 1097[31m (4 FAILED)[39m (0 secs / 2.224 secs)
[1A[2KChrome Headless 140.0.0.0 (Linux 0.0.0): Executed 236 of 1097[31m (4 FAILED)[39m (0 secs / 2.232 secs)
[1A[2KChrome Headless 140.0.0.0 (Linux 0.0.0): Executed 237 of 1097[31m (4 FAILED)[39m (0 secs / 2.241 secs)
[1A[2KChrome Headless 140.0.0.0 (Linux 0.0.0): Executed 238 of 1097[31m (4 FAILED)[39m (0 secs / 2.249 secs)
[1A[2KChrome Headless 140.0.0.0 (Linux 0.0.0): Executed 239 of 1097[31m (4 FAILED)[39m (0 secs / 2.254 secs)
[1A[2KChrome Headless 140.0.0.0 (Linux 0.0.0): Executed 240 of 1097[31m (4 FAILED)[39m (0 secs / 2.259 secs)
[1A[2KChrome Headless 140.0.0.0 (Linux 0.0.0): Executed 241 of 1097[31m (4 FAILED)[39m (0 secs / 2.264 secs)
[1A[2KChrome Headless 140.0.0.0 (Linux 0.0.0): Executed 242 of 1097[31m (4 FAILED)[39m (0 secs / 2.269 secs)
[1A[2KChrome Headless 140.0.0.0 (Linux 0.0.0): Executed 243 of 1097[31m (4 FAILED)[39m (0 secs / 2.275 secs)
[1A[2KChrome Headless 140.0.0.0 (Linux 0.0.0): Executed 244 of 1097[31m (4 FAILED)[39m (0 secs / 2.28 secs)
[1A[2KChrome Headless 140.0.0.0 (Linux 0.0.0): Executed 245 of 1097[31m (4 FAILED)[39m (0 secs / 2.286 secs)
[1A[2KChrome Headless 140.0.0.0 (Linux 0.0.0): Executed 246 of 1097[31m (4 FAILED)[39m (0 secs / 2.354 secs)
[1A[2KChrome Headless 140.0.0.0 (Linux 0.0.0): Executed 247 of 1097[31m (4 FAILED)[39m (0 secs / 2.36 secs)
[1A[2KChrome Headless 140.0.0.0 (Linux 0.0.0): Executed 248 of 1097[31m (4 FAILED)[39m (0 secs / 2.365 secs)
[1A[2KChrome Headless 140.0.0.0 (Linux 0.0.0): Executed 249 of 1097[31m (4 FAILED)[39m (0 secs / 2.369 secs)
[1A[2KChrome Headless 140.0.0.0 (Linux 0.0.0): Executed 250 of 1097[31m (4 FAILED)[39m (0 secs / 2.373 secs)
[1A[2KChrome Headless 140.0.0.0 (Linux 0.0.0): Executed 251 of 1097[31m (4 FAILED)[39m (0 secs / 2.377 secs)
[1A[2KChrome Headless 140.0.0.0 (Linux 0.0.0): Executed 252 of 1097[31m (4 FAILED)[39m (0 secs / 2.382 secs)
[1A[2KChrome Headless 140.0.0.0 (Linux 0.0.0): Executed 253 of 1097[31m (4 FAILED)[39m (0 secs / 2.388 secs)
[1A[2KChrome Headless 140.0.0.0 (Linux 0.0.0): Executed 254 of 1097[31m (4 FAILED)[39m (0 secs / 2.393 secs)
[1A[2KChrome Headless 140.0.0.0 (Linux 0.0.0): Executed 255 of 1097[31m (4 FAILED)[39m (0 secs / 2.398 secs)
[1A[2KChrome Headless 140.0.0.0 (Linux 0.0.0): Executed 256 of 1097[31m (4 FAILED)[39m (0 secs / 2.403 secs)
[1A[2KChrome Headless 140.0.0.0 (Linux 0.0.0): Executed 257 of 1097[31m (4 FAILED)[39m (0 secs / 2.407 secs)
[1A[2KChrome Headless 140.0.0.0 (Linux 0.0.0): Executed 258 of 1097[31m (4 FAILED)[39m (0 secs / 2.412 secs)
[1A[2KChrome Headless 140.0.0.0 (Linux 0.0.0): Executed 259 of 1097[31m (4 FAILED)[39m (0 secs / 2.417 secs)
[1A[2KERROR: [36m'Error loading items:', Error: Service error
Error: Service error
    at http://localhost:9876/base/src/app/features/consignor/items/item-list/item-list.component.spec.ts:85:68
    at _Observable.init [as _subscribe] (http://localhost:9876/base/node_modules/rxjs/dist/esm/internal/observable/throwError.js:5:51)
    at _Observable._trySubscribe (http://localhost:9876/base/node_modules/rxjs/dist/esm/internal/Observable.js:37:25)
    at http://localhost:9876/base/node_modules/rxjs/dist/esm/internal/Observable.js:31:30
    at errorContext (http://localhost:9876/base/node_modules/rxjs/dist/esm/internal/util/errorContext.js:19:9)
    at _Observable.subscribe (http://localhost:9876/base/node_modules/rxjs/dist/esm/internal/Observable.js:22:9)
    at http://localhost:9876/base/node_modules/rxjs/dist/esm/internal/operators/takeUntil.js:8:38
    at SafeSubscriber.<anonymous> (http://localhost:9876/base/node_modules/rxjs/dist/esm/internal/util/lift.js:10:28)
    at http://localhost:9876/base/node_modules/rxjs/dist/esm/internal/Observable.js:26:30
    at errorContext (http://localhost:9876/base/node_modules/rxjs/dist/esm/internal/util/errorContext.js:19:9)[39m
Chrome Headless 140.0.0.0 (Linux 0.0.0): Executed 259 of 1097[31m (4 FAILED)[39m (0 secs / 2.417 secs)
ERROR: 'Error loading items:', Error: Service error
Error: Service error
    at http://localhost:9876/base/src/app/features/consignor/items/item-list/item-list.component.spec.ts:85:68
    at _Observable.init [as _subscribe] (http://localhost:9876/base/node_modules/rxjs/dist/esm/internal/observable/throwError.js:5:51)
    at _Observable._trySubscribe (http://localhost:9876/base/node_modules/rxjs/dist/esm/internal/Observable.js:37:25)
    at http://localhost:9876/base/node_modules/rxjs/dist/esm/internal/Observable.js:31:30
    at errorContext (http://localhost:9876/base/node_modules/rxjs/dist/esm/internal/util/errorContext.js:19:9)
    at _Observable.subscribe (http://localhost:9876/base/node_modules/rxjs/dist/esm/internal/Observable.js:22:9)
    at http://localhost:9876/base/node_modules/rxjs/dist/esm/internal/operators/takeUntil.js:8:38
    at SafeSubscriber.<anonymous> (http://localhost:9876/base/node_modules/rxjs/dist/esm/internal/util/lift.js:10:28)
    at http://localhost:9876/base/node_modules/rxjs/dist/esm/internal/Observable.js:26:30
    at errorContext (http://localhost:9876/base/node_modules/rxjs/dist/esm/internal/util/errorContext.js:19:9)
[1A[2KChrome Headless 140.0.0.0 (Linux 0.0.0): Executed 260 of 1097[31m (4 FAILED)[39m (0 secs / 2.423 secs)
[1A[2KChrome Headless 140.0.0.0 (Linux 0.0.0): Executed 261 of 1097[31m (4 FAILED)[39m (0 secs / 2.427 secs)
[1A[2KChrome Headless 140.0.0.0 (Linux 0.0.0): Executed 262 of 1097[31m (4 FAILED)[39m (0 secs / 2.431 secs)
[1A[2K[31mChrome Headless 140.0.0.0 (Linux 0.0.0) OwnerPayoutsComponent Pending Payouts should display pending payouts correctly FAILED[39m
	ɵNotFound: NG0201: No provider found for `ActivatedRoute`. Source: Standalone[OwnerPayoutsComponent2]. Find more at https://v20.angular.dev/errors/NG0201
	error properties: Object({ code: -201, ngErrorCode: -201, ngErrorMessage: 'No provider found for `ActivatedRoute`.', ngTokenPath: [ 'ActivatedRoute' ] })
	ɵNotFound: NG0201: No provider found for `ActivatedRoute`. Source: Standalone[OwnerPayoutsComponent2]. Find more at https://v20.angular.dev/errors/NG0201
	    at createRuntimeError (node_modules/@angular/core/fesm2022/root_effect_scheduler.mjs:924:19)
	    at NullInjector.get (node_modules/@angular/core/fesm2022/root_effect_scheduler.mjs:1494:27)
	    at R3Injector.get (node_modules/@angular/core/fesm2022/root_effect_scheduler.mjs:2052:33)
	    at R3Injector.get (node_modules/@angular/core/fesm2022/root_effect_scheduler.mjs:2052:33)
	    at R3Injector.get (node_modules/@angular/core/fesm2022/root_effect_scheduler.mjs:2052:33)
	    at ChainedInjector.get (node_modules/@angular/core/fesm2022/debug_node.mjs:13422:36)
	    at lookupTokenUsingModuleInjector (node_modules/@angular/core/fesm2022/debug_node.mjs:1718:39)
	    at getOrCreateInjectable (node_modules/@angular/core/fesm2022/debug_node.mjs:1766:12)
	    at ɵɵdirectiveInject (node_modules/@angular/core/fesm2022/debug_node.mjs:13473:19)
	    at NodeInjectorFactory._RouterLink_Factory [as factory] (ng:///_RouterLink/ɵfac.js:5:7)
Chrome Headless 140.0.0.0 (Linux 0.0.0): Executed 263 of 1097[31m (5 FAILED)[39m (0 secs / 2.544 secs)
[1A[2K[31mChrome Headless 140.0.0.0 (Linux 0.0.0) OwnerPayoutsComponent Pending Payouts should create payout for consignor FAILED[39m
	ɵNotFound: NG0201: No provider found for `ActivatedRoute`. Source: Standalone[OwnerPayoutsComponent2]. Find more at https://v20.angular.dev/errors/NG0201
	error properties: Object({ code: -201, ngErrorCode: -201, ngErrorMessage: 'No provider found for `ActivatedRoute`.', ngTokenPath: [ 'ActivatedRoute' ] })
	ɵNotFound: NG0201: No provider found for `ActivatedRoute`. Source: Standalone[OwnerPayoutsComponent2]. Find more at https://v20.angular.dev/errors/NG0201
	    at createRuntimeError (node_modules/@angular/core/fesm2022/root_effect_scheduler.mjs:924:19)
	    at NullInjector.get (node_modules/@angular/core/fesm2022/root_effect_scheduler.mjs:1494:27)
	    at R3Injector.get (node_modules/@angular/core/fesm2022/root_effect_scheduler.mjs:2052:33)
	    at R3Injector.get (node_modules/@angular/core/fesm2022/root_effect_scheduler.mjs:2052:33)
	    at R3Injector.get (node_modules/@angular/core/fesm2022/root_effect_scheduler.mjs:2052:33)
	    at ChainedInjector.get (node_modules/@angular/core/fesm2022/debug_node.mjs:13422:36)
	    at lookupTokenUsingModuleInjector (node_modules/@angular/core/fesm2022/debug_node.mjs:1718:39)
	    at getOrCreateInjectable (node_modules/@angular/core/fesm2022/debug_node.mjs:1766:12)
	    at ɵɵdirectiveInject (node_modules/@angular/core/fesm2022/debug_node.mjs:13473:19)
	    at NodeInjectorFactory._RouterLink_Factory [as factory] (ng:///_RouterLink/ɵfac.js:5:7)
Chrome Headless 140.0.0.0 (Linux 0.0.0): Executed 264 of 1097[31m (6 FAILED)[39m (0 secs / 2.558 secs)
[1A[2K[31mChrome Headless 140.0.0.0 (Linux 0.0.0) OwnerPayoutsComponent Payout List Management should get correct sort class FAILED[39m
	ɵNotFound: NG0201: No provider found for `ActivatedRoute`. Source: Standalone[OwnerPayoutsComponent2]. Find more at https://v20.angular.dev/errors/NG0201
	error properties: Object({ code: -201, ngErrorCode: -201, ngErrorMessage: 'No provider found for `ActivatedRoute`.', ngTokenPath: [ 'ActivatedRoute' ] })
	ɵNotFound: NG0201: No provider found for `ActivatedRoute`. Source: Standalone[OwnerPayoutsComponent2]. Find more at https://v20.angular.dev/errors/NG0201
	    at createRuntimeError (node_modules/@angular/core/fesm2022/root_effect_scheduler.mjs:924:19)
	    at NullInjector.get (node_modules/@angular/core/fesm2022/root_effect_scheduler.mjs:1494:27)
	    at R3Injector.get (node_modules/@angular/core/fesm2022/root_effect_scheduler.mjs:2052:33)
	    at R3Injector.get (node_modules/@angular/core/fesm2022/root_effect_scheduler.mjs:2052:33)
	    at R3Injector.get (node_modules/@angular/core/fesm2022/root_effect_scheduler.mjs:2052:33)
	    at ChainedInjector.get (node_modules/@angular/core/fesm2022/debug_node.mjs:13422:36)
	    at lookupTokenUsingModuleInjector (node_modules/@angular/core/fesm2022/debug_node.mjs:1718:39)
	    at getOrCreateInjectable (node_modules/@angular/core/fesm2022/debug_node.mjs:1766:12)
	    at ɵɵdirectiveInject (node_modules/@angular/core/fesm2022/debug_node.mjs:13473:19)
	    at NodeInjectorFactory._RouterLink_Factory [as factory] (ng:///_RouterLink/ɵfac.js:5:7)
Chrome Headless 140.0.0.0 (Linux 0.0.0): Executed 265 of 1097[31m (7 FAILED)[39m (0 secs / 2.57 secs)
[1A[2K[31mChrome Headless 140.0.0.0 (Linux 0.0.0) OwnerPayoutsComponent Payout List Management should sort payouts correctly FAILED[39m
	ɵNotFound: NG0201: No provider found for `ActivatedRoute`. Source: Standalone[OwnerPayoutsComponent2]. Find more at https://v20.angular.dev/errors/NG0201
	error properties: Object({ code: -201, ngErrorCode: -201, ngErrorMessage: 'No provider found for `ActivatedRoute`.', ngTokenPath: [ 'ActivatedRoute' ] })
	ɵNotFound: NG0201: No provider found for `ActivatedRoute`. Source: Standalone[OwnerPayoutsComponent2]. Find more at https://v20.angular.dev/errors/NG0201
	    at createRuntimeError (node_modules/@angular/core/fesm2022/root_effect_scheduler.mjs:924:19)
	    at NullInjector.get (node_modules/@angular/core/fesm2022/root_effect_scheduler.mjs:1494:27)
	    at R3Injector.get (node_modules/@angular/core/fesm2022/root_effect_scheduler.mjs:2052:33)
	    at R3Injector.get (node_modules/@angular/core/fesm2022/root_effect_scheduler.mjs:2052:33)
	    at R3Injector.get (node_modules/@angular/core/fesm2022/root_effect_scheduler.mjs:2052:33)
	    at ChainedInjector.get (node_modules/@angular/core/fesm2022/debug_node.mjs:13422:36)
	    at lookupTokenUsingModuleInjector (node_modules/@angular/core/fesm2022/debug_node.mjs:1718:39)
	    at getOrCreateInjectable (node_modules/@angular/core/fesm2022/debug_node.mjs:1766:12)
	    at ɵɵdirectiveInject (node_modules/@angular/core/fesm2022/debug_node.mjs:13473:19)
	    at NodeInjectorFactory._RouterLink_Factory [as factory] (ng:///_RouterLink/ɵfac.js:5:7)
Chrome Headless 140.0.0.0 (Linux 0.0.0): Executed 266 of 1097[31m (8 FAILED)[39m (0 secs / 2.583 secs)
[1A[2K[31mChrome Headless 140.0.0.0 (Linux 0.0.0) OwnerPayoutsComponent Payout List Management should handle loading error FAILED[39m
	ɵNotFound: NG0201: No provider found for `ActivatedRoute`. Source: Standalone[OwnerPayoutsComponent2]. Find more at https://v20.angular.dev/errors/NG0201
	error properties: Object({ code: -201, ngErrorCode: -201, ngErrorMessage: 'No provider found for `ActivatedRoute`.', ngTokenPath: [ 'ActivatedRoute' ] })
	ɵNotFound: NG0201: No provider found for `ActivatedRoute`. Source: Standalone[OwnerPayoutsComponent2]. Find more at https://v20.angular.dev/errors/NG0201
	    at createRuntimeError (node_modules/@angular/core/fesm2022/root_effect_scheduler.mjs:924:19)
	    at NullInjector.get (node_modules/@angular/core/fesm2022/root_effect_scheduler.mjs:1494:27)
	    at R3Injector.get (node_modules/@angular/core/fesm2022/root_effect_scheduler.mjs:2052:33)
	    at R3Injector.get (node_modules/@angular/core/fesm2022/root_effect_scheduler.mjs:2052:33)
	    at R3Injector.get (node_modules/@angular/core/fesm2022/root_effect_scheduler.mjs:2052:33)
	    at ChainedInjector.get (node_modules/@angular/core/fesm2022/debug_node.mjs:13422:36)
	    at lookupTokenUsingModuleInjector (node_modules/@angular/core/fesm2022/debug_node.mjs:1718:39)
	    at getOrCreateInjectable (node_modules/@angular/core/fesm2022/debug_node.mjs:1766:12)
	    at ɵɵdirectiveInject (node_modules/@angular/core/fesm2022/debug_node.mjs:13473:19)
	    at NodeInjectorFactory._RouterLink_Factory [as factory] (ng:///_RouterLink/ɵfac.js:5:7)
Chrome Headless 140.0.0.0 (Linux 0.0.0): Executed 267 of 1097[31m (9 FAILED)[39m (0 secs / 2.595 secs)
[1A[2K[31mChrome Headless 140.0.0.0 (Linux 0.0.0) OwnerPayoutsComponent Payout List Management should load payouts with correct parameters FAILED[39m
	ɵNotFound: NG0201: No provider found for `ActivatedRoute`. Source: Standalone[OwnerPayoutsComponent2]. Find more at https://v20.angular.dev/errors/NG0201
	error properties: Object({ code: -201, ngErrorCode: -201, ngErrorMessage: 'No provider found for `ActivatedRoute`.', ngTokenPath: [ 'ActivatedRoute' ] })
	ɵNotFound: NG0201: No provider found for `ActivatedRoute`. Source: Standalone[OwnerPayoutsComponent2]. Find more at https://v20.angular.dev/errors/NG0201
	    at createRuntimeError (node_modules/@angular/core/fesm2022/root_effect_scheduler.mjs:924:19)
	    at NullInjector.get (node_modules/@angular/core/fesm2022/root_effect_scheduler.mjs:1494:27)
	    at R3Injector.get (node_modules/@angular/core/fesm2022/root_effect_scheduler.mjs:2052:33)
	    at R3Injector.get (node_modules/@angular/core/fesm2022/root_effect_scheduler.mjs:2052:33)
	    at R3Injector.get (node_modules/@angular/core/fesm2022/root_effect_scheduler.mjs:2052:33)
	    at ChainedInjector.get (node_modules/@angular/core/fesm2022/debug_node.mjs:13422:36)
	    at lookupTokenUsingModuleInjector (node_modules/@angular/core/fesm2022/debug_node.mjs:1718:39)
	    at getOrCreateInjectable (node_modules/@angular/core/fesm2022/debug_node.mjs:1766:12)
	    at ɵɵdirectiveInject (node_modules/@angular/core/fesm2022/debug_node.mjs:13473:19)
	    at NodeInjectorFactory._RouterLink_Factory [as factory] (ng:///_RouterLink/ɵfac.js:5:7)
Chrome Headless 140.0.0.0 (Linux 0.0.0): Executed 268 of 1097[31m (10 FAILED)[39m (0 secs / 2.607 secs)
[1A[2K[31mChrome Headless 140.0.0.0 (Linux 0.0.0) OwnerPayoutsComponent Payout Details and Actions should handle export error FAILED[39m
	ɵNotFound: NG0201: No provider found for `ActivatedRoute`. Source: Standalone[OwnerPayoutsComponent2]. Find more at https://v20.angular.dev/errors/NG0201
	error properties: Object({ code: -201, ngErrorCode: -201, ngErrorMessage: 'No provider found for `ActivatedRoute`.', ngTokenPath: [ 'ActivatedRoute' ] })
	ɵNotFound: NG0201: No provider found for `ActivatedRoute`. Source: Standalone[OwnerPayoutsComponent2]. Find more at https://v20.angular.dev/errors/NG0201
	    at createRuntimeError (node_modules/@angular/core/fesm2022/root_effect_scheduler.mjs:924:19)
	    at NullInjector.get (node_modules/@angular/core/fesm2022/root_effect_scheduler.mjs:1494:27)
	    at R3Injector.get (node_modules/@angular/core/fesm2022/root_effect_scheduler.mjs:2052:33)
	    at R3Injector.get (node_modules/@angular/core/fesm2022/root_effect_scheduler.mjs:2052:33)
	    at R3Injector.get (node_modules/@angular/core/fesm2022/root_effect_scheduler.mjs:2052:33)
	    at ChainedInjector.get (node_modules/@angular/core/fesm2022/debug_node.mjs:13422:36)
	    at lookupTokenUsingModuleInjector (node_modules/@angular/core/fesm2022/debug_node.mjs:1718:39)
	    at getOrCreateInjectable (node_modules/@angular/core/fesm2022/debug_node.mjs:1766:12)
	    at ɵɵdirectiveInject (node_modules/@angular/core/fesm2022/debug_node.mjs:13473:19)
	    at NodeInjectorFactory._RouterLink_Factory [as factory] (ng:///_RouterLink/ɵfac.js:5:7)
Chrome Headless 140.0.0.0 (Linux 0.0.0): Executed 269 of 1097[31m (11 FAILED)[39m (0 secs / 2.621 secs)
[1A[2K[31mChrome Headless 140.0.0.0 (Linux 0.0.0) OwnerPayoutsComponent Payout Details and Actions should show edit info message FAILED[39m
	ɵNotFound: NG0201: No provider found for `ActivatedRoute`. Source: Standalone[OwnerPayoutsComponent2]. Find more at https://v20.angular.dev/errors/NG0201
	error properties: Object({ code: -201, ngErrorCode: -201, ngErrorMessage: 'No provider found for `ActivatedRoute`.', ngTokenPath: [ 'ActivatedRoute' ] })
	ɵNotFound: NG0201: No provider found for `ActivatedRoute`. Source: Standalone[OwnerPayoutsComponent2]. Find more at https://v20.angular.dev/errors/NG0201
	    at createRuntimeError (node_modules/@angular/core/fesm2022/root_effect_scheduler.mjs:924:19)
	    at NullInjector.get (node_modules/@angular/core/fesm2022/root_effect_scheduler.mjs:1494:27)
	    at R3Injector.get (node_modules/@angular/core/fesm2022/root_effect_scheduler.mjs:2052:33)
	    at R3Injector.get (node_modules/@angular/core/fesm2022/root_effect_scheduler.mjs:2052:33)
	    at R3Injector.get (node_modules/@angular/core/fesm2022/root_effect_scheduler.mjs:2052:33)
	    at ChainedInjector.get (node_modules/@angular/core/fesm2022/debug_node.mjs:13422:36)
	    at lookupTokenUsingModuleInjector (node_modules/@angular/core/fesm2022/debug_node.mjs:1718:39)
	    at getOrCreateInjectable (node_modules/@angular/core/fesm2022/debug_node.mjs:1766:12)
	    at ɵɵdirectiveInject (node_modules/@angular/core/fesm2022/debug_node.mjs:13473:19)
	    at NodeInjectorFactory._RouterLink_Factory [as factory] (ng:///_RouterLink/ɵfac.js:5:7)
Chrome Headless 140.0.0.0 (Linux 0.0.0): Executed 270 of 1097[31m (12 FAILED)[39m (0 secs / 2.633 secs)
[1A[2K[31mChrome Headless 140.0.0.0 (Linux 0.0.0) OwnerPayoutsComponent Payout Details and Actions should view payout details FAILED[39m
	ɵNotFound: NG0201: No provider found for `ActivatedRoute`. Source: Standalone[OwnerPayoutsComponent2]. Find more at https://v20.angular.dev/errors/NG0201
	error properties: Object({ code: -201, ngErrorCode: -201, ngErrorMessage: 'No provider found for `ActivatedRoute`.', ngTokenPath: [ 'ActivatedRoute' ] })
	ɵNotFound: NG0201: No provider found for `ActivatedRoute`. Source: Standalone[OwnerPayoutsComponent2]. Find more at https://v20.angular.dev/errors/NG0201
	    at createRuntimeError (node_modules/@angular/core/fesm2022/root_effect_scheduler.mjs:924:19)
	    at NullInjector.get (node_modules/@angular/core/fesm2022/root_effect_scheduler.mjs:1494:27)
	    at R3Injector.get (node_modules/@angular/core/fesm2022/root_effect_scheduler.mjs:2052:33)
	    at R3Injector.get (node_modules/@angular/core/fesm2022/root_effect_scheduler.mjs:2052:33)
	    at R3Injector.get (node_modules/@angular/core/fesm2022/root_effect_scheduler.mjs:2052:33)
	    at ChainedInjector.get (node_modules/@angular/core/fesm2022/debug_node.mjs:13422:36)
	    at lookupTokenUsingModuleInjector (node_modules/@angular/core/fesm2022/debug_node.mjs:1718:39)
	    at getOrCreateInjectable (node_modules/@angular/core/fesm2022/debug_node.mjs:1766:12)
	    at ɵɵdirectiveInject (node_modules/@angular/core/fesm2022/debug_node.mjs:13473:19)
	    at NodeInjectorFactory._RouterLink_Factory [as factory] (ng:///_RouterLink/ɵfac.js:5:7)
Chrome Headless 140.0.0.0 (Linux 0.0.0): Executed 271 of 1097[31m (13 FAILED)[39m (0 secs / 2.647 secs)
[1A[2K[31mChrome Headless 140.0.0.0 (Linux 0.0.0) OwnerPayoutsComponent Payout Details and Actions should export payout to PDF FAILED[39m
	ɵNotFound: NG0201: No provider found for `ActivatedRoute`. Source: Standalone[OwnerPayoutsComponent2]. Find more at https://v20.angular.dev/errors/NG0201
	error properties: Object({ code: -201, ngErrorCode: -201, ngErrorMessage: 'No provider found for `ActivatedRoute`.', ngTokenPath: [ 'ActivatedRoute' ] })
	ɵNotFound: NG0201: No provider found for `ActivatedRoute`. Source: Standalone[OwnerPayoutsComponent2]. Find more at https://v20.angular.dev/errors/NG0201
	    at createRuntimeError (node_modules/@angular/core/fesm2022/root_effect_scheduler.mjs:924:19)
	    at NullInjector.get (node_modules/@angular/core/fesm2022/root_effect_scheduler.mjs:1494:27)
	    at R3Injector.get (node_modules/@angular/core/fesm2022/root_effect_scheduler.mjs:2052:33)
	    at R3Injector.get (node_modules/@angular/core/fesm2022/root_effect_scheduler.mjs:2052:33)
	    at R3Injector.get (node_modules/@angular/core/fesm2022/root_effect_scheduler.mjs:2052:33)
	    at ChainedInjector.get (node_modules/@angular/core/fesm2022/debug_node.mjs:13422:36)
	    at lookupTokenUsingModuleInjector (node_modules/@angular/core/fesm2022/debug_node.mjs:1718:39)
	    at getOrCreateInjectable (node_modules/@angular/core/fesm2022/debug_node.mjs:1766:12)
	    at ɵɵdirectiveInject (node_modules/@angular/core/fesm2022/debug_node.mjs:13473:19)
	    at NodeInjectorFactory._RouterLink_Factory [as factory] (ng:///_RouterLink/ɵfac.js:5:7)
Chrome Headless 140.0.0.0 (Linux 0.0.0): Executed 272 of 1097[31m (14 FAILED)[39m (0 secs / 2.661 secs)
[1A[2K[31mChrome Headless 140.0.0.0 (Linux 0.0.0) OwnerPayoutsComponent Payout Details and Actions should export payout to CSV FAILED[39m
	ɵNotFound: NG0201: No provider found for `ActivatedRoute`. Source: Standalone[OwnerPayoutsComponent2]. Find more at https://v20.angular.dev/errors/NG0201
	error properties: Object({ code: -201, ngErrorCode: -201, ngErrorMessage: 'No provider found for `ActivatedRoute`.', ngTokenPath: [ 'ActivatedRoute' ] })
	ɵNotFound: NG0201: No provider found for `ActivatedRoute`. Source: Standalone[OwnerPayoutsComponent2]. Find more at https://v20.angular.dev/errors/NG0201
	    at createRuntimeError (node_modules/@angular/core/fesm2022/root_effect_scheduler.mjs:924:19)
	    at NullInjector.get (node_modules/@angular/core/fesm2022/root_effect_scheduler.mjs:1494:27)
	    at R3Injector.get (node_modules/@angular/core/fesm2022/root_effect_scheduler.mjs:2052:33)
	    at R3Injector.get (node_modules/@angular/core/fesm2022/root_effect_scheduler.mjs:2052:33)
	    at R3Injector.get (node_modules/@angular/core/fesm2022/root_effect_scheduler.mjs:2052:33)
	    at ChainedInjector.get (node_modules/@angular/core/fesm2022/debug_node.mjs:13422:36)
	    at lookupTokenUsingModuleInjector (node_modules/@angular/core/fesm2022/debug_node.mjs:1718:39)
	    at getOrCreateInjectable (node_modules/@angular/core/fesm2022/debug_node.mjs:1766:12)
	    at ɵɵdirectiveInject (node_modules/@angular/core/fesm2022/debug_node.mjs:13473:19)
	    at NodeInjectorFactory._RouterLink_Factory [as factory] (ng:///_RouterLink/ɵfac.js:5:7)
Chrome Headless 140.0.0.0 (Linux 0.0.0): Executed 273 of 1097[31m (15 FAILED)[39m (0 secs / 2.674 secs)
[1A[2K[31mChrome Headless 140.0.0.0 (Linux 0.0.0) OwnerPayoutsComponent Payout Details and Actions should handle view payout error FAILED[39m
	ɵNotFound: NG0201: No provider found for `ActivatedRoute`. Source: Standalone[OwnerPayoutsComponent2]. Find more at https://v20.angular.dev/errors/NG0201
	error properties: Object({ code: -201, ngErrorCode: -201, ngErrorMessage: 'No provider found for `ActivatedRoute`.', ngTokenPath: [ 'ActivatedRoute' ] })
	ɵNotFound: NG0201: No provider found for `ActivatedRoute`. Source: Standalone[OwnerPayoutsComponent2]. Find more at https://v20.angular.dev/errors/NG0201
	    at createRuntimeError (node_modules/@angular/core/fesm2022/root_effect_scheduler.mjs:924:19)
	    at NullInjector.get (node_modules/@angular/core/fesm2022/root_effect_scheduler.mjs:1494:27)
	    at R3Injector.get (node_modules/@angular/core/fesm2022/root_effect_scheduler.mjs:2052:33)
	    at R3Injector.get (node_modules/@angular/core/fesm2022/root_effect_scheduler.mjs:2052:33)
	    at R3Injector.get (node_modules/@angular/core/fesm2022/root_effect_scheduler.mjs:2052:33)
	    at ChainedInjector.get (node_modules/@angular/core/fesm2022/debug_node.mjs:13422:36)
	    at lookupTokenUsingModuleInjector (node_modules/@angular/core/fesm2022/debug_node.mjs:1718:39)
	    at getOrCreateInjectable (node_modules/@angular/core/fesm2022/debug_node.mjs:1766:12)
	    at ɵɵdirectiveInject (node_modules/@angular/core/fesm2022/debug_node.mjs:13473:19)
	    at NodeInjectorFactory._RouterLink_Factory [as factory] (ng:///_RouterLink/ɵfac.js:5:7)
Chrome Headless 140.0.0.0 (Linux 0.0.0): Executed 274 of 1097[31m (16 FAILED)[39m (0 secs / 2.687 secs)
[1A[2K[31mChrome Headless 140.0.0.0 (Linux 0.0.0) OwnerPayoutsComponent Payout Creation should create payout successfully FAILED[39m
	ɵNotFound: NG0201: No provider found for `ActivatedRoute`. Source: Standalone[OwnerPayoutsComponent2]. Find more at https://v20.angular.dev/errors/NG0201
	error properties: Object({ code: -201, ngErrorCode: -201, ngErrorMessage: 'No provider found for `ActivatedRoute`.', ngTokenPath: [ 'ActivatedRoute' ] })
	ɵNotFound: NG0201: No provider found for `ActivatedRoute`. Source: Standalone[OwnerPayoutsComponent2]. Find more at https://v20.angular.dev/errors/NG0201
	    at createRuntimeError (node_modules/@angular/core/fesm2022/root_effect_scheduler.mjs:924:19)
	    at NullInjector.get (node_modules/@angular/core/fesm2022/root_effect_scheduler.mjs:1494:27)
	    at R3Injector.get (node_modules/@angular/core/fesm2022/root_effect_scheduler.mjs:2052:33)
	    at R3Injector.get (node_modules/@angular/core/fesm2022/root_effect_scheduler.mjs:2052:33)
	    at R3Injector.get (node_modules/@angular/core/fesm2022/root_effect_scheduler.mjs:2052:33)
	    at ChainedInjector.get (node_modules/@angular/core/fesm2022/debug_node.mjs:13422:36)
	    at lookupTokenUsingModuleInjector (node_modules/@angular/core/fesm2022/debug_node.mjs:1718:39)
	    at getOrCreateInjectable (node_modules/@angular/core/fesm2022/debug_node.mjs:1766:12)
	    at ɵɵdirectiveInject (node_modules/@angular/core/fesm2022/debug_node.mjs:13473:19)
	    at NodeInjectorFactory._RouterLink_Factory [as factory] (ng:///_RouterLink/ɵfac.js:5:7)
Chrome Headless 140.0.0.0 (Linux 0.0.0): Executed 275 of 1097[31m (17 FAILED)[39m (0 secs / 2.7 secs)
[1A[2K[31mChrome Headless 140.0.0.0 (Linux 0.0.0) OwnerPayoutsComponent Payout Creation should show validation error for missing required fields FAILED[39m
	ɵNotFound: NG0201: No provider found for `ActivatedRoute`. Source: Standalone[OwnerPayoutsComponent2]. Find more at https://v20.angular.dev/errors/NG0201
	error properties: Object({ code: -201, ngErrorCode: -201, ngErrorMessage: 'No provider found for `ActivatedRoute`.', ngTokenPath: [ 'ActivatedRoute' ] })
	ɵNotFound: NG0201: No provider found for `ActivatedRoute`. Source: Standalone[OwnerPayoutsComponent2]. Find more at https://v20.angular.dev/errors/NG0201
	    at createRuntimeError (node_modules/@angular/core/fesm2022/root_effect_scheduler.mjs:924:19)
	    at NullInjector.get (node_modules/@angular/core/fesm2022/root_effect_scheduler.mjs:1494:27)
	    at R3Injector.get (node_modules/@angular/core/fesm2022/root_effect_scheduler.mjs:2052:33)
	    at R3Injector.get (node_modules/@angular/core/fesm2022/root_effect_scheduler.mjs:2052:33)
	    at R3Injector.get (node_modules/@angular/core/fesm2022/root_effect_scheduler.mjs:2052:33)
	    at ChainedInjector.get (node_modules/@angular/core/fesm2022/debug_node.mjs:13422:36)
	    at lookupTokenUsingModuleInjector (node_modules/@angular/core/fesm2022/debug_node.mjs:1718:39)
	    at getOrCreateInjectable (node_modules/@angular/core/fesm2022/debug_node.mjs:1766:12)
	    at ɵɵdirectiveInject (node_modules/@angular/core/fesm2022/debug_node.mjs:13473:19)
	    at NodeInjectorFactory._RouterLink_Factory [as factory] (ng:///_RouterLink/ɵfac.js:5:7)
Chrome Headless 140.0.0.0 (Linux 0.0.0): Executed 276 of 1097[31m (18 FAILED)[39m (0 secs / 2.712 secs)
[1A[2K[31mChrome Headless 140.0.0.0 (Linux 0.0.0) OwnerPayoutsComponent Payout Creation should handle payout creation error FAILED[39m
	ɵNotFound: NG0201: No provider found for `ActivatedRoute`. Source: Standalone[OwnerPayoutsComponent2]. Find more at https://v20.angular.dev/errors/NG0201
	error properties: Object({ code: -201, ngErrorCode: -201, ngErrorMessage: 'No provider found for `ActivatedRoute`.', ngTokenPath: [ 'ActivatedRoute' ] })
	ɵNotFound: NG0201: No provider found for `ActivatedRoute`. Source: Standalone[OwnerPayoutsComponent2]. Find more at https://v20.angular.dev/errors/NG0201
	    at createRuntimeError (node_modules/@angular/core/fesm2022/root_effect_scheduler.mjs:924:19)
	    at NullInjector.get (node_modules/@angular/core/fesm2022/root_effect_scheduler.mjs:1494:27)
	    at R3Injector.get (node_modules/@angular/core/fesm2022/root_effect_scheduler.mjs:2052:33)
	    at R3Injector.get (node_modules/@angular/core/fesm2022/root_effect_scheduler.mjs:2052:33)
	    at R3Injector.get (node_modules/@angular/core/fesm2022/root_effect_scheduler.mjs:2052:33)
	    at ChainedInjector.get (node_modules/@angular/core/fesm2022/debug_node.mjs:13422:36)
	    at lookupTokenUsingModuleInjector (node_modules/@angular/core/fesm2022/debug_node.mjs:1718:39)
	    at getOrCreateInjectable (node_modules/@angular/core/fesm2022/debug_node.mjs:1766:12)
	    at ɵɵdirectiveInject (node_modules/@angular/core/fesm2022/debug_node.mjs:13473:19)
	    at NodeInjectorFactory._RouterLink_Factory [as factory] (ng:///_RouterLink/ɵfac.js:5:7)
Chrome Headless 140.0.0.0 (Linux 0.0.0): Executed 277 of 1097[31m (19 FAILED)[39m (0 secs / 2.725 secs)
[1A[2K[31mChrome Headless 140.0.0.0 (Linux 0.0.0) OwnerPayoutsComponent should create FAILED[39m
	ɵNotFound: NG0201: No provider found for `ActivatedRoute`. Source: Standalone[OwnerPayoutsComponent2]. Find more at https://v20.angular.dev/errors/NG0201
	error properties: Object({ code: -201, ngErrorCode: -201, ngErrorMessage: 'No provider found for `ActivatedRoute`.', ngTokenPath: [ 'ActivatedRoute' ] })
	ɵNotFound: NG0201: No provider found for `ActivatedRoute`. Source: Standalone[OwnerPayoutsComponent2]. Find more at https://v20.angular.dev/errors/NG0201
	    at createRuntimeError (node_modules/@angular/core/fesm2022/root_effect_scheduler.mjs:924:19)
	    at NullInjector.get (node_modules/@angular/core/fesm2022/root_effect_scheduler.mjs:1494:27)
	    at R3Injector.get (node_modules/@angular/core/fesm2022/root_effect_scheduler.mjs:2052:33)
	    at R3Injector.get (node_modules/@angular/core/fesm2022/root_effect_scheduler.mjs:2052:33)
	    at R3Injector.get (node_modules/@angular/core/fesm2022/root_effect_scheduler.mjs:2052:33)
	    at ChainedInjector.get (node_modules/@angular/core/fesm2022/debug_node.mjs:13422:36)
	    at lookupTokenUsingModuleInjector (node_modules/@angular/core/fesm2022/debug_node.mjs:1718:39)
	    at getOrCreateInjectable (node_modules/@angular/core/fesm2022/debug_node.mjs:1766:12)
	    at ɵɵdirectiveInject (node_modules/@angular/core/fesm2022/debug_node.mjs:13473:19)
	    at NodeInjectorFactory._RouterLink_Factory [as factory] (ng:///_RouterLink/ɵfac.js:5:7)
Chrome Headless 140.0.0.0 (Linux 0.0.0): Executed 278 of 1097[31m (20 FAILED)[39m (0 secs / 2.739 secs)
[1A[2K[31mChrome Headless 140.0.0.0 (Linux 0.0.0) OwnerPayoutsComponent Modal Management should close modals correctly FAILED[39m
	ɵNotFound: NG0201: No provider found for `ActivatedRoute`. Source: Standalone[OwnerPayoutsComponent2]. Find more at https://v20.angular.dev/errors/NG0201
	error properties: Object({ code: -201, ngErrorCode: -201, ngErrorMessage: 'No provider found for `ActivatedRoute`.', ngTokenPath: [ 'ActivatedRoute' ] })
	ɵNotFound: NG0201: No provider found for `ActivatedRoute`. Source: Standalone[OwnerPayoutsComponent2]. Find more at https://v20.angular.dev/errors/NG0201
	    at createRuntimeError (node_modules/@angular/core/fesm2022/root_effect_scheduler.mjs:924:19)
	    at NullInjector.get (node_modules/@angular/core/fesm2022/root_effect_scheduler.mjs:1494:27)
	    at R3Injector.get (node_modules/@angular/core/fesm2022/root_effect_scheduler.mjs:2052:33)
	    at R3Injector.get (node_modules/@angular/core/fesm2022/root_effect_scheduler.mjs:2052:33)
	    at R3Injector.get (node_modules/@angular/core/fesm2022/root_effect_scheduler.mjs:2052:33)
	    at ChainedInjector.get (node_modules/@angular/core/fesm2022/debug_node.mjs:13422:36)
	    at lookupTokenUsingModuleInjector (node_modules/@angular/core/fesm2022/debug_node.mjs:1718:39)
	    at getOrCreateInjectable (node_modules/@angular/core/fesm2022/debug_node.mjs:1766:12)
	    at ɵɵdirectiveInject (node_modules/@angular/core/fesm2022/debug_node.mjs:13473:19)
	    at NodeInjectorFactory._RouterLink_Factory [as factory] (ng:///_RouterLink/ɵfac.js:5:7)
Chrome Headless 140.0.0.0 (Linux 0.0.0): Executed 279 of 1097[31m (21 FAILED)[39m (0 secs / 2.752 secs)
[1A[2K[31mChrome Headless 140.0.0.0 (Linux 0.0.0) OwnerPayoutsComponent Modal Management should not close modal when clicking inside content FAILED[39m
	ɵNotFound: NG0201: No provider found for `ActivatedRoute`. Source: Standalone[OwnerPayoutsComponent2]. Find more at https://v20.angular.dev/errors/NG0201
	error properties: Object({ code: -201, ngErrorCode: -201, ngErrorMessage: 'No provider found for `ActivatedRoute`.', ngTokenPath: [ 'ActivatedRoute' ] })
	ɵNotFound: NG0201: No provider found for `ActivatedRoute`. Source: Standalone[OwnerPayoutsComponent2]. Find more at https://v20.angular.dev/errors/NG0201
	    at createRuntimeError (node_modules/@angular/core/fesm2022/root_effect_scheduler.mjs:924:19)
	    at NullInjector.get (node_modules/@angular/core/fesm2022/root_effect_scheduler.mjs:1494:27)
	    at R3Injector.get (node_modules/@angular/core/fesm2022/root_effect_scheduler.mjs:2052:33)
	    at R3Injector.get (node_modules/@angular/core/fesm2022/root_effect_scheduler.mjs:2052:33)
	    at R3Injector.get (node_modules/@angular/core/fesm2022/root_effect_scheduler.mjs:2052:33)
	    at ChainedInjector.get (node_modules/@angular/core/fesm2022/debug_node.mjs:13422:36)
	    at lookupTokenUsingModuleInjector (node_modules/@angular/core/fesm2022/debug_node.mjs:1718:39)
	    at getOrCreateInjectable (node_modules/@angular/core/fesm2022/debug_node.mjs:1766:12)
	    at ɵɵdirectiveInject (node_modules/@angular/core/fesm2022/debug_node.mjs:13473:19)
	    at NodeInjectorFactory._RouterLink_Factory [as factory] (ng:///_RouterLink/ɵfac.js:5:7)
Chrome Headless 140.0.0.0 (Linux 0.0.0): Executed 280 of 1097[31m (22 FAILED)[39m (0 secs / 2.767 secs)
[1A[2K[31mChrome Headless 140.0.0.0 (Linux 0.0.0) OwnerPayoutsComponent Pagination should not go to invalid page FAILED[39m
	ɵNotFound: NG0201: No provider found for `ActivatedRoute`. Source: Standalone[OwnerPayoutsComponent2]. Find more at https://v20.angular.dev/errors/NG0201
	error properties: Object({ code: -201, ngErrorCode: -201, ngErrorMessage: 'No provider found for `ActivatedRoute`.', ngTokenPath: [ 'ActivatedRoute' ] })
	ɵNotFound: NG0201: No provider found for `ActivatedRoute`. Source: Standalone[OwnerPayoutsComponent2]. Find more at https://v20.angular.dev/errors/NG0201
	    at createRuntimeError (node_modules/@angular/core/fesm2022/root_effect_scheduler.mjs:924:19)
	    at NullInjector.get (node_modules/@angular/core/fesm2022/root_effect_scheduler.mjs:1494:27)
	    at R3Injector.get (node_modules/@angular/core/fesm2022/root_effect_scheduler.mjs:2052:33)
	    at R3Injector.get (node_modules/@angular/core/fesm2022/root_effect_scheduler.mjs:2052:33)
	    at R3Injector.get (node_modules/@angular/core/fesm2022/root_effect_scheduler.mjs:2052:33)
	    at ChainedInjector.get (node_modules/@angular/core/fesm2022/debug_node.mjs:13422:36)
	    at lookupTokenUsingModuleInjector (node_modules/@angular/core/fesm2022/debug_node.mjs:1718:39)
	    at getOrCreateInjectable (node_modules/@angular/core/fesm2022/debug_node.mjs:1766:12)
	    at ɵɵdirectiveInject (node_modules/@angular/core/fesm2022/debug_node.mjs:13473:19)
	    at NodeInjectorFactory._RouterLink_Factory [as factory] (ng:///_RouterLink/ɵfac.js:5:7)
Chrome Headless 140.0.0.0 (Linux 0.0.0): Executed 281 of 1097[31m (23 FAILED)[39m (0 secs / 2.781 secs)
[1A[2K[31mChrome Headless 140.0.0.0 (Linux 0.0.0) OwnerPayoutsComponent Pagination should go to page successfully FAILED[39m
	ɵNotFound: NG0201: No provider found for `ActivatedRoute`. Source: Standalone[OwnerPayoutsComponent2]. Find more at https://v20.angular.dev/errors/NG0201
	error properties: Object({ code: -201, ngErrorCode: -201, ngErrorMessage: 'No provider found for `ActivatedRoute`.', ngTokenPath: [ 'ActivatedRoute' ] })
	ɵNotFound: NG0201: No provider found for `ActivatedRoute`. Source: Standalone[OwnerPayoutsComponent2]. Find more at https://v20.angular.dev/errors/NG0201
	    at createRuntimeError (node_modules/@angular/core/fesm2022/root_effect_scheduler.mjs:924:19)
	    at NullInjector.get (node_modules/@angular/core/fesm2022/root_effect_scheduler.mjs:1494:27)
	    at R3Injector.get (node_modules/@angular/core/fesm2022/root_effect_scheduler.mjs:2052:33)
	    at R3Injector.get (node_modules/@angular/core/fesm2022/root_effect_scheduler.mjs:2052:33)
	    at R3Injector.get (node_modules/@angular/core/fesm2022/root_effect_scheduler.mjs:2052:33)
	    at ChainedInjector.get (node_modules/@angular/core/fesm2022/debug_node.mjs:13422:36)
	    at lookupTokenUsingModuleInjector (node_modules/@angular/core/fesm2022/debug_node.mjs:1718:39)
	    at getOrCreateInjectable (node_modules/@angular/core/fesm2022/debug_node.mjs:1766:12)
	    at ɵɵdirectiveInject (node_modules/@angular/core/fesm2022/debug_node.mjs:13473:19)
	    at NodeInjectorFactory._RouterLink_Factory [as factory] (ng:///_RouterLink/ɵfac.js:5:7)
Chrome Headless 140.0.0.0 (Linux 0.0.0): Executed 282 of 1097[31m (24 FAILED)[39m (0 secs / 2.801 secs)
[1A[2K[31mChrome Headless 140.0.0.0 (Linux 0.0.0) OwnerPayoutsComponent Pagination should calculate visible pages correctly FAILED[39m
	ɵNotFound: NG0201: No provider found for `ActivatedRoute`. Source: Standalone[OwnerPayoutsComponent2]. Find more at https://v20.angular.dev/errors/NG0201
	error properties: Object({ code: -201, ngErrorCode: -201, ngErrorMessage: 'No provider found for `ActivatedRoute`.', ngTokenPath: [ 'ActivatedRoute' ] })
	ɵNotFound: NG0201: No provider found for `ActivatedRoute`. Source: Standalone[OwnerPayoutsComponent2]. Find more at https://v20.angular.dev/errors/NG0201
	    at createRuntimeError (node_modules/@angular/core/fesm2022/root_effect_scheduler.mjs:924:19)
	    at NullInjector.get (node_modules/@angular/core/fesm2022/root_effect_scheduler.mjs:1494:27)
	    at R3Injector.get (node_modules/@angular/core/fesm2022/root_effect_scheduler.mjs:2052:33)
	    at R3Injector.get (node_modules/@angular/core/fesm2022/root_effect_scheduler.mjs:2052:33)
	    at R3Injector.get (node_modules/@angular/core/fesm2022/root_effect_scheduler.mjs:2052:33)
	    at ChainedInjector.get (node_modules/@angular/core/fesm2022/debug_node.mjs:13422:36)
	    at lookupTokenUsingModuleInjector (node_modules/@angular/core/fesm2022/debug_node.mjs:1718:39)
	    at getOrCreateInjectable (node_modules/@angular/core/fesm2022/debug_node.mjs:1766:12)
	    at ɵɵdirectiveInject (node_modules/@angular/core/fesm2022/debug_node.mjs:13473:19)
	    at NodeInjectorFactory._RouterLink_Factory [as factory] (ng:///_RouterLink/ɵfac.js:5:7)
Chrome Headless 140.0.0.0 (Linux 0.0.0): Executed 283 of 1097[31m (25 FAILED)[39m (0 secs / 2.814 secs)
[1A[2K[31mChrome Headless 140.0.0.0 (Linux 0.0.0) OwnerPayoutsComponent Data Refresh should refresh all data FAILED[39m
	ɵNotFound: NG0201: No provider found for `ActivatedRoute`. Source: Standalone[OwnerPayoutsComponent2]. Find more at https://v20.angular.dev/errors/NG0201
	error properties: Object({ code: -201, ngErrorCode: -201, ngErrorMessage: 'No provider found for `ActivatedRoute`.', ngTokenPath: [ 'ActivatedRoute' ] })
	ɵNotFound: NG0201: No provider found for `ActivatedRoute`. Source: Standalone[OwnerPayoutsComponent2]. Find more at https://v20.angular.dev/errors/NG0201
	    at createRuntimeError (node_modules/@angular/core/fesm2022/root_effect_scheduler.mjs:924:19)
	    at NullInjector.get (node_modules/@angular/core/fesm2022/root_effect_scheduler.mjs:1494:27)
	    at R3Injector.get (node_modules/@angular/core/fesm2022/root_effect_scheduler.mjs:2052:33)
	    at R3Injector.get (node_modules/@angular/core/fesm2022/root_effect_scheduler.mjs:2052:33)
	    at R3Injector.get (node_modules/@angular/core/fesm2022/root_effect_scheduler.mjs:2052:33)
	    at ChainedInjector.get (node_modules/@angular/core/fesm2022/debug_node.mjs:13422:36)
	    at lookupTokenUsingModuleInjector (node_modules/@angular/core/fesm2022/debug_node.mjs:1718:39)
	    at getOrCreateInjectable (node_modules/@angular/core/fesm2022/debug_node.mjs:1766:12)
	    at ɵɵdirectiveInject (node_modules/@angular/core/fesm2022/debug_node.mjs:13473:19)
	    at NodeInjectorFactory._RouterLink_Factory [as factory] (ng:///_RouterLink/ɵfac.js:5:7)
Chrome Headless 140.0.0.0 (Linux 0.0.0): Executed 284 of 1097[31m (26 FAILED)[39m (0 secs / 2.827 secs)
[1A[2K[31mChrome Headless 140.0.0.0 (Linux 0.0.0) OwnerPayoutsComponent Utility Functions should check if component is loading FAILED[39m
	ɵNotFound: NG0201: No provider found for `ActivatedRoute`. Source: Standalone[OwnerPayoutsComponent2]. Find more at https://v20.angular.dev/errors/NG0201
	error properties: Object({ code: -201, ngErrorCode: -201, ngErrorMessage: 'No provider found for `ActivatedRoute`.', ngTokenPath: [ 'ActivatedRoute' ] })
	ɵNotFound: NG0201: No provider found for `ActivatedRoute`. Source: Standalone[OwnerPayoutsComponent2]. Find more at https://v20.angular.dev/errors/NG0201
	    at createRuntimeError (node_modules/@angular/core/fesm2022/root_effect_scheduler.mjs:924:19)
	    at NullInjector.get (node_modules/@angular/core/fesm2022/root_effect_scheduler.mjs:1494:27)
	    at R3Injector.get (node_modules/@angular/core/fesm2022/root_effect_scheduler.mjs:2052:33)
	    at R3Injector.get (node_modules/@angular/core/fesm2022/root_effect_scheduler.mjs:2052:33)
	    at R3Injector.get (node_modules/@angular/core/fesm2022/root_effect_scheduler.mjs:2052:33)
	    at ChainedInjector.get (node_modules/@angular/core/fesm2022/debug_node.mjs:13422:36)
	    at lookupTokenUsingModuleInjector (node_modules/@angular/core/fesm2022/debug_node.mjs:1718:39)
	    at getOrCreateInjectable (node_modules/@angular/core/fesm2022/debug_node.mjs:1766:12)
	    at ɵɵdirectiveInject (node_modules/@angular/core/fesm2022/debug_node.mjs:13473:19)
	    at NodeInjectorFactory._RouterLink_Factory [as factory] (ng:///_RouterLink/ɵfac.js:5:7)
Chrome Headless 140.0.0.0 (Linux 0.0.0): Executed 285 of 1097[31m (27 FAILED)[39m (0 secs / 2.839 secs)
[1A[2K[31mChrome Headless 140.0.0.0 (Linux 0.0.0) OwnerPayoutsComponent Utility Functions should create consignor options correctly FAILED[39m
	ɵNotFound: NG0201: No provider found for `ActivatedRoute`. Source: Standalone[OwnerPayoutsComponent2]. Find more at https://v20.angular.dev/errors/NG0201
	error properties: Object({ code: -201, ngErrorCode: -201, ngErrorMessage: 'No provider found for `ActivatedRoute`.', ngTokenPath: [ 'ActivatedRoute' ] })
	ɵNotFound: NG0201: No provider found for `ActivatedRoute`. Source: Standalone[OwnerPayoutsComponent2]. Find more at https://v20.angular.dev/errors/NG0201
	    at createRuntimeError (node_modules/@angular/core/fesm2022/root_effect_scheduler.mjs:924:19)
	    at NullInjector.get (node_modules/@angular/core/fesm2022/root_effect_scheduler.mjs:1494:27)
	    at R3Injector.get (node_modules/@angular/core/fesm2022/root_effect_scheduler.mjs:2052:33)
	    at R3Injector.get (node_modules/@angular/core/fesm2022/root_effect_scheduler.mjs:2052:33)
	    at R3Injector.get (node_modules/@angular/core/fesm2022/root_effect_scheduler.mjs:2052:33)
	    at ChainedInjector.get (node_modules/@angular/core/fesm2022/debug_node.mjs:13422:36)
	    at lookupTokenUsingModuleInjector (node_modules/@angular/core/fesm2022/debug_node.mjs:1718:39)
	    at getOrCreateInjectable (node_modules/@angular/core/fesm2022/debug_node.mjs:1766:12)
	    at ɵɵdirectiveInject (node_modules/@angular/core/fesm2022/debug_node.mjs:13473:19)
	    at NodeInjectorFactory._RouterLink_Factory [as factory] (ng:///_RouterLink/ɵfac.js:5:7)
Chrome Headless 140.0.0.0 (Linux 0.0.0): Executed 286 of 1097[31m (28 FAILED)[39m (0 secs / 2.851 secs)
[1A[2K[31mChrome Headless 140.0.0.0 (Linux 0.0.0) OwnerPayoutsComponent Utility Functions should format dates correctly FAILED[39m
	ɵNotFound: NG0201: No provider found for `ActivatedRoute`. Source: Standalone[OwnerPayoutsComponent2]. Find more at https://v20.angular.dev/errors/NG0201
	error properties: Object({ code: -201, ngErrorCode: -201, ngErrorMessage: 'No provider found for `ActivatedRoute`.', ngTokenPath: [ 'ActivatedRoute' ] })
	ɵNotFound: NG0201: No provider found for `ActivatedRoute`. Source: Standalone[OwnerPayoutsComponent2]. Find more at https://v20.angular.dev/errors/NG0201
	    at createRuntimeError (node_modules/@angular/core/fesm2022/root_effect_scheduler.mjs:924:19)
	    at NullInjector.get (node_modules/@angular/core/fesm2022/root_effect_scheduler.mjs:1494:27)
	    at R3Injector.get (node_modules/@angular/core/fesm2022/root_effect_scheduler.mjs:2052:33)
	    at R3Injector.get (node_modules/@angular/core/fesm2022/root_effect_scheduler.mjs:2052:33)
	    at R3Injector.get (node_modules/@angular/core/fesm2022/root_effect_scheduler.mjs:2052:33)
	    at ChainedInjector.get (node_modules/@angular/core/fesm2022/debug_node.mjs:13422:36)
	    at lookupTokenUsingModuleInjector (node_modules/@angular/core/fesm2022/debug_node.mjs:1718:39)
	    at getOrCreateInjectable (node_modules/@angular/core/fesm2022/debug_node.mjs:1766:12)
	    at ɵɵdirectiveInject (node_modules/@angular/core/fesm2022/debug_node.mjs:13473:19)
	    at NodeInjectorFactory._RouterLink_Factory [as factory] (ng:///_RouterLink/ɵfac.js:5:7)
Chrome Headless 140.0.0.0 (Linux 0.0.0): Executed 287 of 1097[31m (29 FAILED)[39m (0 secs / 2.862 secs)
[1A[2K[31mChrome Headless 140.0.0.0 (Linux 0.0.0) OwnerPayoutsComponent Utility Functions should handle undefined date FAILED[39m
	ɵNotFound: NG0201: No provider found for `ActivatedRoute`. Source: Standalone[OwnerPayoutsComponent2]. Find more at https://v20.angular.dev/errors/NG0201
	error properties: Object({ code: -201, ngErrorCode: -201, ngErrorMessage: 'No provider found for `ActivatedRoute`.', ngTokenPath: [ 'ActivatedRoute' ] })
	ɵNotFound: NG0201: No provider found for `ActivatedRoute`. Source: Standalone[OwnerPayoutsComponent2]. Find more at https://v20.angular.dev/errors/NG0201
	    at createRuntimeError (node_modules/@angular/core/fesm2022/root_effect_scheduler.mjs:924:19)
	    at NullInjector.get (node_modules/@angular/core/fesm2022/root_effect_scheduler.mjs:1494:27)
	    at R3Injector.get (node_modules/@angular/core/fesm2022/root_effect_scheduler.mjs:2052:33)
	    at R3Injector.get (node_modules/@angular/core/fesm2022/root_effect_scheduler.mjs:2052:33)
	    at R3Injector.get (node_modules/@angular/core/fesm2022/root_effect_scheduler.mjs:2052:33)
	    at ChainedInjector.get (node_modules/@angular/core/fesm2022/debug_node.mjs:13422:36)
	    at lookupTokenUsingModuleInjector (node_modules/@angular/core/fesm2022/debug_node.mjs:1718:39)
	    at getOrCreateInjectable (node_modules/@angular/core/fesm2022/debug_node.mjs:1766:12)
	    at ɵɵdirectiveInject (node_modules/@angular/core/fesm2022/debug_node.mjs:13473:19)
	    at NodeInjectorFactory._RouterLink_Factory [as factory] (ng:///_RouterLink/ɵfac.js:5:7)
Chrome Headless 140.0.0.0 (Linux 0.0.0): Executed 288 of 1097[31m (30 FAILED)[39m (0 secs / 2.875 secs)
[1A[2K[31mChrome Headless 140.0.0.0 (Linux 0.0.0) OwnerPayoutsComponent should load initial data on component initialization FAILED[39m
	ɵNotFound: NG0201: No provider found for `ActivatedRoute`. Source: Standalone[OwnerPayoutsComponent2]. Find more at https://v20.angular.dev/errors/NG0201
	error properties: Object({ code: -201, ngErrorCode: -201, ngErrorMessage: 'No provider found for `ActivatedRoute`.', ngTokenPath: [ 'ActivatedRoute' ] })
	ɵNotFound: NG0201: No provider found for `ActivatedRoute`. Source: Standalone[OwnerPayoutsComponent2]. Find more at https://v20.angular.dev/errors/NG0201
	    at createRuntimeError (node_modules/@angular/core/fesm2022/root_effect_scheduler.mjs:924:19)
	    at NullInjector.get (node_modules/@angular/core/fesm2022/root_effect_scheduler.mjs:1494:27)
	    at R3Injector.get (node_modules/@angular/core/fesm2022/root_effect_scheduler.mjs:2052:33)
	    at R3Injector.get (node_modules/@angular/core/fesm2022/root_effect_scheduler.mjs:2052:33)
	    at R3Injector.get (node_modules/@angular/core/fesm2022/root_effect_scheduler.mjs:2052:33)
	    at ChainedInjector.get (node_modules/@angular/core/fesm2022/debug_node.mjs:13422:36)
	    at lookupTokenUsingModuleInjector (node_modules/@angular/core/fesm2022/debug_node.mjs:1718:39)
	    at getOrCreateInjectable (node_modules/@angular/core/fesm2022/debug_node.mjs:1766:12)
	    at ɵɵdirectiveInject (node_modules/@angular/core/fesm2022/debug_node.mjs:13473:19)
	    at NodeInjectorFactory._RouterLink_Factory [as factory] (ng:///_RouterLink/ɵfac.js:5:7)
Chrome Headless 140.0.0.0 (Linux 0.0.0): Executed 289 of 1097[31m (31 FAILED)[39m (0 secs / 2.887 secs)
[1A[2KChrome Headless 140.0.0.0 (Linux 0.0.0): Executed 290 of 1097[31m (31 FAILED)[39m (0 secs / 2.918 secs)
[1A[2KChrome Headless 140.0.0.0 (Linux 0.0.0): Executed 291 of 1097[31m (31 FAILED)[39m (0 secs / 2.92 secs)
[1A[2KChrome Headless 140.0.0.0 (Linux 0.0.0): Executed 292 of 1097[31m (31 FAILED)[39m (0 secs / 2.938 secs)
[1A[2KChrome Headless 140.0.0.0 (Linux 0.0.0): Executed 293 of 1097[31m (31 FAILED)[39m (0 secs / 2.955 secs)
[1A[2KChrome Headless 140.0.0.0 (Linux 0.0.0): Executed 294 of 1097[31m (31 FAILED)[39m (0 secs / 2.969 secs)
[1A[2KChrome Headless 140.0.0.0 (Linux 0.0.0): Executed 295 of 1097[31m (31 FAILED)[39m (0 secs / 2.972 secs)
[1A[2KChrome Headless 140.0.0.0 (Linux 0.0.0): Executed 296 of 1097[31m (31 FAILED)[39m (0 secs / 2.975 secs)
[1A[2KChrome Headless 140.0.0.0 (Linux 0.0.0): Executed 297 of 1097[31m (31 FAILED)[39m (0 secs / 2.992 secs)
[1A[2KChrome Headless 140.0.0.0 (Linux 0.0.0): Executed 298 of 1097[31m (31 FAILED)[39m (0 secs / 2.996 secs)
[1A[2KChrome Headless 140.0.0.0 (Linux 0.0.0): Executed 299 of 1097[31m (31 FAILED)[39m (0 secs / 2.998 secs)
[1A[2KChrome Headless 140.0.0.0 (Linux 0.0.0): Executed 300 of 1097[31m (31 FAILED)[39m (0 secs / 3 secs)
[1A[2KChrome Headless 140.0.0.0 (Linux 0.0.0): Executed 301 of 1097[31m (31 FAILED)[39m (0 secs / 3.002 secs)
[1A[2KChrome Headless 140.0.0.0 (Linux 0.0.0): Executed 302 of 1097[31m (31 FAILED)[39m (0 secs / 3.004 secs)
[1A[2KChrome Headless 140.0.0.0 (Linux 0.0.0): Executed 303 of 1097[31m (31 FAILED)[39m (0 secs / 3.006 secs)
[1A[2KChrome Headless 140.0.0.0 (Linux 0.0.0): Executed 304 of 1097[31m (31 FAILED)[39m (0 secs / 3.008 secs)
[1A[2KChrome Headless 140.0.0.0 (Linux 0.0.0): Executed 305 of 1097[31m (31 FAILED)[39m (0 secs / 3.01 secs)
[1A[2KChrome Headless 140.0.0.0 (Linux 0.0.0): Executed 306 of 1097[31m (31 FAILED)[39m (0 secs / 3.013 secs)
[1A[2KChrome Headless 140.0.0.0 (Linux 0.0.0): Executed 307 of 1097[31m (31 FAILED)[39m (0 secs / 3.016 secs)
[1A[2KChrome Headless 140.0.0.0 (Linux 0.0.0): Executed 308 of 1097[31m (31 FAILED)[39m (0 secs / 3.019 secs)
[1A[2KChrome Headless 140.0.0.0 (Linux 0.0.0): Executed 309 of 1097[31m (31 FAILED)[39m (0 secs / 3.022 secs)
[1A[2KChrome Headless 140.0.0.0 (Linux 0.0.0): Executed 310 of 1097[31m (31 FAILED)[39m (0 secs / 3.024 secs)
[1A[2KChrome Headless 140.0.0.0 (Linux 0.0.0): Executed 311 of 1097[31m (31 FAILED)[39m (0 secs / 3.027 secs)
[1A[2KChrome Headless 140.0.0.0 (Linux 0.0.0): Executed 312 of 1097[31m (31 FAILED)[39m (0 secs / 3.029 secs)
[1A[2KChrome Headless 140.0.0.0 (Linux 0.0.0): Executed 313 of 1097[31m (31 FAILED)[39m (0 secs / 3.031 secs)
[1A[2KChrome Headless 140.0.0.0 (Linux 0.0.0): Executed 314 of 1097[31m (31 FAILED)[39m (0 secs / 3.033 secs)
[1A[2KChrome Headless 140.0.0.0 (Linux 0.0.0): Executed 315 of 1097[31m (31 FAILED)[39m (0 secs / 3.035 secs)
[1A[2KLOG: [36m'Owner registration response:', Object{success: false}[39m
Chrome Headless 140.0.0.0 (Linux 0.0.0): Executed 315 of 1097[31m (31 FAILED)[39m (0 secs / 3.035 secs)
LOG: 'Owner registration response:', Object{success: false}
[1A[2KChrome Headless 140.0.0.0 (Linux 0.0.0): Executed 316 of 1097[31m (31 FAILED)[39m (0 secs / 3.079 secs)
[1A[2KLOG: [36m'Owner registration response:', Object{success: true, role: 'owner', message: 'Registration successful'}[39m
Chrome Headless 140.0.0.0 (Linux 0.0.0): Executed 316 of 1097[31m (31 FAILED)[39m (0 secs / 3.079 secs)
LOG: 'Owner registration response:', Object{success: true, role: 'owner', message: 'Registration successful'}
[1A[2KLOG: [36m'User logged in with role:', 'owner'[39m
Chrome Headless 140.0.0.0 (Linux 0.0.0): Executed 316 of 1097[31m (31 FAILED)[39m (0 secs / 3.079 secs)
LOG: 'User logged in with role:', 'owner'
[1A[2KChrome Headless 140.0.0.0 (Linux 0.0.0): Executed 317 of 1097[31m (31 FAILED)[39m (0 secs / 3.096 secs)
[1A[2KLOG: [36m'Owner registration response:', Object{success: true, role: 'owner', message: 'Registration successful'}[39m
Chrome Headless 140.0.0.0 (Linux 0.0.0): Executed 317 of 1097[31m (31 FAILED)[39m (0 secs / 3.096 secs)
LOG: 'Owner registration response:', Object{success: true, role: 'owner', message: 'Registration successful'}
[1A[2KLOG: [36m'User logged in with role:', 'owner'[39m
Chrome Headless 140.0.0.0 (Linux 0.0.0): Executed 317 of 1097[31m (31 FAILED)[39m (0 secs / 3.096 secs)
LOG: 'User logged in with role:', 'owner'
[1A[2KChrome Headless 140.0.0.0 (Linux 0.0.0): Executed 318 of 1097[31m (31 FAILED)[39m (0 secs / 3.113 secs)
[1A[2KLOG: [36m'Owner registration response:', Object{success: true, role: 'owner', message: 'Registration successful', token: 'jwt-token-123'}[39m
Chrome Headless 140.0.0.0 (Linux 0.0.0): Executed 318 of 1097[31m (31 FAILED)[39m (0 secs / 3.113 secs)
LOG: 'Owner registration response:', Object{success: true, role: 'owner', message: 'Registration successful', token: 'jwt-token-123'}
[1A[2KLOG: [36m'User logged in with role:', 'owner'[39m
Chrome Headless 140.0.0.0 (Linux 0.0.0): Executed 318 of 1097[31m (31 FAILED)[39m (0 secs / 3.113 secs)
LOG: 'User logged in with role:', 'owner'
[1A[2KLOG: [36m'Auto-login successful, redirecting to owner dashboard'[39m
Chrome Headless 140.0.0.0 (Linux 0.0.0): Executed 318 of 1097[31m (31 FAILED)[39m (0 secs / 3.113 secs)
LOG: 'Auto-login successful, redirecting to owner dashboard'
[1A[2KChrome Headless 140.0.0.0 (Linux 0.0.0): Executed 319 of 1097[31m (31 FAILED)[39m (0 secs / 3.137 secs)
[1A[2KLOG: [36m'Owner registration response:', Object{success: true, role: 'owner', message: 'Registration successful'}[39m
Chrome Headless 140.0.0.0 (Linux 0.0.0): Executed 319 of 1097[31m (31 FAILED)[39m (0 secs / 3.137 secs)
LOG: 'Owner registration response:', Object{success: true, role: 'owner', message: 'Registration successful'}
[1A[2KLOG: [36m'User logged in with role:', 'owner'[39m
Chrome Headless 140.0.0.0 (Linux 0.0.0): Executed 319 of 1097[31m (31 FAILED)[39m (0 secs / 3.137 secs)
LOG: 'User logged in with role:', 'owner'
[1A[2KChrome Headless 140.0.0.0 (Linux 0.0.0): Executed 320 of 1097[31m (31 FAILED)[39m (0 secs / 3.154 secs)
[1A[2KChrome Headless 140.0.0.0 (Linux 0.0.0): Executed 321 of 1097[31m (31 FAILED)[39m (0 secs / 3.17 secs)
[1A[2KChrome Headless 140.0.0.0 (Linux 0.0.0): Executed 322 of 1097[31m (31 FAILED)[39m (0 secs / 3.186 secs)
[1A[2KChrome Headless 140.0.0.0 (Linux 0.0.0): Executed 323 of 1097[31m (31 FAILED)[39m (0 secs / 3.202 secs)
[1A[2KLOG: [36m'Owner registration response:', Object{success: false, message: 'Shop name already exists'}[39m
Chrome Headless 140.0.0.0 (Linux 0.0.0): Executed 323 of 1097[31m (31 FAILED)[39m (0 secs / 3.202 secs)
LOG: 'Owner registration response:', Object{success: false, message: 'Shop name already exists'}
[1A[2KChrome Headless 140.0.0.0 (Linux 0.0.0): Executed 324 of 1097[31m (31 FAILED)[39m (0 secs / 3.218 secs)
[1A[2KChrome Headless 140.0.0.0 (Linux 0.0.0): Executed 325 of 1097[31m (31 FAILED)[39m (0 secs / 3.234 secs)
[1A[2KChrome Headless 140.0.0.0 (Linux 0.0.0): Executed 326 of 1097[31m (31 FAILED)[39m (0 secs / 3.25 secs)
[1A[2KChrome Headless 140.0.0.0 (Linux 0.0.0): Executed 327 of 1097[31m (31 FAILED)[39m (0 secs / 3.266 secs)
[1A[2KChrome Headless 140.0.0.0 (Linux 0.0.0): Executed 328 of 1097[31m (31 FAILED)[39m (0 secs / 3.281 secs)
[1A[2KChrome Headless 140.0.0.0 (Linux 0.0.0): Executed 329 of 1097[31m (31 FAILED)[39m (0 secs / 3.296 secs)
[1A[2KLOG: [36m'Owner registration response:', Object{success: true, role: 'owner', message: 'Success'}[39m
Chrome Headless 140.0.0.0 (Linux 0.0.0): Executed 329 of 1097[31m (31 FAILED)[39m (0 secs / 3.296 secs)
LOG: 'Owner registration response:', Object{success: true, role: 'owner', message: 'Success'}
[1A[2KLOG: [36m'User logged in with role:', 'owner'[39m
Chrome Headless 140.0.0.0 (Linux 0.0.0): Executed 329 of 1097[31m (31 FAILED)[39m (0 secs / 3.296 secs)
LOG: 'User logged in with role:', 'owner'
[1A[2KChrome Headless 140.0.0.0 (Linux 0.0.0): Executed 330 of 1097[31m (31 FAILED)[39m (0 secs / 3.314 secs)
[1A[2KChrome Headless 140.0.0.0 (Linux 0.0.0): Executed 331 of 1097[31m (31 FAILED)[39m (0 secs / 3.331 secs)
[1A[2KChrome Headless 140.0.0.0 (Linux 0.0.0): Executed 332 of 1097[31m (31 FAILED)[39m (0 secs / 3.35 secs)
[1A[2KChrome Headless 140.0.0.0 (Linux 0.0.0): Executed 333 of 1097[31m (31 FAILED)[39m (0 secs / 3.368 secs)
[1A[2KChrome Headless 140.0.0.0 (Linux 0.0.0): Executed 334 of 1097[31m (31 FAILED)[39m (0 secs / 3.383 secs)
[1A[2KChrome Headless 140.0.0.0 (Linux 0.0.0): Executed 335 of 1097[31m (31 FAILED)[39m (0 secs / 3.403 secs)
[1A[2KLOG: [36m'Owner registration response:', Object{success: true, role: 'owner', message: 'Registration successful'}[39m
Chrome Headless 140.0.0.0 (Linux 0.0.0): Executed 335 of 1097[31m (31 FAILED)[39m (0 secs / 3.403 secs)
LOG: 'Owner registration response:', Object{success: true, role: 'owner', message: 'Registration successful'}
[1A[2KLOG: [36m'User logged in with role:', 'owner'[39m
Chrome Headless 140.0.0.0 (Linux 0.0.0): Executed 335 of 1097[31m (31 FAILED)[39m (0 secs / 3.403 secs)
LOG: 'User logged in with role:', 'owner'
[1A[2KChrome Headless 140.0.0.0 (Linux 0.0.0): Executed 336 of 1097[31m (31 FAILED)[39m (0 secs / 3.42 secs)
[1A[2KChrome Headless 140.0.0.0 (Linux 0.0.0): Executed 337 of 1097[31m (31 FAILED)[39m (0 secs / 3.423 secs)
[1A[2KChrome Headless 140.0.0.0 (Linux 0.0.0): Executed 338 of 1097[31m (31 FAILED)[39m (0 secs / 3.425 secs)
[1A[2KChrome Headless 140.0.0.0 (Linux 0.0.0): Executed 339 of 1097[31m (31 FAILED)[39m (0 secs / 3.428 secs)
[1A[2KChrome Headless 140.0.0.0 (Linux 0.0.0): Executed 340 of 1097[31m (31 FAILED)[39m (0 secs / 3.431 secs)
[1A[2KChrome Headless 140.0.0.0 (Linux 0.0.0): Executed 341 of 1097[31m (31 FAILED)[39m (0 secs / 3.434 secs)
[1A[2KChrome Headless 140.0.0.0 (Linux 0.0.0): Executed 342 of 1097[31m (31 FAILED)[39m (0 secs / 3.438 secs)
[1A[2KChrome Headless 140.0.0.0 (Linux 0.0.0): Executed 343 of 1097[31m (31 FAILED)[39m (0 secs / 3.441 secs)
[1A[2KChrome Headless 140.0.0.0 (Linux 0.0.0): Executed 344 of 1097[31m (31 FAILED)[39m (0 secs / 3.444 secs)
[1A[2KChrome Headless 140.0.0.0 (Linux 0.0.0): Executed 345 of 1097[31m (31 FAILED)[39m (0 secs / 3.447 secs)
[1A[2KChrome Headless 140.0.0.0 (Linux 0.0.0): Executed 346 of 1097[31m (31 FAILED)[39m (0 secs / 3.45 secs)
[1A[2KChrome Headless 140.0.0.0 (Linux 0.0.0): Executed 347 of 1097[31m (31 FAILED)[39m (0 secs / 3.453 secs)
[1A[2KChrome Headless 140.0.0.0 (Linux 0.0.0): Executed 348 of 1097[31m (31 FAILED)[39m (0 secs / 3.455 secs)
[1A[2KChrome Headless 140.0.0.0 (Linux 0.0.0): Executed 349 of 1097[31m (31 FAILED)[39m (0 secs / 4.467 secs)
[1A[2KChrome Headless 140.0.0.0 (Linux 0.0.0): Executed 350 of 1097[31m (31 FAILED)[39m (0 secs / 4.471 secs)
[1A[2KChrome Headless 140.0.0.0 (Linux 0.0.0): Executed 351 of 1097[31m (31 FAILED)[39m (0 secs / 4.475 secs)
[1A[2KChrome Headless 140.0.0.0 (Linux 0.0.0): Executed 352 of 1097[31m (31 FAILED)[39m (0 secs / 4.484 secs)
[1A[2KChrome Headless 140.0.0.0 (Linux 0.0.0): Executed 353 of 1097[31m (31 FAILED)[39m (0 secs / 4.49 secs)
[1A[2KChrome Headless 140.0.0.0 (Linux 0.0.0): Executed 354 of 1097[31m (31 FAILED)[39m (0 secs / 4.493 secs)
[1A[2KChrome Headless 140.0.0.0 (Linux 0.0.0): Executed 355 of 1097[31m (31 FAILED)[39m (0 secs / 5.497 secs)
[1A[2KChrome Headless 140.0.0.0 (Linux 0.0.0): Executed 356 of 1097[31m (31 FAILED)[39m (0 secs / 5.501 secs)
[1A[2KChrome Headless 140.0.0.0 (Linux 0.0.0): Executed 357 of 1097[31m (31 FAILED)[39m (0 secs / 5.504 secs)
[1A[2KChrome Headless 140.0.0.0 (Linux 0.0.0): Executed 358 of 1097[31m (31 FAILED)[39m (0 secs / 5.507 secs)
[1A[2KChrome Headless 140.0.0.0 (Linux 0.0.0): Executed 359 of 1097[31m (31 FAILED)[39m (0 secs / 6.511 secs)
[1A[2KChrome Headless 140.0.0.0 (Linux 0.0.0): Executed 360 of 1097[31m (31 FAILED)[39m (0 secs / 6.514 secs)
[1A[2KChrome Headless 140.0.0.0 (Linux 0.0.0): Executed 361 of 1097[31m (31 FAILED)[39m (0 secs / 7.531 secs)
[1A[2KChrome Headless 140.0.0.0 (Linux 0.0.0): Executed 362 of 1097[31m (31 FAILED)[39m (0 secs / 7.54 secs)
[1A[2KChrome Headless 140.0.0.0 (Linux 0.0.0): Executed 363 of 1097[31m (31 FAILED)[39m (0 secs / 7.543 secs)
[1A[2KChrome Headless 140.0.0.0 (Linux 0.0.0): Executed 364 of 1097[31m (31 FAILED)[39m (0 secs / 7.553 secs)
[1A[2KChrome Headless 140.0.0.0 (Linux 0.0.0): Executed 365 of 1097[31m (31 FAILED)[39m (0 secs / 7.561 secs)
[1A[2KChrome Headless 140.0.0.0 (Linux 0.0.0): Executed 366 of 1097[31m (31 FAILED)[39m (0 secs / 7.568 secs)
[1A[2KChrome Headless 140.0.0.0 (Linux 0.0.0): Executed 367 of 1097[31m (31 FAILED)[39m (0 secs / 7.57 secs)
[1A[2KChrome Headless 140.0.0.0 (Linux 0.0.0): Executed 368 of 1097[31m (31 FAILED)[39m (0 secs / 7.877 secs)
[1A[2KChrome Headless 140.0.0.0 (Linux 0.0.0): Executed 369 of 1097[31m (31 FAILED)[39m (0 secs / 8.203 secs)
[1A[2KChrome Headless 140.0.0.0 (Linux 0.0.0): Executed 370 of 1097[31m (31 FAILED)[39m (0 secs / 8.515 secs)
[1A[2KChrome Headless 140.0.0.0 (Linux 0.0.0): Executed 371 of 1097[31m (31 FAILED)[39m (0 secs / 8.832 secs)
[1A[2KChrome Headless 140.0.0.0 (Linux 0.0.0): Executed 372 of 1097[31m (31 FAILED)[39m (0 secs / 9.144 secs)
[1A[2KChrome Headless 140.0.0.0 (Linux 0.0.0): Executed 373 of 1097[31m (31 FAILED)[39m (0 secs / 9.457 secs)
[1A[2KChrome Headless 140.0.0.0 (Linux 0.0.0): Executed 374 of 1097[31m (31 FAILED)[39m (0 secs / 9.765 secs)
[1A[2KChrome Headless 140.0.0.0 (Linux 0.0.0): Executed 375 of 1097[31m (31 FAILED)[39m (0 secs / 10.073 secs)
[1A[2KChrome Headless 140.0.0.0 (Linux 0.0.0): Executed 376 of 1097[31m (31 FAILED)[39m (0 secs / 10.08 secs)
[1A[2KChrome Headless 140.0.0.0 (Linux 0.0.0): Executed 377 of 1097[31m (31 FAILED)[39m (0 secs / 10.082 secs)
[1A[2KChrome Headless 140.0.0.0 (Linux 0.0.0): Executed 378 of 1097[31m (31 FAILED)[39m (0 secs / 10.085 secs)
[1A[2KChrome Headless 140.0.0.0 (Linux 0.0.0): Executed 379 of 1097[31m (31 FAILED)[39m (0 secs / 10.088 secs)
[1A[2KChrome Headless 140.0.0.0 (Linux 0.0.0): Executed 380 of 1097[31m (31 FAILED)[39m (0 secs / 10.091 secs)
[1A[2KChrome Headless 140.0.0.0 (Linux 0.0.0): Executed 381 of 1097[31m (31 FAILED)[39m (0 secs / 10.094 secs)
[1A[2KChrome Headless 140.0.0.0 (Linux 0.0.0): Executed 382 of 1097[31m (31 FAILED)[39m (0 secs / 10.097 secs)
[1A[2K[31mChrome Headless 140.0.0.0 (Linux 0.0.0) StatusBadgeComponent should display invited status correctly FAILED[39m
	Expected 'px-2 py-1 rounded-full text-sm font-medium border bg-blue-100 text-blue-800 border-blue-200' to contain 'bg-yellow-100'.
	    at <Jasmine>
	    at UserContext.<anonymous> (src/app/shared/components/status-badge.component.spec.ts:36:34)
	    at _ZoneDelegate.invoke (node_modules/zone.js/fesm2015/zone.js:398:28)
	    at _ProxyZoneSpec.onInvoke (node_modules/zone.js/fesm2015/zone-testing.js:2132:39)
	    at _ZoneDelegate.invoke (node_modules/zone.js/fesm2015/zone.js:397:34)
	Expected 'px-2 py-1 rounded-full text-sm font-medium border bg-blue-100 text-blue-800 border-blue-200' to contain 'text-yellow-800'.
	    at <Jasmine>
	    at UserContext.<anonymous> (src/app/shared/components/status-badge.component.spec.ts:37:34)
	    at _ZoneDelegate.invoke (node_modules/zone.js/fesm2015/zone.js:398:28)
	    at _ProxyZoneSpec.onInvoke (node_modules/zone.js/fesm2015/zone-testing.js:2132:39)
	    at _ZoneDelegate.invoke (node_modules/zone.js/fesm2015/zone.js:397:34)
	Expected 'px-2 py-1 rounded-full text-sm font-medium border bg-blue-100 text-blue-800 border-blue-200' to contain 'border-yellow-200'.
	    at <Jasmine>
	    at UserContext.<anonymous> (src/app/shared/components/status-badge.component.spec.ts:38:34)
	    at _ZoneDelegate.invoke (node_modules/zone.js/fesm2015/zone.js:398:28)
	    at _ProxyZoneSpec.onInvoke (node_modules/zone.js/fesm2015/zone-testing.js:2132:39)
	    at _ZoneDelegate.invoke (node_modules/zone.js/fesm2015/zone.js:397:34)
Chrome Headless 140.0.0.0 (Linux 0.0.0): Executed 383 of 1097[31m (32 FAILED)[39m (0 secs / 10.101 secs)
[1A[2KChrome Headless 140.0.0.0 (Linux 0.0.0): Executed 384 of 1097[31m (32 FAILED)[39m (0 secs / 10.117 secs)
[1A[2KChrome Headless 140.0.0.0 (Linux 0.0.0): Executed 385 of 1097[31m (32 FAILED)[39m (0 secs / 10.12 secs)
[1A[2KChrome Headless 140.0.0.0 (Linux 0.0.0): Executed 386 of 1097[31m (32 FAILED)[39m (0 secs / 10.123 secs)
[1A[2KChrome Headless 140.0.0.0 (Linux 0.0.0): Executed 387 of 1097[31m (32 FAILED)[39m (0 secs / 10.126 secs)
[1A[2KChrome Headless 140.0.0.0 (Linux 0.0.0): Executed 388 of 1097[31m (32 FAILED)[39m (0 secs / 10.13 secs)
[1A[2KChrome Headless 140.0.0.0 (Linux 0.0.0): Executed 389 of 1097[31m (32 FAILED)[39m (0 secs / 10.133 secs)
[1A[2KChrome Headless 140.0.0.0 (Linux 0.0.0): Executed 390 of 1097[31m (32 FAILED)[39m (0 secs / 10.136 secs)
[1A[2KChrome Headless 140.0.0.0 (Linux 0.0.0): Executed 391 of 1097[31m (32 FAILED)[39m (0 secs / 10.138 secs)
[1A[2KChrome Headless 140.0.0.0 (Linux 0.0.0): Executed 392 of 1097[31m (32 FAILED)[39m (0 secs / 10.14 secs)
[1A[2KChrome Headless 140.0.0.0 (Linux 0.0.0): Executed 393 of 1097[31m (32 FAILED)[39m (0 secs / 10.142 secs)
[1A[2KChrome Headless 140.0.0.0 (Linux 0.0.0): Executed 394 of 1097[31m (32 FAILED)[39m (0 secs / 10.144 secs)
[1A[2KChrome Headless 140.0.0.0 (Linux 0.0.0): Executed 395 of 1097[31m (32 FAILED)[39m (0 secs / 10.146 secs)
[1A[2KChrome Headless 140.0.0.0 (Linux 0.0.0): Executed 396 of 1097[31m (32 FAILED)[39m (0 secs / 10.148 secs)
[1A[2KChrome Headless 140.0.0.0 (Linux 0.0.0): Executed 397 of 1097[31m (32 FAILED)[39m (0 secs / 10.15 secs)
[1A[2KChrome Headless 140.0.0.0 (Linux 0.0.0): Executed 398 of 1097[31m (32 FAILED)[39m (0 secs / 10.151 secs)
[1A[2KChrome Headless 140.0.0.0 (Linux 0.0.0): Executed 399 of 1097[31m (32 FAILED)[39m (0 secs / 10.153 secs)
[1A[2KChrome Headless 140.0.0.0 (Linux 0.0.0): Executed 400 of 1097[31m (32 FAILED)[39m (0 secs / 10.155 secs)
[1A[2KChrome Headless 140.0.0.0 (Linux 0.0.0): Executed 401 of 1097[31m (32 FAILED)[39m (0 secs / 10.157 secs)
[1A[2KChrome Headless 140.0.0.0 (Linux 0.0.0): Executed 402 of 1097[31m (32 FAILED)[39m (0 secs / 10.197 secs)
[1A[2KChrome Headless 140.0.0.0 (Linux 0.0.0): Executed 403 of 1097[31m (32 FAILED)[39m (0 secs / 10.207 secs)
[1A[2KERROR: [36m'Sale completion failed:', Object{status: 0, message: 'Network error'}[39m
Chrome Headless 140.0.0.0 (Linux 0.0.0): Executed 403 of 1097[31m (32 FAILED)[39m (0 secs / 10.207 secs)
ERROR: 'Sale completion failed:', Object{status: 0, message: 'Network error'}
[1A[2KChrome Headless 140.0.0.0 (Linux 0.0.0): Executed 404 of 1097[31m (32 FAILED)[39m (0 secs / 10.218 secs)
[1A[2KChrome Headless 140.0.0.0 (Linux 0.0.0): Executed 405 of 1097[31m (32 FAILED)[39m (0 secs / 10.228 secs)
[1A[2KChrome Headless 140.0.0.0 (Linux 0.0.0): Executed 406 of 1097[31m (32 FAILED)[39m (0 secs / 10.238 secs)
[1A[2KChrome Headless 140.0.0.0 (Linux 0.0.0): Executed 407 of 1097[31m (32 FAILED)[39m (0 secs / 10.248 secs)
[1A[2KChrome Headless 140.0.0.0 (Linux 0.0.0): Executed 408 of 1097[31m (32 FAILED)[39m (0 secs / 10.259 secs)
[1A[2KChrome Headless 140.0.0.0 (Linux 0.0.0): Executed 409 of 1097[31m (32 FAILED)[39m (0 secs / 10.27 secs)
[1A[2KChrome Headless 140.0.0.0 (Linux 0.0.0): Executed 410 of 1097[31m (32 FAILED)[39m (0 secs / 10.279 secs)
[1A[2KChrome Headless 140.0.0.0 (Linux 0.0.0): Executed 411 of 1097[31m (32 FAILED)[39m (0 secs / 10.289 secs)
[1A[2KChrome Headless 140.0.0.0 (Linux 0.0.0): Executed 412 of 1097[31m (32 FAILED)[39m (0 secs / 10.299 secs)
[1A[2KChrome Headless 140.0.0.0 (Linux 0.0.0): Executed 413 of 1097[31m (32 FAILED)[39m (0 secs / 10.308 secs)
[1A[2KChrome Headless 140.0.0.0 (Linux 0.0.0): Executed 414 of 1097[31m (32 FAILED)[39m (0 secs / 10.317 secs)
[1A[2KChrome Headless 140.0.0.0 (Linux 0.0.0): Executed 415 of 1097[31m (32 FAILED)[39m (0 secs / 10.326 secs)
[1A[2KChrome Headless 140.0.0.0 (Linux 0.0.0): Executed 416 of 1097[31m (32 FAILED)[39m (0 secs / 10.366 secs)
[1A[2KChrome Headless 140.0.0.0 (Linux 0.0.0): Executed 417 of 1097[31m (32 FAILED)[39m (0 secs / 10.379 secs)
[1A[2KChrome Headless 140.0.0.0 (Linux 0.0.0): Executed 418 of 1097[31m (32 FAILED)[39m (0 secs / 10.388 secs)
[1A[2KChrome Headless 140.0.0.0 (Linux 0.0.0): Executed 419 of 1097[31m (32 FAILED)[39m (0 secs / 10.396 secs)
[1A[2KChrome Headless 140.0.0.0 (Linux 0.0.0): Executed 420 of 1097[31m (32 FAILED)[39m (0 secs / 10.404 secs)
[1A[2KChrome Headless 140.0.0.0 (Linux 0.0.0): Executed 421 of 1097[31m (32 FAILED)[39m (0 secs / 10.412 secs)
[1A[2KLOG: [36m'Twitter sign in clicked'[39m
Chrome Headless 140.0.0.0 (Linux 0.0.0): Executed 421 of 1097[31m (32 FAILED)[39m (0 secs / 10.412 secs)
LOG: 'Twitter sign in clicked'
[1A[2KChrome Headless 140.0.0.0 (Linux 0.0.0): Executed 422 of 1097[31m (32 FAILED)[39m (0 secs / 10.421 secs)
[1A[2KLOG: [36m'Apple sign in clicked'[39m
Chrome Headless 140.0.0.0 (Linux 0.0.0): Executed 422 of 1097[31m (32 FAILED)[39m (0 secs / 10.421 secs)
LOG: 'Apple sign in clicked'
[1A[2KChrome Headless 140.0.0.0 (Linux 0.0.0): Executed 423 of 1097[31m (32 FAILED)[39m (0 secs / 10.43 secs)
[1A[2KLOG: [36m'Google sign in clicked'[39m
Chrome Headless 140.0.0.0 (Linux 0.0.0): Executed 423 of 1097[31m (32 FAILED)[39m (0 secs / 10.43 secs)
LOG: 'Google sign in clicked'
[1A[2KChrome Headless 140.0.0.0 (Linux 0.0.0): Executed 424 of 1097[31m (32 FAILED)[39m (0 secs / 8.376 secs)
[1A[2KLOG: [36m'Facebook sign in clicked'[39m
Chrome Headless 140.0.0.0 (Linux 0.0.0): Executed 424 of 1097[31m (32 FAILED)[39m (0 secs / 8.376 secs)
LOG: 'Facebook sign in clicked'
[1A[2KChrome Headless 140.0.0.0 (Linux 0.0.0): Executed 425 of 1097[31m (32 FAILED)[39m (0 secs / 8.385 secs)
[1A[2KLOG: [36m'LinkedIn sign in clicked'[39m
Chrome Headless 140.0.0.0 (Linux 0.0.0): Executed 425 of 1097[31m (32 FAILED)[39m (0 secs / 8.385 secs)
LOG: 'LinkedIn sign in clicked'
[1A[2KChrome Headless 140.0.0.0 (Linux 0.0.0): Executed 426 of 1097[31m (32 FAILED)[39m (0 secs / 8.393 secs)
[1A[2KChrome Headless 140.0.0.0 (Linux 0.0.0): Executed 427 of 1097[31m (32 FAILED)[39m (0 secs / 8.401 secs)
[1A[2KChrome Headless 140.0.0.0 (Linux 0.0.0): Executed 428 of 1097[31m (32 FAILED)[39m (0 secs / 8.412 secs)
[1A[2KChrome Headless 140.0.0.0 (Linux 0.0.0): Executed 429 of 1097[31m (32 FAILED)[39m (0 secs / 8.419 secs)
[1A[2KChrome Headless 140.0.0.0 (Linux 0.0.0): Executed 430 of 1097[31m (32 FAILED)[39m (0 secs / 8.431 secs)
[1A[2KChrome Headless 140.0.0.0 (Linux 0.0.0): Executed 431 of 1097[31m (32 FAILED)[39m (0 secs / 8.443 secs)
[1A[2KChrome Headless 140.0.0.0 (Linux 0.0.0): Executed 432 of 1097[31m (32 FAILED)[39m (0 secs / 8.454 secs)
[1A[2KChrome Headless 140.0.0.0 (Linux 0.0.0): Executed 433 of 1097[31m (32 FAILED)[39m (0 secs / 8.462 secs)
[1A[2KChrome Headless 140.0.0.0 (Linux 0.0.0): Executed 434 of 1097[31m (32 FAILED)[39m (0 secs / 8.464 secs)
[1A[2KChrome Headless 140.0.0.0 (Linux 0.0.0): Executed 435 of 1097[31m (32 FAILED)[39m (0 secs / 8.466 secs)
[1A[2KChrome Headless 140.0.0.0 (Linux 0.0.0): Executed 436 of 1097[31m (32 FAILED)[39m (0 secs / 8.468 secs)
[1A[2KERROR: [36m'Earnings error:', Error: Network error
Error: Network error
    at http://localhost:9876/base/src/app/consignor/components/earnings-widget.component.spec.ts:78:84
    at _Observable.init [as _subscribe] (http://localhost:9876/base/node_modules/rxjs/dist/esm/internal/observable/throwError.js:5:51)
    at _Observable._trySubscribe (http://localhost:9876/base/node_modules/rxjs/dist/esm/internal/Observable.js:37:25)
    at http://localhost:9876/base/node_modules/rxjs/dist/esm/internal/Observable.js:31:30
    at errorContext (http://localhost:9876/base/node_modules/rxjs/dist/esm/internal/util/errorContext.js:19:9)
    at _Observable.subscribe (http://localhost:9876/base/node_modules/rxjs/dist/esm/internal/Observable.js:22:9)
    at EarningsWidgetComponent2.loadEarnings (http://localhost:9876/base/src/app/consignor/components/earnings-widget.component.ts:254:48)
    at EarningsWidgetComponent2.ngOnInit (http://localhost:9876/base/src/app/consignor/components/earnings-widget.component.ts:247:10)
    at UserContext.<anonymous> (http://localhost:9876/base/src/app/consignor/components/earnings-widget.component.spec.ts:79:15)
    at _ZoneDelegate.invoke (http://localhost:9876/base/node_modules/zone.js/fesm2015/zone.js:398:28)[39m
Chrome Headless 140.0.0.0 (Linux 0.0.0): Executed 436 of 1097[31m (32 FAILED)[39m (0 secs / 8.468 secs)
ERROR: 'Earnings error:', Error: Network error
Error: Network error
    at http://localhost:9876/base/src/app/consignor/components/earnings-widget.component.spec.ts:78:84
    at _Observable.init [as _subscribe] (http://localhost:9876/base/node_modules/rxjs/dist/esm/internal/observable/throwError.js:5:51)
    at _Observable._trySubscribe (http://localhost:9876/base/node_modules/rxjs/dist/esm/internal/Observable.js:37:25)
    at http://localhost:9876/base/node_modules/rxjs/dist/esm/internal/Observable.js:31:30
    at errorContext (http://localhost:9876/base/node_modules/rxjs/dist/esm/internal/util/errorContext.js:19:9)
    at _Observable.subscribe (http://localhost:9876/base/node_modules/rxjs/dist/esm/internal/Observable.js:22:9)
    at EarningsWidgetComponent2.loadEarnings (http://localhost:9876/base/src/app/consignor/components/earnings-widget.component.ts:254:48)
    at EarningsWidgetComponent2.ngOnInit (http://localhost:9876/base/src/app/consignor/components/earnings-widget.component.ts:247:10)
    at UserContext.<anonymous> (http://localhost:9876/base/src/app/consignor/components/earnings-widget.component.spec.ts:79:15)
    at _ZoneDelegate.invoke (http://localhost:9876/base/node_modules/zone.js/fesm2015/zone.js:398:28)
[1A[2KChrome Headless 140.0.0.0 (Linux 0.0.0): Executed 437 of 1097[31m (32 FAILED)[39m (0 secs / 8.483 secs)
[1A[2KERROR: [36m'Earnings error:', Error: Network error
Error: Network error
    at http://localhost:9876/base/src/app/consignor/components/earnings-widget.component.spec.ts:67:84
    at _Observable.init [as _subscribe] (http://localhost:9876/base/node_modules/rxjs/dist/esm/internal/observable/throwError.js:5:51)
    at _Observable._trySubscribe (http://localhost:9876/base/node_modules/rxjs/dist/esm/internal/Observable.js:37:25)
    at http://localhost:9876/base/node_modules/rxjs/dist/esm/internal/Observable.js:31:30
    at errorContext (http://localhost:9876/base/node_modules/rxjs/dist/esm/internal/util/errorContext.js:19:9)
    at _Observable.subscribe (http://localhost:9876/base/node_modules/rxjs/dist/esm/internal/Observable.js:22:9)
    at EarningsWidgetComponent2.loadEarnings (http://localhost:9876/base/src/app/consignor/components/earnings-widget.component.ts:254:48)
    at EarningsWidgetComponent2.ngOnInit (http://localhost:9876/base/src/app/consignor/components/earnings-widget.component.ts:247:10)
    at UserContext.<anonymous> (http://localhost:9876/base/src/app/consignor/components/earnings-widget.component.spec.ts:69:15)
    at _ZoneDelegate.invoke (http://localhost:9876/base/node_modules/zone.js/fesm2015/zone.js:398:28)[39m
Chrome Headless 140.0.0.0 (Linux 0.0.0): Executed 437 of 1097[31m (32 FAILED)[39m (0 secs / 8.483 secs)
ERROR: 'Earnings error:', Error: Network error
Error: Network error
    at http://localhost:9876/base/src/app/consignor/components/earnings-widget.component.spec.ts:67:84
    at _Observable.init [as _subscribe] (http://localhost:9876/base/node_modules/rxjs/dist/esm/internal/observable/throwError.js:5:51)
    at _Observable._trySubscribe (http://localhost:9876/base/node_modules/rxjs/dist/esm/internal/Observable.js:37:25)
    at http://localhost:9876/base/node_modules/rxjs/dist/esm/internal/Observable.js:31:30
    at errorContext (http://localhost:9876/base/node_modules/rxjs/dist/esm/internal/util/errorContext.js:19:9)
    at _Observable.subscribe (http://localhost:9876/base/node_modules/rxjs/dist/esm/internal/Observable.js:22:9)
    at EarningsWidgetComponent2.loadEarnings (http://localhost:9876/base/src/app/consignor/components/earnings-widget.component.ts:254:48)
    at EarningsWidgetComponent2.ngOnInit (http://localhost:9876/base/src/app/consignor/components/earnings-widget.component.ts:247:10)
    at UserContext.<anonymous> (http://localhost:9876/base/src/app/consignor/components/earnings-widget.component.spec.ts:69:15)
    at _ZoneDelegate.invoke (http://localhost:9876/base/node_modules/zone.js/fesm2015/zone.js:398:28)
[1A[2KChrome Headless 140.0.0.0 (Linux 0.0.0): Executed 438 of 1097[31m (32 FAILED)[39m (0 secs / 8.487 secs)
[1A[2KChrome Headless 140.0.0.0 (Linux 0.0.0): Executed 439 of 1097[31m (32 FAILED)[39m (0 secs / 8.49 secs)
[1A[2KChrome Headless 140.0.0.0 (Linux 0.0.0): Executed 440 of 1097[31m (32 FAILED)[39m (0 secs / 8.493 secs)
[1A[2KChrome Headless 140.0.0.0 (Linux 0.0.0): Executed 441 of 1097[31m (32 FAILED)[39m (0 secs / 8.496 secs)
[1A[2K[31mChrome Headless 140.0.0.0 (Linux 0.0.0) EarningsWidgetComponent should display loading state initially FAILED[39m
	TypeError: Cannot read properties of undefined (reading 'subscribe')
	    at EarningsWidgetComponent2.loadEarnings (src/app/consignor/components/earnings-widget.component.ts:254:45)
	    at EarningsWidgetComponent2.ngOnInit (src/app/consignor/components/earnings-widget.component.ts:247:10)
	    at callHookInternal (node_modules/@angular/core/fesm2022/debug_node.mjs:860:14)
	    at callHook (node_modules/@angular/core/fesm2022/debug_node.mjs:887:13)
	    at callHooks (node_modules/@angular/core/fesm2022/debug_node.mjs:841:17)
	    at executeInitAndCheckHooks (node_modules/@angular/core/fesm2022/debug_node.mjs:791:9)
	    at refreshView (node_modules/@angular/core/fesm2022/debug_node.mjs:10107:21)
	    at detectChangesInView (node_modules/@angular/core/fesm2022/debug_node.mjs:10312:9)
	    at detectChangesInViewWhileDirty (node_modules/@angular/core/fesm2022/debug_node.mjs:10001:9)
	    at detectChangesInternal (node_modules/@angular/core/fesm2022/debug_node.mjs:9989:9)
Chrome Headless 140.0.0.0 (Linux 0.0.0): Executed 442 of 1097[31m (33 FAILED)[39m (0 secs / 8.5 secs)
[1A[2K[31mChrome Headless 140.0.0.0 (Linux 0.0.0) EarningsWidgetComponent should display earnings data when loaded successfully FAILED[39m
	TypeError: Cannot read properties of undefined (reading 'subscribe')
	    at EarningsWidgetComponent2.loadEarnings (src/app/consignor/components/earnings-widget.component.ts:254:45)
	    at EarningsWidgetComponent2.ngOnInit (src/app/consignor/components/earnings-widget.component.ts:247:10)
	    at callHookInternal (node_modules/@angular/core/fesm2022/debug_node.mjs:860:14)
	    at callHook (node_modules/@angular/core/fesm2022/debug_node.mjs:887:13)
	    at callHooks (node_modules/@angular/core/fesm2022/debug_node.mjs:841:17)
	    at executeInitAndCheckHooks (node_modules/@angular/core/fesm2022/debug_node.mjs:791:9)
	    at refreshView (node_modules/@angular/core/fesm2022/debug_node.mjs:10107:21)
	    at detectChangesInView (node_modules/@angular/core/fesm2022/debug_node.mjs:10312:9)
	    at detectChangesInViewWhileDirty (node_modules/@angular/core/fesm2022/debug_node.mjs:10001:9)
	    at detectChangesInternal (node_modules/@angular/core/fesm2022/debug_node.mjs:9989:9)
Chrome Headless 140.0.0.0 (Linux 0.0.0): Executed 443 of 1097[31m (34 FAILED)[39m (0 secs / 8.504 secs)
[1A[2K[31mChrome Headless 140.0.0.0 (Linux 0.0.0) EarningsWidgetComponent should display error state when error occurs FAILED[39m
	TypeError: Cannot read properties of undefined (reading 'subscribe')
	    at EarningsWidgetComponent2.loadEarnings (src/app/consignor/components/earnings-widget.component.ts:254:45)
	    at EarningsWidgetComponent2.ngOnInit (src/app/consignor/components/earnings-widget.component.ts:247:10)
	    at callHookInternal (node_modules/@angular/core/fesm2022/debug_node.mjs:860:14)
	    at callHook (node_modules/@angular/core/fesm2022/debug_node.mjs:887:13)
	    at callHooks (node_modules/@angular/core/fesm2022/debug_node.mjs:841:17)
	    at executeInitAndCheckHooks (node_modules/@angular/core/fesm2022/debug_node.mjs:791:9)
	    at refreshView (node_modules/@angular/core/fesm2022/debug_node.mjs:10107:21)
	    at detectChangesInView (node_modules/@angular/core/fesm2022/debug_node.mjs:10312:9)
	    at detectChangesInViewWhileDirty (node_modules/@angular/core/fesm2022/debug_node.mjs:10001:9)
	    at detectChangesInternal (node_modules/@angular/core/fesm2022/debug_node.mjs:9989:9)
Chrome Headless 140.0.0.0 (Linux 0.0.0): Executed 444 of 1097[31m (35 FAILED)[39m (0 secs / 8.507 secs)
[1A[2K[31mChrome Headless 140.0.0.0 (Linux 0.0.0) EarningsWidgetComponent should show no earnings message when both pending and paid are zero FAILED[39m
	TypeError: Cannot read properties of undefined (reading 'subscribe')
	    at EarningsWidgetComponent2.loadEarnings (src/app/consignor/components/earnings-widget.component.ts:254:45)
	    at EarningsWidgetComponent2.ngOnInit (src/app/consignor/components/earnings-widget.component.ts:247:10)
	    at callHookInternal (node_modules/@angular/core/fesm2022/debug_node.mjs:860:14)
	    at callHook (node_modules/@angular/core/fesm2022/debug_node.mjs:887:13)
	    at callHooks (node_modules/@angular/core/fesm2022/debug_node.mjs:841:17)
	    at executeInitAndCheckHooks (node_modules/@angular/core/fesm2022/debug_node.mjs:791:9)
	    at refreshView (node_modules/@angular/core/fesm2022/debug_node.mjs:10107:21)
	    at detectChangesInView (node_modules/@angular/core/fesm2022/debug_node.mjs:10312:9)
	    at detectChangesInViewWhileDirty (node_modules/@angular/core/fesm2022/debug_node.mjs:10001:9)
	    at detectChangesInternal (node_modules/@angular/core/fesm2022/debug_node.mjs:9989:9)
Chrome Headless 140.0.0.0 (Linux 0.0.0): Executed 445 of 1097[31m (36 FAILED)[39m (0 secs / 8.51 secs)
[1A[2K[31mChrome Headless 140.0.0.0 (Linux 0.0.0) EarningsWidgetComponent should show next payout date when available FAILED[39m
	TypeError: Cannot read properties of undefined (reading 'subscribe')
	    at EarningsWidgetComponent2.loadEarnings (src/app/consignor/components/earnings-widget.component.ts:254:45)
	    at EarningsWidgetComponent2.ngOnInit (src/app/consignor/components/earnings-widget.component.ts:247:10)
	    at callHookInternal (node_modules/@angular/core/fesm2022/debug_node.mjs:860:14)
	    at callHook (node_modules/@angular/core/fesm2022/debug_node.mjs:887:13)
	    at callHooks (node_modules/@angular/core/fesm2022/debug_node.mjs:841:17)
	    at executeInitAndCheckHooks (node_modules/@angular/core/fesm2022/debug_node.mjs:791:9)
	    at refreshView (node_modules/@angular/core/fesm2022/debug_node.mjs:10107:21)
	    at detectChangesInView (node_modules/@angular/core/fesm2022/debug_node.mjs:10312:9)
	    at detectChangesInViewWhileDirty (node_modules/@angular/core/fesm2022/debug_node.mjs:10001:9)
	    at detectChangesInternal (node_modules/@angular/core/fesm2022/debug_node.mjs:9989:9)
Chrome Headless 140.0.0.0 (Linux 0.0.0): Executed 446 of 1097[31m (37 FAILED)[39m (0 secs / 8.513 secs)
[1A[2K[31mChrome Headless 140.0.0.0 (Linux 0.0.0) EarningsWidgetComponent should have router link to payouts page FAILED[39m
	TypeError: Cannot read properties of undefined (reading 'subscribe')
	    at EarningsWidgetComponent2.loadEarnings (src/app/consignor/components/earnings-widget.component.ts:254:45)
	    at EarningsWidgetComponent2.ngOnInit (src/app/consignor/components/earnings-widget.component.ts:247:10)
	    at callHookInternal (node_modules/@angular/core/fesm2022/debug_node.mjs:860:14)
	    at callHook (node_modules/@angular/core/fesm2022/debug_node.mjs:887:13)
	    at callHooks (node_modules/@angular/core/fesm2022/debug_node.mjs:841:17)
	    at executeInitAndCheckHooks (node_modules/@angular/core/fesm2022/debug_node.mjs:791:9)
	    at refreshView (node_modules/@angular/core/fesm2022/debug_node.mjs:10107:21)
	    at detectChangesInView (node_modules/@angular/core/fesm2022/debug_node.mjs:10312:9)
	    at detectChangesInViewWhileDirty (node_modules/@angular/core/fesm2022/debug_node.mjs:10001:9)
	    at detectChangesInternal (node_modules/@angular/core/fesm2022/debug_node.mjs:9989:9)
Chrome Headless 140.0.0.0 (Linux 0.0.0): Executed 447 of 1097[31m (38 FAILED)[39m (0 secs / 8.517 secs)
[1A[2KChrome Headless 140.0.0.0 (Linux 0.0.0): Executed 448 of 1097[31m (38 FAILED)[39m (0 secs / 8.52 secs)
[1A[2KChrome Headless 140.0.0.0 (Linux 0.0.0): Executed 449 of 1097[31m (38 FAILED)[39m (0 secs / 8.523 secs)
[1A[2KChrome Headless 140.0.0.0 (Linux 0.0.0): Executed 450 of 1097[31m (38 FAILED)[39m (0 secs / 8.523 secs)
[1A[2KChrome Headless 140.0.0.0 (Linux 0.0.0): Executed 451 of 1097[31m (38 FAILED)[39m (0 secs / 8.523 secs)
[1A[2KChrome Headless 140.0.0.0 (Linux 0.0.0): Executed 452 of 1097[31m (38 FAILED)[39m (0 secs / 8.523 secs)
[1A[2KChrome Headless 140.0.0.0 (Linux 0.0.0): Executed 453 of 1097[31m (38 FAILED)[39m (0 secs / 8.523 secs)
[1A[2KChrome Headless 140.0.0.0 (Linux 0.0.0): Executed 454 of 1097[31m (38 FAILED)[39m (0 secs / 8.524 secs)
[1A[2KChrome Headless 140.0.0.0 (Linux 0.0.0): Executed 455 of 1097[31m (38 FAILED)[39m (0 secs / 8.524 secs)
[1A[2KChrome Headless 140.0.0.0 (Linux 0.0.0): Executed 456 of 1097[31m (38 FAILED)[39m (0 secs / 8.525 secs)
[1A[2KChrome Headless 140.0.0.0 (Linux 0.0.0): Executed 457 of 1097[31m (38 FAILED)[39m (0 secs / 8.525 secs)
[1A[2KChrome Headless 140.0.0.0 (Linux 0.0.0): Executed 458 of 1097[31m (38 FAILED)[39m (0 secs / 8.526 secs)
[1A[2KChrome Headless 140.0.0.0 (Linux 0.0.0): Executed 459 of 1097[31m (38 FAILED)[39m (0 secs / 8.527 secs)
[1A[2KChrome Headless 140.0.0.0 (Linux 0.0.0): Executed 460 of 1097[31m (38 FAILED)[39m (0 secs / 8.527 secs)
[1A[2KChrome Headless 140.0.0.0 (Linux 0.0.0): Executed 461 of 1097[31m (38 FAILED)[39m (0 secs / 8.527 secs)
[1A[2KChrome Headless 140.0.0.0 (Linux 0.0.0): Executed 462 of 1097[31m (38 FAILED)[39m (0 secs / 8.528 secs)
[1A[2KChrome Headless 140.0.0.0 (Linux 0.0.0): Executed 463 of 1097[31m (38 FAILED)[39m (0 secs / 8.529 secs)
[1A[2KChrome Headless 140.0.0.0 (Linux 0.0.0): Executed 464 of 1097[31m (38 FAILED)[39m (0 secs / 8.53 secs)
[1A[2KChrome Headless 140.0.0.0 (Linux 0.0.0): Executed 465 of 1097[31m (38 FAILED)[39m (0 secs / 8.53 secs)
[1A[2KChrome Headless 140.0.0.0 (Linux 0.0.0): Executed 466 of 1097[31m (38 FAILED)[39m (0 secs / 8.53 secs)
[1A[2KChrome Headless 140.0.0.0 (Linux 0.0.0): Executed 467 of 1097[31m (38 FAILED)[39m (0 secs / 8.531 secs)
[1A[2KChrome Headless 140.0.0.0 (Linux 0.0.0): Executed 468 of 1097[31m (38 FAILED)[39m (0 secs / 8.531 secs)
[1A[2KChrome Headless 140.0.0.0 (Linux 0.0.0): Executed 469 of 1097[31m (38 FAILED)[39m (0 secs / 8.532 secs)
[1A[2KChrome Headless 140.0.0.0 (Linux 0.0.0): Executed 470 of 1097[31m (38 FAILED)[39m (0 secs / 8.532 secs)
[1A[2KChrome Headless 140.0.0.0 (Linux 0.0.0): Executed 471 of 1097[31m (38 FAILED)[39m (0 secs / 8.545 secs)
[1A[2KChrome Headless 140.0.0.0 (Linux 0.0.0): Executed 472 of 1097[31m (38 FAILED)[39m (0 secs / 8.554 secs)
[1A[2KChrome Headless 140.0.0.0 (Linux 0.0.0): Executed 473 of 1097[31m (38 FAILED)[39m (0 secs / 8.562 secs)
[1A[2KChrome Headless 140.0.0.0 (Linux 0.0.0): Executed 474 of 1097[31m (38 FAILED)[39m (0 secs / 8.571 secs)
[1A[2KChrome Headless 140.0.0.0 (Linux 0.0.0): Executed 475 of 1097[31m (38 FAILED)[39m (0 secs / 8.579 secs)
[1A[2KChrome Headless 140.0.0.0 (Linux 0.0.0): Executed 476 of 1097[31m (38 FAILED)[39m (0 secs / 8.586 secs)
[1A[2KChrome Headless 140.0.0.0 (Linux 0.0.0): Executed 477 of 1097[31m (38 FAILED)[39m (0 secs / 8.594 secs)
[1A[2KChrome Headless 140.0.0.0 (Linux 0.0.0): Executed 478 of 1097[31m (38 FAILED)[39m (0 secs / 8.601 secs)
[1A[2KChrome Headless 140.0.0.0 (Linux 0.0.0): Executed 479 of 1097[31m (38 FAILED)[39m (0 secs / 8.609 secs)
[1A[2KERROR: [36m'Price change response error:', Error: Service error
Error: Service error
    at http://localhost:9876/base/src/app/features/consignor/items/modals/respond-price-change/respond-price-change.component.spec.ts:176:71
    at _Observable.init [as _subscribe] (http://localhost:9876/base/node_modules/rxjs/dist/esm/internal/observable/throwError.js:5:51)
    at _Observable._trySubscribe (http://localhost:9876/base/node_modules/rxjs/dist/esm/internal/Observable.js:37:25)
    at http://localhost:9876/base/node_modules/rxjs/dist/esm/internal/Observable.js:31:30
    at errorContext (http://localhost:9876/base/node_modules/rxjs/dist/esm/internal/util/errorContext.js:19:9)
    at _Observable.subscribe (http://localhost:9876/base/node_modules/rxjs/dist/esm/internal/Observable.js:22:9)
    at http://localhost:9876/base/node_modules/rxjs/dist/esm/internal/operators/takeUntil.js:8:38
    at SafeSubscriber.<anonymous> (http://localhost:9876/base/node_modules/rxjs/dist/esm/internal/util/lift.js:10:28)
    at http://localhost:9876/base/node_modules/rxjs/dist/esm/internal/Observable.js:26:30
    at errorContext (http://localhost:9876/base/node_modules/rxjs/dist/esm/internal/util/errorContext.js:19:9)[39m
Chrome Headless 140.0.0.0 (Linux 0.0.0): Executed 479 of 1097[31m (38 FAILED)[39m (0 secs / 8.609 secs)
ERROR: 'Price change response error:', Error: Service error
Error: Service error
    at http://localhost:9876/base/src/app/features/consignor/items/modals/respond-price-change/respond-price-change.component.spec.ts:176:71
    at _Observable.init [as _subscribe] (http://localhost:9876/base/node_modules/rxjs/dist/esm/internal/observable/throwError.js:5:51)
    at _Observable._trySubscribe (http://localhost:9876/base/node_modules/rxjs/dist/esm/internal/Observable.js:37:25)
    at http://localhost:9876/base/node_modules/rxjs/dist/esm/internal/Observable.js:31:30
    at errorContext (http://localhost:9876/base/node_modules/rxjs/dist/esm/internal/util/errorContext.js:19:9)
    at _Observable.subscribe (http://localhost:9876/base/node_modules/rxjs/dist/esm/internal/Observable.js:22:9)
    at http://localhost:9876/base/node_modules/rxjs/dist/esm/internal/operators/takeUntil.js:8:38
    at SafeSubscriber.<anonymous> (http://localhost:9876/base/node_modules/rxjs/dist/esm/internal/util/lift.js:10:28)
    at http://localhost:9876/base/node_modules/rxjs/dist/esm/internal/Observable.js:26:30
    at errorContext (http://localhost:9876/base/node_modules/rxjs/dist/esm/internal/util/errorContext.js:19:9)
[1A[2KChrome Headless 140.0.0.0 (Linux 0.0.0): Executed 480 of 1097[31m (38 FAILED)[39m (0 secs / 8.618 secs)
[1A[2KChrome Headless 140.0.0.0 (Linux 0.0.0): Executed 481 of 1097[31m (38 FAILED)[39m (0 secs / 8.626 secs)
[1A[2KChrome Headless 140.0.0.0 (Linux 0.0.0): Executed 482 of 1097[31m (38 FAILED)[39m (0 secs / 8.634 secs)
[1A[2KChrome Headless 140.0.0.0 (Linux 0.0.0): Executed 483 of 1097[31m (38 FAILED)[39m (0 secs / 8.64 secs)
[1A[2KChrome Headless 140.0.0.0 (Linux 0.0.0): Executed 484 of 1097[31m (38 FAILED)[39m (0 secs / 8.647 secs)
[1A[2KChrome Headless 140.0.0.0 (Linux 0.0.0): Executed 485 of 1097[31m (38 FAILED)[39m (0 secs / 8.655 secs)
[1A[2KChrome Headless 140.0.0.0 (Linux 0.0.0): Executed 486 of 1097[31m (38 FAILED)[39m (0 secs / 8.663 secs)
[1A[2KChrome Headless 140.0.0.0 (Linux 0.0.0): Executed 487 of 1097[31m (38 FAILED)[39m (0 secs / 8.671 secs)
[1A[2KChrome Headless 140.0.0.0 (Linux 0.0.0): Executed 488 of 1097[31m (38 FAILED)[39m (0 secs / 8.678 secs)
[1A[2KChrome Headless 140.0.0.0 (Linux 0.0.0): Executed 489 of 1097[31m (38 FAILED)[39m (0 secs / 8.685 secs)
[1A[2KChrome Headless 140.0.0.0 (Linux 0.0.0): Executed 490 of 1097[31m (38 FAILED)[39m (0 secs / 8.703 secs)
[1A[2KChrome Headless 140.0.0.0 (Linux 0.0.0): Executed 491 of 1097[31m (38 FAILED)[39m (0 secs / 8.707 secs)
[1A[2KChrome Headless 140.0.0.0 (Linux 0.0.0): Executed 492 of 1097[31m (38 FAILED)[39m (0 secs / 8.71 secs)
[1A[2KChrome Headless 140.0.0.0 (Linux 0.0.0): Executed 493 of 1097[31m (38 FAILED)[39m (0 secs / 8.718 secs)
[1A[2KChrome Headless 140.0.0.0 (Linux 0.0.0): Executed 494 of 1097[31m (38 FAILED)[39m (0 secs / 8.725 secs)
[1A[2KChrome Headless 140.0.0.0 (Linux 0.0.0): Executed 495 of 1097[31m (38 FAILED)[39m (0 secs / 8.731 secs)
[1A[2KChrome Headless 140.0.0.0 (Linux 0.0.0): Executed 496 of 1097[31m (38 FAILED)[39m (0 secs / 8.737 secs)
[1A[2KChrome Headless 140.0.0.0 (Linux 0.0.0): Executed 497 of 1097[31m (38 FAILED)[39m (0 secs / 8.743 secs)
[1A[2KChrome Headless 140.0.0.0 (Linux 0.0.0): Executed 498 of 1097[31m (38 FAILED)[39m (0 secs / 8.749 secs)
[1A[2KChrome Headless 140.0.0.0 (Linux 0.0.0): Executed 499 of 1097[31m (38 FAILED)[39m (0 secs / 8.755 secs)
[1A[2KChrome Headless 140.0.0.0 (Linux 0.0.0): Executed 500 of 1097[31m (38 FAILED)[39m (0 secs / 8.761 secs)
[1A[2KChrome Headless 140.0.0.0 (Linux 0.0.0): Executed 501 of 1097[31m (38 FAILED)[39m (0 secs / 8.768 secs)
[1A[2KChrome Headless 140.0.0.0 (Linux 0.0.0): Executed 502 of 1097[31m (38 FAILED)[39m (0 secs / 8.774 secs)
[1A[2KChrome Headless 140.0.0.0 (Linux 0.0.0): Executed 503 of 1097[31m (38 FAILED)[39m (0 secs / 8.782 secs)
[1A[2KChrome Headless 140.0.0.0 (Linux 0.0.0): Executed 504 of 1097[31m (38 FAILED)[39m (0 secs / 8.789 secs)
[1A[2KChrome Headless 140.0.0.0 (Linux 0.0.0): Executed 505 of 1097[31m (38 FAILED)[39m (0 secs / 8.796 secs)
[1A[2KChrome Headless 140.0.0.0 (Linux 0.0.0): Executed 506 of 1097[31m (38 FAILED)[39m (0 secs / 8.801 secs)
[1A[2KChrome Headless 140.0.0.0 (Linux 0.0.0): Executed 507 of 1097[31m (38 FAILED)[39m (0 secs / 8.807 secs)
[1A[2KChrome Headless 140.0.0.0 (Linux 0.0.0): Executed 508 of 1097[31m (38 FAILED)[39m (0 secs / 8.813 secs)
[1A[2KChrome Headless 140.0.0.0 (Linux 0.0.0): Executed 509 of 1097[31m (38 FAILED)[39m (0 secs / 8.818 secs)
[1A[2KChrome Headless 140.0.0.0 (Linux 0.0.0): Executed 510 of 1097[31m (38 FAILED)[39m (0 secs / 8.824 secs)
[1A[2KChrome Headless 140.0.0.0 (Linux 0.0.0): Executed 511 of 1097[31m (38 FAILED)[39m (0 secs / 8.828 secs)
[1A[2KChrome Headless 140.0.0.0 (Linux 0.0.0): Executed 512 of 1097[31m (38 FAILED)[39m (0 secs / 8.831 secs)
[1A[2KChrome Headless 140.0.0.0 (Linux 0.0.0): Executed 513 of 1097[31m (38 FAILED)[39m (0 secs / 8.834 secs)
[1A[2KChrome Headless 140.0.0.0 (Linux 0.0.0): Executed 514 of 1097[31m (38 FAILED)[39m (0 secs / 8.841 secs)
[1A[2KChrome Headless 140.0.0.0 (Linux 0.0.0): Executed 515 of 1097[31m (38 FAILED)[39m (0 secs / 8.846 secs)
[1A[2KChrome Headless 140.0.0.0 (Linux 0.0.0): Executed 516 of 1097[31m (38 FAILED)[39m (0 secs / 8.852 secs)
[1A[2KChrome Headless 140.0.0.0 (Linux 0.0.0): Executed 517 of 1097[31m (38 FAILED)[39m (0 secs / 8.866 secs)
[1A[2KChrome Headless 140.0.0.0 (Linux 0.0.0): Executed 518 of 1097[31m (38 FAILED)[39m (0 secs / 8.872 secs)
[1A[2KChrome Headless 140.0.0.0 (Linux 0.0.0): Executed 519 of 1097[31m (38 FAILED)[39m (0 secs / 8.878 secs)
[1A[2KChrome Headless 140.0.0.0 (Linux 0.0.0): Executed 520 of 1097[31m (38 FAILED)[39m (0 secs / 8.885 secs)
[1A[2KChrome Headless 140.0.0.0 (Linux 0.0.0): Executed 521 of 1097[31m (38 FAILED)[39m (0 secs / 8.887 secs)
[1A[2KChrome Headless 140.0.0.0 (Linux 0.0.0): Executed 522 of 1097[31m (38 FAILED)[39m (0 secs / 8.889 secs)
[1A[2KChrome Headless 140.0.0.0 (Linux 0.0.0): Executed 523 of 1097[31m (38 FAILED)[39m (0 secs / 8.891 secs)
[1A[2KChrome Headless 140.0.0.0 (Linux 0.0.0): Executed 524 of 1097[31m (38 FAILED)[39m (0 secs / 8.893 secs)
[1A[2KChrome Headless 140.0.0.0 (Linux 0.0.0): Executed 525 of 1097[31m (38 FAILED)[39m (0 secs / 8.918 secs)
[1A[2KLOG: [36m'Using default receipt settings'[39m
Chrome Headless 140.0.0.0 (Linux 0.0.0): Executed 525 of 1097[31m (38 FAILED)[39m (0 secs / 8.918 secs)
LOG: 'Using default receipt settings'
[1A[2KChrome Headless 140.0.0.0 (Linux 0.0.0): Executed 526 of 1097[31m (38 FAILED)[39m (0 secs / 8.969 secs)
[1A[2KChrome Headless 140.0.0.0 (Linux 0.0.0): Executed 527 of 1097[31m (38 FAILED)[39m (0 secs / 8.984 secs)
[1A[2KChrome Headless 140.0.0.0 (Linux 0.0.0): Executed 528 of 1097[31m (38 FAILED)[39m (0 secs / 9.004 secs)
[1A[2KChrome Headless 140.0.0.0 (Linux 0.0.0): Executed 529 of 1097[31m (38 FAILED)[39m (0 secs / 9.025 secs)
[1A[2KLOG: [36m'Using default receipt settings'[39m
Chrome Headless 140.0.0.0 (Linux 0.0.0): Executed 529 of 1097[31m (38 FAILED)[39m (0 secs / 9.025 secs)
LOG: 'Using default receipt settings'
[1A[2KChrome Headless 140.0.0.0 (Linux 0.0.0): Executed 530 of 1097[31m (38 FAILED)[39m (0 secs / 9.042 secs)
[1A[2KChrome Headless 140.0.0.0 (Linux 0.0.0): Executed 531 of 1097[31m (38 FAILED)[39m (0 secs / 9.056 secs)
[1A[2KLOG: [36m'Using default receipt settings'[39m
Chrome Headless 140.0.0.0 (Linux 0.0.0): Executed 531 of 1097[31m (38 FAILED)[39m (0 secs / 9.056 secs)
LOG: 'Using default receipt settings'
[1A[2KChrome Headless 140.0.0.0 (Linux 0.0.0): Executed 532 of 1097[31m (38 FAILED)[39m (0 secs / 9.076 secs)
[1A[2KLOG: [36m'Using default receipt settings'[39m
Chrome Headless 140.0.0.0 (Linux 0.0.0): Executed 532 of 1097[31m (38 FAILED)[39m (0 secs / 9.076 secs)
LOG: 'Using default receipt settings'
[1A[2KChrome Headless 140.0.0.0 (Linux 0.0.0): Executed 533 of 1097[31m (38 FAILED)[39m (0 secs / 9.097 secs)
[1A[2KLOG: [36m'Using default receipt settings'[39m
Chrome Headless 140.0.0.0 (Linux 0.0.0): Executed 533 of 1097[31m (38 FAILED)[39m (0 secs / 9.097 secs)
LOG: 'Using default receipt settings'
[1A[2KChrome Headless 140.0.0.0 (Linux 0.0.0): Executed 534 of 1097[31m (38 FAILED)[39m (0 secs / 9.116 secs)
[1A[2KChrome Headless 140.0.0.0 (Linux 0.0.0): Executed 535 of 1097[31m (38 FAILED)[39m (0 secs / 9.137 secs)
[1A[2KChrome Headless 140.0.0.0 (Linux 0.0.0): Executed 536 of 1097[31m (38 FAILED)[39m (0 secs / 9.151 secs)
[1A[2KChrome Headless 140.0.0.0 (Linux 0.0.0): Executed 537 of 1097[31m (38 FAILED)[39m (0 secs / 9.166 secs)
[1A[2KChrome Headless 140.0.0.0 (Linux 0.0.0): Executed 538 of 1097[31m (38 FAILED)[39m (0 secs / 9.205 secs)
[1A[2KALERT: [36m'Success'[39m
Chrome Headless 140.0.0.0 (Linux 0.0.0): Executed 538 of 1097[31m (38 FAILED)[39m (0 secs / 9.205 secs)
ALERT: 'Success'
[1A[2KChrome Headless 140.0.0.0 (Linux 0.0.0): Executed 539 of 1097[31m (38 FAILED)[39m (0 secs / 9.217 secs)
[1A[2KChrome Headless 140.0.0.0 (Linux 0.0.0): Executed 540 of 1097[31m (38 FAILED)[39m (0 secs / 9.228 secs)
[1A[2KChrome Headless 140.0.0.0 (Linux 0.0.0): Executed 541 of 1097[31m (38 FAILED)[39m (0 secs / 9.236 secs)
[1A[2KChrome Headless 140.0.0.0 (Linux 0.0.0): Executed 542 of 1097[31m (38 FAILED)[39m (0 secs / 9.245 secs)
[1A[2KChrome Headless 140.0.0.0 (Linux 0.0.0): Executed 543 of 1097[31m (38 FAILED)[39m (0 secs / 9.254 secs)
[1A[2KChrome Headless 140.0.0.0 (Linux 0.0.0): Executed 544 of 1097[31m (38 FAILED)[39m (0 secs / 9.263 secs)
[1A[2KChrome Headless 140.0.0.0 (Linux 0.0.0): Executed 545 of 1097[31m (38 FAILED)[39m (0 secs / 9.272 secs)
[1A[2KChrome Headless 140.0.0.0 (Linux 0.0.0): Executed 546 of 1097[31m (38 FAILED)[39m (0 secs / 9.28 secs)
[1A[2KChrome Headless 140.0.0.0 (Linux 0.0.0): Executed 547 of 1097[31m (38 FAILED)[39m (0 secs / 9.289 secs)
[1A[2KChrome Headless 140.0.0.0 (Linux 0.0.0): Executed 548 of 1097[31m (38 FAILED)[39m (0 secs / 9.297 secs)
[1A[2KChrome Headless 140.0.0.0 (Linux 0.0.0): Executed 549 of 1097[31m (38 FAILED)[39m (0 secs / 9.306 secs)
[1A[2KChrome Headless 140.0.0.0 (Linux 0.0.0): Executed 550 of 1097[31m (38 FAILED)[39m (0 secs / 9.314 secs)
[1A[2KChrome Headless 140.0.0.0 (Linux 0.0.0): Executed 551 of 1097[31m (38 FAILED)[39m (0 secs / 9.323 secs)
[1A[2KChrome Headless 140.0.0.0 (Linux 0.0.0): Executed 552 of 1097[31m (38 FAILED)[39m (0 secs / 9.334 secs)
[1A[2KChrome Headless 140.0.0.0 (Linux 0.0.0): Executed 553 of 1097[31m (38 FAILED)[39m (0 secs / 9.337 secs)
[1A[2KChrome Headless 140.0.0.0 (Linux 0.0.0): Executed 554 of 1097[31m (38 FAILED)[39m (0 secs / 9.339 secs)
[1A[2KChrome Headless 140.0.0.0 (Linux 0.0.0): Executed 555 of 1097[31m (38 FAILED)[39m (0 secs / 9.34 secs)
[1A[2KChrome Headless 140.0.0.0 (Linux 0.0.0): Executed 556 of 1097[31m (38 FAILED)[39m (0 secs / 9.341 secs)
[1A[2KChrome Headless 140.0.0.0 (Linux 0.0.0): Executed 557 of 1097[31m (38 FAILED)[39m (0 secs / 9.343 secs)
[1A[2KChrome Headless 140.0.0.0 (Linux 0.0.0): Executed 558 of 1097[31m (38 FAILED)[39m (0 secs / 9.345 secs)
[1A[2KChrome Headless 140.0.0.0 (Linux 0.0.0): Executed 559 of 1097[31m (38 FAILED)[39m (0 secs / 9.378 secs)
[1A[2KChrome Headless 140.0.0.0 (Linux 0.0.0): Executed 560 of 1097[31m (38 FAILED)[39m (0 secs / 9.389 secs)
[1A[2KChrome Headless 140.0.0.0 (Linux 0.0.0): Executed 561 of 1097[31m (38 FAILED)[39m (0 secs / 9.399 secs)
[1A[2KChrome Headless 140.0.0.0 (Linux 0.0.0): Executed 562 of 1097[31m (38 FAILED)[39m (0 secs / 9.408 secs)
[1A[2KChrome Headless 140.0.0.0 (Linux 0.0.0): Executed 563 of 1097[31m (38 FAILED)[39m (0 secs / 9.418 secs)
[1A[2KChrome Headless 140.0.0.0 (Linux 0.0.0): Executed 564 of 1097[31m (38 FAILED)[39m (0 secs / 9.427 secs)
[1A[2KChrome Headless 140.0.0.0 (Linux 0.0.0): Executed 565 of 1097[31m (38 FAILED)[39m (0 secs / 9.436 secs)
[1A[2KWARN: [36m'Spec 'PoliciesComponent Character Counts should compute return conditions length correctly' has no expectations.'[39m
Chrome Headless 140.0.0.0 (Linux 0.0.0): Executed 565 of 1097[31m (38 FAILED)[39m (0 secs / 9.436 secs)
WARN: 'Spec 'PoliciesComponent Character Counts should compute return conditions length correctly' has no expectations.'
[1A[2KChrome Headless 140.0.0.0 (Linux 0.0.0): Executed 566 of 1097[31m (38 FAILED)[39m (0 secs / 9.445 secs)
[1A[2KChrome Headless 140.0.0.0 (Linux 0.0.0): Executed 567 of 1097[31m (38 FAILED)[39m (0 secs / 9.455 secs)
[1A[2KChrome Headless 140.0.0.0 (Linux 0.0.0): Executed 568 of 1097[31m (38 FAILED)[39m (0 secs / 9.463 secs)
[1A[2KChrome Headless 140.0.0.0 (Linux 0.0.0): Executed 569 of 1097[31m (38 FAILED)[39m (0 secs / 9.471 secs)
[1A[2KChrome Headless 140.0.0.0 (Linux 0.0.0): Executed 570 of 1097[31m (38 FAILED)[39m (0 secs / 9.481 secs)
[1A[2KChrome Headless 140.0.0.0 (Linux 0.0.0): Executed 571 of 1097[31m (38 FAILED)[39m (0 secs / 9.49 secs)
[1A[2KChrome Headless 140.0.0.0 (Linux 0.0.0): Executed 572 of 1097[31m (38 FAILED)[39m (0 secs / 9.499 secs)
[1A[2KChrome Headless 140.0.0.0 (Linux 0.0.0): Executed 573 of 1097[31m (38 FAILED)[39m (0 secs / 9.508 secs)
[1A[2KLOG: [36m'Using default business policies'[39m
Chrome Headless 140.0.0.0 (Linux 0.0.0): Executed 573 of 1097[31m (38 FAILED)[39m (0 secs / 9.508 secs)
LOG: 'Using default business policies'
[1A[2KChrome Headless 140.0.0.0 (Linux 0.0.0): Executed 574 of 1097[31m (38 FAILED)[39m (0 secs / 9.543 secs)
[1A[2KLOG: [36m'Using default business policies'[39m
Chrome Headless 140.0.0.0 (Linux 0.0.0): Executed 574 of 1097[31m (38 FAILED)[39m (0 secs / 9.543 secs)
LOG: 'Using default business policies'
[1A[2KChrome Headless 140.0.0.0 (Linux 0.0.0): Executed 575 of 1097[31m (38 FAILED)[39m (0 secs / 9.579 secs)
[1A[2KLOG: [36m'Using default business policies'[39m
Chrome Headless 140.0.0.0 (Linux 0.0.0): Executed 575 of 1097[31m (38 FAILED)[39m (0 secs / 9.579 secs)
LOG: 'Using default business policies'
[1A[2KChrome Headless 140.0.0.0 (Linux 0.0.0): Executed 576 of 1097[31m (38 FAILED)[39m (0 secs / 9.611 secs)
[1A[2KLOG: [36m'Using default business policies'[39m
Chrome Headless 140.0.0.0 (Linux 0.0.0): Executed 576 of 1097[31m (38 FAILED)[39m (0 secs / 9.611 secs)
LOG: 'Using default business policies'
[1A[2KChrome Headless 140.0.0.0 (Linux 0.0.0): Executed 577 of 1097[31m (38 FAILED)[39m (0 secs / 9.644 secs)
[1A[2KLOG: [36m'Using default business policies'[39m
Chrome Headless 140.0.0.0 (Linux 0.0.0): Executed 577 of 1097[31m (38 FAILED)[39m (0 secs / 9.644 secs)
LOG: 'Using default business policies'
[1A[2K[31mChrome Headless 140.0.0.0 (Linux 0.0.0) PoliciesComponent Saving Policies should save business policies FAILED[39m
	Expected $.customerService = undefined to equal <jasmine.any(Object)>.
	    at <Jasmine>
	    at UserContext.<anonymous> (src/app/owner/settings/business/policies/policies.component.spec.ts:210:32)
	    at UserContext.fakeAsyncFn (node_modules/zone.js/fesm2015/zone-testing.js:1715:26)
	    at _ZoneDelegate.invoke (node_modules/zone.js/fesm2015/zone.js:398:28)
	    at _ProxyZoneSpec.onInvoke (node_modules/zone.js/fesm2015/zone-testing.js:2132:39)
Chrome Headless 140.0.0.0 (Linux 0.0.0): Executed 578 of 1097[31m (39 FAILED)[39m (0 secs / 9.675 secs)
[1A[2KWARN: [36m'Spec 'PoliciesComponent Saving Policies should not save if form is null' has no expectations.'[39m
Chrome Headless 140.0.0.0 (Linux 0.0.0): Executed 578 of 1097[31m (39 FAILED)[39m (0 secs / 9.675 secs)
WARN: 'Spec 'PoliciesComponent Saving Policies should not save if form is null' has no expectations.'
[1A[2KChrome Headless 140.0.0.0 (Linux 0.0.0): Executed 579 of 1097[31m (39 FAILED)[39m (0 secs / 9.684 secs)
[1A[2KLOG: [36m'Using default business policies'[39m
Chrome Headless 140.0.0.0 (Linux 0.0.0): Executed 579 of 1097[31m (39 FAILED)[39m (0 secs / 9.684 secs)
LOG: 'Using default business policies'
[1A[2KChrome Headless 140.0.0.0 (Linux 0.0.0): Executed 580 of 1097[31m (39 FAILED)[39m (0 secs / 9.714 secs)
[1A[2KChrome Headless 140.0.0.0 (Linux 0.0.0): Executed 581 of 1097[31m (39 FAILED)[39m (0 secs / 9.746 secs)
[1A[2KChrome Headless 140.0.0.0 (Linux 0.0.0): Executed 582 of 1097[31m (39 FAILED)[39m (0 secs / 9.756 secs)
[1A[2KChrome Headless 140.0.0.0 (Linux 0.0.0): Executed 583 of 1097[31m (39 FAILED)[39m (0 secs / 9.784 secs)
[1A[2KChrome Headless 140.0.0.0 (Linux 0.0.0): Executed 584 of 1097[31m (39 FAILED)[39m (0 secs / 9.815 secs)
[1A[2KChrome Headless 140.0.0.0 (Linux 0.0.0): Executed 585 of 1097[31m (39 FAILED)[39m (0 secs / 9.846 secs)
[1A[2KLOG: [36m'Using default business policies'[39m
Chrome Headless 140.0.0.0 (Linux 0.0.0): Executed 585 of 1097[31m (39 FAILED)[39m (0 secs / 9.846 secs)
LOG: 'Using default business policies'
[1A[2KChrome Headless 140.0.0.0 (Linux 0.0.0): Executed 586 of 1097[31m (39 FAILED)[39m (0 secs / 9.877 secs)
[1A[2KChrome Headless 140.0.0.0 (Linux 0.0.0): Executed 587 of 1097[31m (39 FAILED)[39m (0 secs / 9.907 secs)
[1A[2KChrome Headless 140.0.0.0 (Linux 0.0.0): Executed 588 of 1097[31m (39 FAILED)[39m (0 secs / 9.917 secs)
[1A[2KChrome Headless 140.0.0.0 (Linux 0.0.0): Executed 589 of 1097[31m (39 FAILED)[39m (0 secs / 9.925 secs)
[1A[2KChrome Headless 140.0.0.0 (Linux 0.0.0): Executed 590 of 1097[31m (39 FAILED)[39m (0 secs / 9.933 secs)
[1A[2KChrome Headless 140.0.0.0 (Linux 0.0.0): Executed 591 of 1097[31m (39 FAILED)[39m (0 secs / 9.943 secs)
[1A[2KChrome Headless 140.0.0.0 (Linux 0.0.0): Executed 592 of 1097[31m (39 FAILED)[39m (0 secs / 9.951 secs)
[1A[2K[31mChrome Headless 140.0.0.0 (Linux 0.0.0) PoliciesComponent Form Initialization should initialize form with default customer service settings FAILED[39m
	Expected undefined to be 24.
	    at <Jasmine>
	    at UserContext.<anonymous> (src/app/owner/settings/business/policies/policies.component.spec.ts:125:69)
	    at _ZoneDelegate.invoke (node_modules/zone.js/fesm2015/zone.js:398:28)
	    at _ProxyZoneSpec.onInvoke (node_modules/zone.js/fesm2015/zone-testing.js:2132:39)
	    at _ZoneDelegate.invoke (node_modules/zone.js/fesm2015/zone.js:397:34)
	Expected undefined to be 'either'.
	    at <Jasmine>
	    at UserContext.<anonymous> (src/app/owner/settings/business/policies/policies.component.spec.ts:126:68)
	    at _ZoneDelegate.invoke (node_modules/zone.js/fesm2015/zone.js:398:28)
	    at _ProxyZoneSpec.onInvoke (node_modules/zone.js/fesm2015/zone-testing.js:2132:39)
	    at _ZoneDelegate.invoke (node_modules/zone.js/fesm2015/zone.js:397:34)
Chrome Headless 140.0.0.0 (Linux 0.0.0): Executed 593 of 1097[31m (40 FAILED)[39m (0 secs / 9.961 secs)
[1A[2KChrome Headless 140.0.0.0 (Linux 0.0.0): Executed 594 of 1097[31m (40 FAILED)[39m (0 secs / 9.97 secs)
[1A[2KChrome Headless 140.0.0.0 (Linux 0.0.0): Executed 595 of 1097[31m (40 FAILED)[39m (0 secs / 9.978 secs)
[1A[2KChrome Headless 140.0.0.0 (Linux 0.0.0): Executed 596 of 1097[31m (40 FAILED)[39m (0 secs / 9.986 secs)
[1A[2KChrome Headless 140.0.0.0 (Linux 0.0.0): Executed 597 of 1097[31m (40 FAILED)[39m (0 secs / 9.994 secs)
[1A[2KChrome Headless 140.0.0.0 (Linux 0.0.0): Executed 598 of 1097[31m (40 FAILED)[39m (0 secs / 10.002 secs)
[1A[2KChrome Headless 140.0.0.0 (Linux 0.0.0): Executed 599 of 1097[31m (40 FAILED)[39m (0 secs / 10.01 secs)
[1A[2KChrome Headless 140.0.0.0 (Linux 0.0.0): Executed 600 of 1097[31m (40 FAILED)[39m (0 secs / 10.019 secs)
[1A[2KChrome Headless 140.0.0.0 (Linux 0.0.0): Executed 601 of 1097[31m (40 FAILED)[39m (0 secs / 10.036 secs)
[1A[2KLOG: [36m'Using default business policies'[39m
Chrome Headless 140.0.0.0 (Linux 0.0.0): Executed 601 of 1097[31m (40 FAILED)[39m (0 secs / 10.036 secs)
LOG: 'Using default business policies'
[1A[2KChrome Headless 140.0.0.0 (Linux 0.0.0): Executed 602 of 1097[31m (40 FAILED)[39m (0 secs / 10.064 secs)
[1A[2KChrome Headless 140.0.0.0 (Linux 0.0.0): Executed 603 of 1097[31m (40 FAILED)[39m (0 secs / 10.073 secs)
[1A[2KChrome Headless 140.0.0.0 (Linux 0.0.0): Executed 604 of 1097[31m (40 FAILED)[39m (0 secs / 10.103 secs)
[1A[2KChrome Headless 140.0.0.0 (Linux 0.0.0): Executed 605 of 1097[31m (40 FAILED)[39m (0 secs / 10.112 secs)
[1A[2KChrome Headless 140.0.0.0 (Linux 0.0.0): Executed 606 of 1097[31m (40 FAILED)[39m (0 secs / 10.121 secs)
[1A[2KChrome Headless 140.0.0.0 (Linux 0.0.0): Executed 607 of 1097[31m (40 FAILED)[39m (0 secs / 10.13 secs)
[1A[2KChrome Headless 140.0.0.0 (Linux 0.0.0): Executed 608 of 1097[31m (40 FAILED)[39m (0 secs / 10.138 secs)
[1A[2KChrome Headless 140.0.0.0 (Linux 0.0.0): Executed 609 of 1097[31m (40 FAILED)[39m (0 secs / 10.147 secs)
[1A[2KLOG: [36m'Using default tax settings'[39m
Chrome Headless 140.0.0.0 (Linux 0.0.0): Executed 609 of 1097[31m (40 FAILED)[39m (0 secs / 10.147 secs)
LOG: 'Using default tax settings'
[1A[2KChrome Headless 140.0.0.0 (Linux 0.0.0): Executed 610 of 1097[31m (40 FAILED)[39m (0 secs / 10.19 secs)
[1A[2KChrome Headless 140.0.0.0 (Linux 0.0.0): Executed 611 of 1097[31m (40 FAILED)[39m (0 secs / 10.194 secs)
[1A[2KLOG: [36m'Using default tax settings'[39m
Chrome Headless 140.0.0.0 (Linux 0.0.0): Executed 611 of 1097[31m (40 FAILED)[39m (0 secs / 10.194 secs)
LOG: 'Using default tax settings'
[1A[2KChrome Headless 140.0.0.0 (Linux 0.0.0): Executed 612 of 1097[31m (40 FAILED)[39m (0 secs / 10.212 secs)
[1A[2KLOG: [36m'Using default tax settings'[39m
Chrome Headless 140.0.0.0 (Linux 0.0.0): Executed 612 of 1097[31m (40 FAILED)[39m (0 secs / 10.212 secs)
LOG: 'Using default tax settings'
[1A[2KChrome Headless 140.0.0.0 (Linux 0.0.0): Executed 613 of 1097[31m (40 FAILED)[39m (0 secs / 10.23 secs)
[1A[2KLOG: [36m'Using default tax settings'[39m
Chrome Headless 140.0.0.0 (Linux 0.0.0): Executed 613 of 1097[31m (40 FAILED)[39m (0 secs / 10.23 secs)
LOG: 'Using default tax settings'
[1A[2KChrome Headless 140.0.0.0 (Linux 0.0.0): Executed 614 of 1097[31m (40 FAILED)[39m (0 secs / 10.245 secs)
[1A[2KLOG: [36m'Using default tax settings'[39m
Chrome Headless 140.0.0.0 (Linux 0.0.0): Executed 614 of 1097[31m (40 FAILED)[39m (0 secs / 10.245 secs)
LOG: 'Using default tax settings'
[1A[2KChrome Headless 140.0.0.0 (Linux 0.0.0): Executed 615 of 1097[31m (40 FAILED)[39m (0 secs / 10.261 secs)
[1A[2KLOG: [36m'Using default tax settings'[39m
Chrome Headless 140.0.0.0 (Linux 0.0.0): Executed 615 of 1097[31m (40 FAILED)[39m (0 secs / 10.261 secs)
LOG: 'Using default tax settings'
[1A[2KChrome Headless 140.0.0.0 (Linux 0.0.0): Executed 616 of 1097[31m (40 FAILED)[39m (0 secs / 10.277 secs)
[1A[2KLOG: [36m'Using default tax settings'[39m
Chrome Headless 140.0.0.0 (Linux 0.0.0): Executed 616 of 1097[31m (40 FAILED)[39m (0 secs / 10.277 secs)
LOG: 'Using default tax settings'
[1A[2KChrome Headless 140.0.0.0 (Linux 0.0.0): Executed 617 of 1097[31m (40 FAILED)[39m (0 secs / 10.292 secs)
[1A[2KChrome Headless 140.0.0.0 (Linux 0.0.0): Executed 618 of 1097[31m (40 FAILED)[39m (0 secs / 10.296 secs)
[1A[2KChrome Headless 140.0.0.0 (Linux 0.0.0): Executed 619 of 1097[31m (40 FAILED)[39m (0 secs / 10.312 secs)
[1A[2KLOG: [36m'Using default tax settings'[39m
Chrome Headless 140.0.0.0 (Linux 0.0.0): Executed 619 of 1097[31m (40 FAILED)[39m (0 secs / 10.312 secs)
LOG: 'Using default tax settings'
[1A[2KChrome Headless 140.0.0.0 (Linux 0.0.0): Executed 620 of 1097[31m (40 FAILED)[39m (0 secs / 10.329 secs)
[1A[2KChrome Headless 140.0.0.0 (Linux 0.0.0): Executed 621 of 1097[31m (40 FAILED)[39m (0 secs / 10.346 secs)
[1A[2KLOG: [36m'Using default tax settings'[39m
Chrome Headless 140.0.0.0 (Linux 0.0.0): Executed 621 of 1097[31m (40 FAILED)[39m (0 secs / 10.346 secs)
LOG: 'Using default tax settings'
[1A[2KChrome Headless 140.0.0.0 (Linux 0.0.0): Executed 622 of 1097[31m (40 FAILED)[39m (0 secs / 10.364 secs)
[1A[2KLOG: [36m'Using default tax settings'[39m
Chrome Headless 140.0.0.0 (Linux 0.0.0): Executed 622 of 1097[31m (40 FAILED)[39m (0 secs / 10.364 secs)
LOG: 'Using default tax settings'
[1A[2KChrome Headless 140.0.0.0 (Linux 0.0.0): Executed 623 of 1097[31m (40 FAILED)[39m (0 secs / 10.381 secs)
[1A[2KLOG: [36m'Using default tax settings'[39m
Chrome Headless 140.0.0.0 (Linux 0.0.0): Executed 623 of 1097[31m (40 FAILED)[39m (0 secs / 10.381 secs)
LOG: 'Using default tax settings'
[1A[2KChrome Headless 140.0.0.0 (Linux 0.0.0): Executed 624 of 1097[31m (40 FAILED)[39m (0 secs / 10.398 secs)
[1A[2KLOG: [36m'Using default tax settings'[39m
Chrome Headless 140.0.0.0 (Linux 0.0.0): Executed 624 of 1097[31m (40 FAILED)[39m (0 secs / 10.398 secs)
LOG: 'Using default tax settings'
[1A[2KChrome Headless 140.0.0.0 (Linux 0.0.0): Executed 625 of 1097[31m (40 FAILED)[39m (0 secs / 10.415 secs)
[1A[2KChrome Headless 140.0.0.0 (Linux 0.0.0): Executed 626 of 1097[31m (40 FAILED)[39m (0 secs / 10.418 secs)
[1A[2KChrome Headless 140.0.0.0 (Linux 0.0.0): Executed 627 of 1097[31m (40 FAILED)[39m (0 secs / 10.42 secs)
[1A[2KChrome Headless 140.0.0.0 (Linux 0.0.0): Executed 628 of 1097[31m (40 FAILED)[39m (0 secs / 11.631 secs)
[1A[2KChrome Headless 140.0.0.0 (Linux 0.0.0): Executed 629 of 1097[31m (40 FAILED)[39m (0 secs / 12.85 secs)
[1A[2KChrome Headless 140.0.0.0 (Linux 0.0.0): Executed 630 of 1097[31m (40 FAILED)[39m (0 secs / 13.379 secs)
[1A[2KChrome Headless 140.0.0.0 (Linux 0.0.0): Executed 631 of 1097[31m (40 FAILED)[39m (0 secs / 14.606 secs)
[1A[2KChrome Headless 140.0.0.0 (Linux 0.0.0): Executed 632 of 1097[31m (40 FAILED)[39m (0 secs / 14.932 secs)
[1A[2KChrome Headless 140.0.0.0 (Linux 0.0.0): Executed 633 of 1097[31m (40 FAILED)[39m (0 secs / 15.455 secs)
[1A[2KChrome Headless 140.0.0.0 (Linux 0.0.0): Executed 634 of 1097[31m (40 FAILED)[39m (0 secs / 15.989 secs)
[1A[2KChrome Headless 140.0.0.0 (Linux 0.0.0): Executed 635 of 1097[31m (40 FAILED)[39m (0 secs / 16.528 secs)
[1A[2KChrome Headless 140.0.0.0 (Linux 0.0.0): Executed 636 of 1097[31m (40 FAILED)[39m (0 secs / 17.058 secs)
[1A[2KChrome Headless 140.0.0.0 (Linux 0.0.0): Executed 637 of 1097[31m (40 FAILED)[39m (0 secs / 17.082 secs)
[1A[2KChrome Headless 140.0.0.0 (Linux 0.0.0): Executed 638 of 1097[31m (40 FAILED)[39m (0 secs / 17.086 secs)
[1A[2KChrome Headless 140.0.0.0 (Linux 0.0.0): Executed 639 of 1097[31m (40 FAILED)[39m (0 secs / 17.092 secs)
[1A[2KChrome Headless 140.0.0.0 (Linux 0.0.0): Executed 640 of 1097[31m (40 FAILED)[39m (0 secs / 17.098 secs)
[1A[2KChrome Headless 140.0.0.0 (Linux 0.0.0): Executed 641 of 1097[31m (40 FAILED)[39m (0 secs / 17.101 secs)
[1A[2KChrome Headless 140.0.0.0 (Linux 0.0.0): Executed 642 of 1097[31m (40 FAILED)[39m (0 secs / 17.107 secs)
[1A[2KChrome Headless 140.0.0.0 (Linux 0.0.0): Executed 643 of 1097[31m (40 FAILED)[39m (0 secs / 17.11 secs)
[1A[2KChrome Headless 140.0.0.0 (Linux 0.0.0): Executed 644 of 1097[31m (40 FAILED)[39m (0 secs / 17.112 secs)
[1A[2KChrome Headless 140.0.0.0 (Linux 0.0.0): Executed 645 of 1097[31m (40 FAILED)[39m (0 secs / 17.115 secs)
[1A[2KChrome Headless 140.0.0.0 (Linux 0.0.0): Executed 646 of 1097[31m (40 FAILED)[39m (0 secs / 17.117 secs)
[1A[2KChrome Headless 140.0.0.0 (Linux 0.0.0): Executed 647 of 1097[31m (40 FAILED)[39m (0 secs / 17.12 secs)
[1A[2KChrome Headless 140.0.0.0 (Linux 0.0.0): Executed 648 of 1097[31m (40 FAILED)[39m (0 secs / 17.123 secs)
[1A[2KChrome Headless 140.0.0.0 (Linux 0.0.0): Executed 649 of 1097[31m (40 FAILED)[39m (0 secs / 17.126 secs)
[1A[2KChrome Headless 140.0.0.0 (Linux 0.0.0): Executed 650 of 1097[31m (40 FAILED)[39m (0 secs / 17.129 secs)
[1A[2KChrome Headless 140.0.0.0 (Linux 0.0.0): Executed 651 of 1097[31m (40 FAILED)[39m (0 secs / 17.131 secs)
[1A[2KChrome Headless 140.0.0.0 (Linux 0.0.0): Executed 652 of 1097[31m (40 FAILED)[39m (0 secs / 17.133 secs)
[1A[2KChrome Headless 140.0.0.0 (Linux 0.0.0): Executed 653 of 1097[31m (40 FAILED)[39m (0 secs / 17.134 secs)
[1A[2KChrome Headless 140.0.0.0 (Linux 0.0.0): Executed 654 of 1097[31m (40 FAILED)[39m (0 secs / 17.136 secs)
[1A[2KChrome Headless 140.0.0.0 (Linux 0.0.0): Executed 655 of 1097[31m (40 FAILED)[39m (0 secs / 17.159 secs)
[1A[2KChrome Headless 140.0.0.0 (Linux 0.0.0): Executed 656 of 1097[31m (40 FAILED)[39m (0 secs / 17.166 secs)
[1A[2KChrome Headless 140.0.0.0 (Linux 0.0.0): Executed 657 of 1097[31m (40 FAILED)[39m (0 secs / 17.173 secs)
[1A[2KChrome Headless 140.0.0.0 (Linux 0.0.0): Executed 658 of 1097[31m (40 FAILED)[39m (0 secs / 17.18 secs)
[1A[2KChrome Headless 140.0.0.0 (Linux 0.0.0): Executed 659 of 1097[31m (40 FAILED)[39m (0 secs / 17.187 secs)
[1A[2KChrome Headless 140.0.0.0 (Linux 0.0.0): Executed 660 of 1097[31m (40 FAILED)[39m (0 secs / 17.193 secs)
[1A[2KChrome Headless 140.0.0.0 (Linux 0.0.0): Executed 661 of 1097[31m (40 FAILED)[39m (0 secs / 17.199 secs)
[1A[2KChrome Headless 140.0.0.0 (Linux 0.0.0): Executed 662 of 1097[31m (40 FAILED)[39m (0 secs / 17.205 secs)
[1A[2KChrome Headless 140.0.0.0 (Linux 0.0.0): Executed 663 of 1097[31m (40 FAILED)[39m (0 secs / 17.213 secs)
[1A[2KChrome Headless 140.0.0.0 (Linux 0.0.0): Executed 664 of 1097[31m (40 FAILED)[39m (0 secs / 17.22 secs)
[1A[2KChrome Headless 140.0.0.0 (Linux 0.0.0): Executed 665 of 1097[31m (40 FAILED)[39m (0 secs / 17.228 secs)
[1A[2KChrome Headless 140.0.0.0 (Linux 0.0.0): Executed 666 of 1097[31m (40 FAILED)[39m (0 secs / 17.235 secs)
[1A[2KChrome Headless 140.0.0.0 (Linux 0.0.0): Executed 667 of 1097[31m (40 FAILED)[39m (0 secs / 17.242 secs)
[1A[2KChrome Headless 140.0.0.0 (Linux 0.0.0): Executed 668 of 1097[31m (40 FAILED)[39m (0 secs / 17.249 secs)
[1A[2KChrome Headless 140.0.0.0 (Linux 0.0.0): Executed 669 of 1097[31m (40 FAILED)[39m (0 secs / 17.256 secs)
[1A[2KChrome Headless 140.0.0.0 (Linux 0.0.0): Executed 670 of 1097[31m (40 FAILED)[39m (0 secs / 17.262 secs)
[1A[2KLOG: [36m'Login response:', Object{data: Object{token: 'test-token', userId: '123', email: 'test@example.com', role: 1, organizationId: 'org123', organizationName: 'Test Org', expiresAt: '2026-01-03T14:17:59.099Z'}}[39m
Chrome Headless 140.0.0.0 (Linux 0.0.0): Executed 670 of 1097[31m (40 FAILED)[39m (0 secs / 17.262 secs)
LOG: 'Login response:', Object{data: Object{token: 'test-token', userId: '123', email: 'test@example.com', role: 1, organizationId: 'org123', organizationName: 'Test Org', expiresAt: '2026-01-03T14:17:59.099Z'}}
[1A[2KChrome Headless 140.0.0.0 (Linux 0.0.0): Executed 671 of 1097[31m (40 FAILED)[39m (0 secs / 17.269 secs)
[1A[2KERROR: [36m'Login error:', Object{status: 500}[39m
Chrome Headless 140.0.0.0 (Linux 0.0.0): Executed 671 of 1097[31m (40 FAILED)[39m (0 secs / 17.269 secs)
ERROR: 'Login error:', Object{status: 500}
[1A[2KChrome Headless 140.0.0.0 (Linux 0.0.0): Executed 672 of 1097[31m (40 FAILED)[39m (0 secs / 17.277 secs)
[1A[2KERROR: [36m'Login error:', Object{status: 0}[39m
Chrome Headless 140.0.0.0 (Linux 0.0.0): Executed 672 of 1097[31m (40 FAILED)[39m (0 secs / 17.277 secs)
ERROR: 'Login error:', Object{status: 0}
[1A[2KChrome Headless 140.0.0.0 (Linux 0.0.0): Executed 673 of 1097[31m (40 FAILED)[39m (0 secs / 17.285 secs)
[1A[2KERROR: [36m'Login error:', Object{status: 401}[39m
Chrome Headless 140.0.0.0 (Linux 0.0.0): Executed 673 of 1097[31m (40 FAILED)[39m (0 secs / 17.285 secs)
ERROR: 'Login error:', Object{status: 401}
[1A[2KChrome Headless 140.0.0.0 (Linux 0.0.0): Executed 674 of 1097[31m (40 FAILED)[39m (0 secs / 17.292 secs)
[1A[2KLOG: [36m'Login response:', Object{data: Object{token: 'test-token', userId: '123', email: 'rejected@test.com', role: 1, organizationId: 'org123', organizationName: 'Test Org', expiresAt: '2026-01-03T14:17:59.145Z', approvalStatus: 2}}[39m
Chrome Headless 140.0.0.0 (Linux 0.0.0): Executed 674 of 1097[31m (40 FAILED)[39m (0 secs / 17.292 secs)
LOG: 'Login response:', Object{data: Object{token: 'test-token', userId: '123', email: 'rejected@test.com', role: 1, organizationId: 'org123', organizationName: 'Test Org', expiresAt: '2026-01-03T14:17:59.145Z', approvalStatus: 2}}
[1A[2KChrome Headless 140.0.0.0 (Linux 0.0.0): Executed 675 of 1097[31m (40 FAILED)[39m (0 secs / 17.299 secs)
[1A[2KLOG: [36m'Login response:', Object{data: Object{token: 'test-token', userId: '123', email: 'pending@test.com', role: 1, organizationId: 'org123', organizationName: 'Test Org', expiresAt: '2026-01-03T14:17:59.153Z', approvalStatus: 0}}[39m
Chrome Headless 140.0.0.0 (Linux 0.0.0): Executed 675 of 1097[31m (40 FAILED)[39m (0 secs / 17.299 secs)
LOG: 'Login response:', Object{data: Object{token: 'test-token', userId: '123', email: 'pending@test.com', role: 1, organizationId: 'org123', organizationName: 'Test Org', expiresAt: '2026-01-03T14:17:59.153Z', approvalStatus: 0}}
[1A[2KChrome Headless 140.0.0.0 (Linux 0.0.0): Executed 676 of 1097[31m (40 FAILED)[39m (0 secs / 17.306 secs)
[1A[2KLOG: [36m'Login response:', Object{data: Object{token: 'test-token', userId: '123', email: 'admin@microsaasbuilders.com', role: 0, organizationId: 'org123', organizationName: 'Test Org', expiresAt: '2026-01-03T14:17:59.167Z'}}[39m
Chrome Headless 140.0.0.0 (Linux 0.0.0): Executed 676 of 1097[31m (40 FAILED)[39m (0 secs / 17.306 secs)
LOG: 'Login response:', Object{data: Object{token: 'test-token', userId: '123', email: 'admin@microsaasbuilders.com', role: 0, organizationId: 'org123', organizationName: 'Test Org', expiresAt: '2026-01-03T14:17:59.167Z'}}
[1A[2KChrome Headless 140.0.0.0 (Linux 0.0.0): Executed 677 of 1097[31m (40 FAILED)[39m (0 secs / 17.314 secs)
[1A[2KLOG: [36m'Login response:', Object{data: Object{token: 'test-token', userId: '123', email: 'customer@test.com', role: 3, organizationId: 'org123', organizationName: 'Test Org', expiresAt: '2026-01-03T14:17:59.180Z'}}[39m
Chrome Headless 140.0.0.0 (Linux 0.0.0): Executed 677 of 1097[31m (40 FAILED)[39m (0 secs / 17.314 secs)
LOG: 'Login response:', Object{data: Object{token: 'test-token', userId: '123', email: 'customer@test.com', role: 3, organizationId: 'org123', organizationName: 'Test Org', expiresAt: '2026-01-03T14:17:59.180Z'}}
[1A[2KChrome Headless 140.0.0.0 (Linux 0.0.0): Executed 678 of 1097[31m (40 FAILED)[39m (0 secs / 17.322 secs)
[1A[2KChrome Headless 140.0.0.0 (Linux 0.0.0): Executed 679 of 1097[31m (40 FAILED)[39m (0 secs / 17.33 secs)
[1A[2KChrome Headless 140.0.0.0 (Linux 0.0.0): Executed 680 of 1097[31m (40 FAILED)[39m (0 secs / 17.336 secs)
[1A[2KLOG: [36m'Login response:', Object{data: Object{token: 'test-token', userId: '123', email: 'owner@test.com', role: 1, organizationId: 'org123', organizationName: 'Test Org', expiresAt: '2026-01-03T14:17:59.206Z', approvalStatus: 1}}[39m
Chrome Headless 140.0.0.0 (Linux 0.0.0): Executed 680 of 1097[31m (40 FAILED)[39m (0 secs / 17.336 secs)
LOG: 'Login response:', Object{data: Object{token: 'test-token', userId: '123', email: 'owner@test.com', role: 1, organizationId: 'org123', organizationName: 'Test Org', expiresAt: '2026-01-03T14:17:59.206Z', approvalStatus: 1}}
[1A[2KChrome Headless 140.0.0.0 (Linux 0.0.0): Executed 681 of 1097[31m (40 FAILED)[39m (0 secs / 17.343 secs)
[1A[2KChrome Headless 140.0.0.0 (Linux 0.0.0): Executed 682 of 1097[31m (40 FAILED)[39m (0 secs / 17.357 secs)
[1A[2KChrome Headless 140.0.0.0 (Linux 0.0.0): Executed 683 of 1097[31m (40 FAILED)[39m (0 secs / 17.361 secs)
[1A[2KChrome Headless 140.0.0.0 (Linux 0.0.0): Executed 684 of 1097[31m (40 FAILED)[39m (0 secs / 17.367 secs)
[1A[2KChrome Headless 140.0.0.0 (Linux 0.0.0): Executed 685 of 1097[31m (40 FAILED)[39m (0 secs / 17.373 secs)
[1A[2KChrome Headless 140.0.0.0 (Linux 0.0.0): Executed 686 of 1097[31m (40 FAILED)[39m (0 secs / 17.388 secs)
[1A[2KChrome Headless 140.0.0.0 (Linux 0.0.0): Executed 687 of 1097[31m (40 FAILED)[39m (0 secs / 17.396 secs)
[1A[2KChrome Headless 140.0.0.0 (Linux 0.0.0): Executed 688 of 1097[31m (40 FAILED)[39m (0 secs / 17.402 secs)
[1A[2KChrome Headless 140.0.0.0 (Linux 0.0.0): Executed 689 of 1097[31m (40 FAILED)[39m (0 secs / 17.407 secs)
[1A[2KChrome Headless 140.0.0.0 (Linux 0.0.0): Executed 690 of 1097[31m (40 FAILED)[39m (0 secs / 17.413 secs)
[1A[2KChrome Headless 140.0.0.0 (Linux 0.0.0): Executed 691 of 1097[31m (40 FAILED)[39m (0 secs / 17.432 secs)
[1A[2KChrome Headless 140.0.0.0 (Linux 0.0.0): Executed 692 of 1097[31m (40 FAILED)[39m (0 secs / 17.441 secs)
[1A[2KChrome Headless 140.0.0.0 (Linux 0.0.0): Executed 693 of 1097[31m (40 FAILED)[39m (0 secs / 17.516 secs)
[1A[2KChrome Headless 140.0.0.0 (Linux 0.0.0): Executed 694 of 1097[31m (40 FAILED)[39m (0 secs / 17.52 secs)
[1A[2KChrome Headless 140.0.0.0 (Linux 0.0.0): Executed 695 of 1097[31m (40 FAILED)[39m (0 secs / 17.525 secs)
[1A[2KChrome Headless 140.0.0.0 (Linux 0.0.0): Executed 696 of 1097[31m (40 FAILED)[39m (0 secs / 17.552 secs)
[1A[2KChrome Headless 140.0.0.0 (Linux 0.0.0): Executed 697 of 1097[31m (40 FAILED)[39m (0 secs / 17.555 secs)
[1A[2KChrome Headless 140.0.0.0 (Linux 0.0.0): Executed 698 of 1097[31m (40 FAILED)[39m (0 secs / 17.558 secs)
[1A[2KChrome Headless 140.0.0.0 (Linux 0.0.0): Executed 699 of 1097[31m (40 FAILED)[39m (0 secs / 17.562 secs)
[1A[2KChrome Headless 140.0.0.0 (Linux 0.0.0): Executed 700 of 1097[31m (40 FAILED)[39m (0 secs / 17.573 secs)
[1A[2KChrome Headless 140.0.0.0 (Linux 0.0.0): Executed 701 of 1097[31m (40 FAILED)[39m (0 secs / 17.582 secs)
[1A[2KALERT: [36m'Price updated immediately!'[39m
Chrome Headless 140.0.0.0 (Linux 0.0.0): Executed 701 of 1097[31m (40 FAILED)[39m (0 secs / 17.582 secs)
ALERT: 'Price updated immediately!'
[1A[2KChrome Headless 140.0.0.0 (Linux 0.0.0): Executed 702 of 1097[31m (40 FAILED)[39m (0 secs / 17.592 secs)
[1A[2KChrome Headless 140.0.0.0 (Linux 0.0.0): Executed 703 of 1097[31m (40 FAILED)[39m (0 secs / 17.6 secs)
[1A[2KChrome Headless 140.0.0.0 (Linux 0.0.0): Executed 704 of 1097[31m (40 FAILED)[39m (0 secs / 17.608 secs)
[1A[2K[31mChrome Headless 140.0.0.0 (Linux 0.0.0) InitiatePriceChangeComponent should calculate days listed correctly FAILED[39m
	Expected 61 to be close to 60, 1.
	    at <Jasmine>
	    at UserContext.<anonymous> (src/app/owner/components/modals/initiate-price-change/initiate-price-change.component.spec.ts:139:18)
	    at _ZoneDelegate.invoke (node_modules/zone.js/fesm2015/zone.js:398:28)
	    at _ProxyZoneSpec.onInvoke (node_modules/zone.js/fesm2015/zone-testing.js:2132:39)
	    at _ZoneDelegate.invoke (node_modules/zone.js/fesm2015/zone.js:397:34)
Chrome Headless 140.0.0.0 (Linux 0.0.0): Executed 705 of 1097[31m (41 FAILED)[39m (0 secs / 17.616 secs)
[1A[2KChrome Headless 140.0.0.0 (Linux 0.0.0): Executed 706 of 1097[31m (41 FAILED)[39m (0 secs / 17.624 secs)
[1A[2KChrome Headless 140.0.0.0 (Linux 0.0.0): Executed 707 of 1097[31m (41 FAILED)[39m (0 secs / 17.632 secs)
[1A[2KChrome Headless 140.0.0.0 (Linux 0.0.0): Executed 708 of 1097[31m (41 FAILED)[39m (0 secs / 17.64 secs)
[1A[2KChrome Headless 140.0.0.0 (Linux 0.0.0): Executed 709 of 1097[31m (41 FAILED)[39m (0 secs / 17.649 secs)
[1A[2KChrome Headless 140.0.0.0 (Linux 0.0.0): Executed 710 of 1097[31m (41 FAILED)[39m (0 secs / 17.657 secs)
[1A[2KChrome Headless 140.0.0.0 (Linux 0.0.0): Executed 711 of 1097[31m (41 FAILED)[39m (0 secs / 17.66 secs)
[1A[2KChrome Headless 140.0.0.0 (Linux 0.0.0): Executed 712 of 1097[31m (41 FAILED)[39m (0 secs / 17.663 secs)
[1A[2KChrome Headless 140.0.0.0 (Linux 0.0.0): Executed 713 of 1097[31m (41 FAILED)[39m (0 secs / 17.666 secs)
[1A[2KChrome Headless 140.0.0.0 (Linux 0.0.0): Executed 714 of 1097[31m (41 FAILED)[39m (0 secs / 17.669 secs)
[1A[2KChrome Headless 140.0.0.0 (Linux 0.0.0): Executed 715 of 1097[31m (41 FAILED)[39m (0 secs / 17.672 secs)
[1A[2KChrome Headless 140.0.0.0 (Linux 0.0.0): Executed 716 of 1097[31m (41 FAILED)[39m (0 secs / 17.675 secs)
[1A[2KChrome Headless 140.0.0.0 (Linux 0.0.0): Executed 717 of 1097[31m (41 FAILED)[39m (0 secs / 17.678 secs)
[1A[2KChrome Headless 140.0.0.0 (Linux 0.0.0): Executed 718 of 1097[31m (41 FAILED)[39m (0 secs / 17.681 secs)
[1A[2KChrome Headless 140.0.0.0 (Linux 0.0.0): Executed 719 of 1097[31m (41 FAILED)[39m (0 secs / 17.684 secs)
[1A[2KChrome Headless 140.0.0.0 (Linux 0.0.0): Executed 720 of 1097[31m (41 FAILED)[39m (0 secs / 17.688 secs)
[1A[2KChrome Headless 140.0.0.0 (Linux 0.0.0): Executed 721 of 1097[31m (41 FAILED)[39m (0 secs / 17.691 secs)
[1A[2KChrome Headless 140.0.0.0 (Linux 0.0.0): Executed 722 of 1097[31m (41 FAILED)[39m (0 secs / 17.694 secs)
[1A[2KChrome Headless 140.0.0.0 (Linux 0.0.0): Executed 723 of 1097[31m (41 FAILED)[39m (0 secs / 17.698 secs)
[1A[2KChrome Headless 140.0.0.0 (Linux 0.0.0): Executed 724 of 1097[31m (41 FAILED)[39m (0 secs / 17.701 secs)
[1A[2KChrome Headless 140.0.0.0 (Linux 0.0.0): Executed 725 of 1097[31m (41 FAILED)[39m (0 secs / 17.705 secs)
[1A[2KChrome Headless 140.0.0.0 (Linux 0.0.0): Executed 726 of 1097[31m (41 FAILED)[39m (0 secs / 17.709 secs)
[1A[2KChrome Headless 140.0.0.0 (Linux 0.0.0): Executed 727 of 1097[31m (41 FAILED)[39m (0 secs / 17.712 secs)
[1A[2KChrome Headless 140.0.0.0 (Linux 0.0.0): Executed 728 of 1097[31m (41 FAILED)[39m (0 secs / 17.715 secs)
[1A[2KChrome Headless 140.0.0.0 (Linux 0.0.0): Executed 729 of 1097[31m (41 FAILED)[39m (0 secs / 17.718 secs)
[1A[2KChrome Headless 140.0.0.0 (Linux 0.0.0): Executed 730 of 1097[31m (41 FAILED)[39m (0 secs / 17.721 secs)
[1A[2KChrome Headless 140.0.0.0 (Linux 0.0.0): Executed 731 of 1097[31m (41 FAILED)[39m (0 secs / 17.724 secs)
[1A[2KChrome Headless 140.0.0.0 (Linux 0.0.0): Executed 732 of 1097[31m (41 FAILED)[39m (0 secs / 17.727 secs)
[1A[2KChrome Headless 140.0.0.0 (Linux 0.0.0): Executed 733 of 1097[31m (41 FAILED)[39m (0 secs / 17.73 secs)
[1A[2KChrome Headless 140.0.0.0 (Linux 0.0.0): Executed 734 of 1097[31m (41 FAILED)[39m (0 secs / 17.732 secs)
[1A[2KChrome Headless 140.0.0.0 (Linux 0.0.0): Executed 735 of 1097[31m (41 FAILED)[39m (0 secs / 17.734 secs)
[1A[2KChrome Headless 140.0.0.0 (Linux 0.0.0): Executed 736 of 1097[31m (41 FAILED)[39m (0 secs / 17.736 secs)
[1A[2KChrome Headless 140.0.0.0 (Linux 0.0.0): Executed 737 of 1097[31m (41 FAILED)[39m (0 secs / 17.738 secs)
[1A[2KChrome Headless 140.0.0.0 (Linux 0.0.0): Executed 738 of 1097[31m (41 FAILED)[39m (0 secs / 17.74 secs)
[1A[2KChrome Headless 140.0.0.0 (Linux 0.0.0): Executed 739 of 1097[31m (41 FAILED)[39m (0 secs / 17.742 secs)
[1A[2KChrome Headless 140.0.0.0 (Linux 0.0.0): Executed 740 of 1097[31m (41 FAILED)[39m (0 secs / 17.744 secs)
[1A[2KChrome Headless 140.0.0.0 (Linux 0.0.0): Executed 741 of 1097[31m (41 FAILED)[39m (0 secs / 17.805 secs)
[1A[2KLOG: [36m'Using default payout settings'[39m
Chrome Headless 140.0.0.0 (Linux 0.0.0): Executed 741 of 1097[31m (41 FAILED)[39m (0 secs / 17.805 secs)
LOG: 'Using default payout settings'
[1A[2KLOG: [36m'Using default payout settings'[39m
Chrome Headless 140.0.0.0 (Linux 0.0.0): Executed 741 of 1097[31m (41 FAILED)[39m (0 secs / 17.805 secs)
LOG: 'Using default payout settings'
[1A[2KChrome Headless 140.0.0.0 (Linux 0.0.0): Executed 742 of 1097[31m (41 FAILED)[39m (0 secs / 17.832 secs)
[1A[2KChrome Headless 140.0.0.0 (Linux 0.0.0): Executed 743 of 1097[31m (41 FAILED)[39m (0 secs / 17.848 secs)
[1A[2KLOG: [36m'Using default payout settings'[39m
Chrome Headless 140.0.0.0 (Linux 0.0.0): Executed 743 of 1097[31m (41 FAILED)[39m (0 secs / 17.848 secs)
LOG: 'Using default payout settings'
[1A[2KChrome Headless 140.0.0.0 (Linux 0.0.0): Executed 744 of 1097[31m (41 FAILED)[39m (0 secs / 17.872 secs)
[1A[2KChrome Headless 140.0.0.0 (Linux 0.0.0): Executed 745 of 1097[31m (41 FAILED)[39m (0 secs / 17.888 secs)
[1A[2KChrome Headless 140.0.0.0 (Linux 0.0.0): Executed 746 of 1097[31m (41 FAILED)[39m (0 secs / 17.91 secs)
[1A[2KLOG: [36m'Using default payout settings'[39m
Chrome Headless 140.0.0.0 (Linux 0.0.0): Executed 746 of 1097[31m (41 FAILED)[39m (0 secs / 17.91 secs)
LOG: 'Using default payout settings'
[1A[2KChrome Headless 140.0.0.0 (Linux 0.0.0): Executed 747 of 1097[31m (41 FAILED)[39m (0 secs / 17.941 secs)
[1A[2KLOG: [36m'Using default payout settings'[39m
Chrome Headless 140.0.0.0 (Linux 0.0.0): Executed 747 of 1097[31m (41 FAILED)[39m (0 secs / 17.941 secs)
LOG: 'Using default payout settings'
[1A[2KChrome Headless 140.0.0.0 (Linux 0.0.0): Executed 748 of 1097[31m (41 FAILED)[39m (0 secs / 17.965 secs)
[1A[2KLOG: [36m'Using default payout settings'[39m
Chrome Headless 140.0.0.0 (Linux 0.0.0): Executed 748 of 1097[31m (41 FAILED)[39m (0 secs / 17.965 secs)
LOG: 'Using default payout settings'
[1A[2KChrome Headless 140.0.0.0 (Linux 0.0.0): Executed 749 of 1097[31m (41 FAILED)[39m (0 secs / 17.99 secs)
[1A[2KLOG: [36m'Using default payout settings'[39m
Chrome Headless 140.0.0.0 (Linux 0.0.0): Executed 749 of 1097[31m (41 FAILED)[39m (0 secs / 17.99 secs)
LOG: 'Using default payout settings'
[1A[2KChrome Headless 140.0.0.0 (Linux 0.0.0): Executed 750 of 1097[31m (41 FAILED)[39m (0 secs / 18.014 secs)
[1A[2KLOG: [36m'Using default payout settings'[39m
Chrome Headless 140.0.0.0 (Linux 0.0.0): Executed 750 of 1097[31m (41 FAILED)[39m (0 secs / 18.014 secs)
LOG: 'Using default payout settings'
[1A[2KChrome Headless 140.0.0.0 (Linux 0.0.0): Executed 751 of 1097[31m (41 FAILED)[39m (0 secs / 18.038 secs)
[1A[2KLOG: [36m'Using default payout settings'[39m
Chrome Headless 140.0.0.0 (Linux 0.0.0): Executed 751 of 1097[31m (41 FAILED)[39m (0 secs / 18.038 secs)
LOG: 'Using default payout settings'
[1A[2KChrome Headless 140.0.0.0 (Linux 0.0.0): Executed 752 of 1097[31m (41 FAILED)[39m (0 secs / 18.062 secs)
[1A[2KLOG: [36m'Using default payout settings'[39m
Chrome Headless 140.0.0.0 (Linux 0.0.0): Executed 752 of 1097[31m (41 FAILED)[39m (0 secs / 18.062 secs)
LOG: 'Using default payout settings'
[1A[2KChrome Headless 140.0.0.0 (Linux 0.0.0): Executed 753 of 1097[31m (41 FAILED)[39m (0 secs / 18.085 secs)
[1A[2KLOG: [36m'Using default payout settings'[39m
Chrome Headless 140.0.0.0 (Linux 0.0.0): Executed 753 of 1097[31m (41 FAILED)[39m (0 secs / 18.085 secs)
LOG: 'Using default payout settings'
[1A[2KChrome Headless 140.0.0.0 (Linux 0.0.0): Executed 754 of 1097[31m (41 FAILED)[39m (0 secs / 18.108 secs)
[1A[2KLOG: [36m'Using default payout settings'[39m
Chrome Headless 140.0.0.0 (Linux 0.0.0): Executed 754 of 1097[31m (41 FAILED)[39m (0 secs / 18.108 secs)
LOG: 'Using default payout settings'
[1A[2KChrome Headless 140.0.0.0 (Linux 0.0.0): Executed 755 of 1097[31m (41 FAILED)[39m (0 secs / 18.132 secs)
[1A[2KLOG: [36m'Using default payout settings'[39m
Chrome Headless 140.0.0.0 (Linux 0.0.0): Executed 755 of 1097[31m (41 FAILED)[39m (0 secs / 18.132 secs)
LOG: 'Using default payout settings'
[1A[2KChrome Headless 140.0.0.0 (Linux 0.0.0): Executed 756 of 1097[31m (41 FAILED)[39m (0 secs / 18.155 secs)
[1A[2KLOG: [36m'Using default payout settings'[39m
Chrome Headless 140.0.0.0 (Linux 0.0.0): Executed 756 of 1097[31m (41 FAILED)[39m (0 secs / 18.155 secs)
LOG: 'Using default payout settings'
[1A[2KChrome Headless 140.0.0.0 (Linux 0.0.0): Executed 757 of 1097[31m (41 FAILED)[39m (0 secs / 18.179 secs)
[1A[2KChrome Headless 140.0.0.0 (Linux 0.0.0): Executed 758 of 1097[31m (41 FAILED)[39m (0 secs / 18.189 secs)
[1A[2KChrome Headless 140.0.0.0 (Linux 0.0.0): Executed 759 of 1097[31m (41 FAILED)[39m (0 secs / 18.198 secs)
[1A[2KChrome Headless 140.0.0.0 (Linux 0.0.0): Executed 760 of 1097[31m (41 FAILED)[39m (0 secs / 18.207 secs)
[1A[2KChrome Headless 140.0.0.0 (Linux 0.0.0): Executed 761 of 1097[31m (41 FAILED)[39m (0 secs / 18.215 secs)
[1A[2KChrome Headless 140.0.0.0 (Linux 0.0.0): Executed 762 of 1097[31m (41 FAILED)[39m (0 secs / 18.24 secs)
[1A[2KChrome Headless 140.0.0.0 (Linux 0.0.0): Executed 763 of 1097[31m (41 FAILED)[39m (0 secs / 18.245 secs)
[1A[2KChrome Headless 140.0.0.0 (Linux 0.0.0): Executed 764 of 1097[31m (41 FAILED)[39m (0 secs / 18.251 secs)
[1A[2KChrome Headless 140.0.0.0 (Linux 0.0.0): Executed 765 of 1097[31m (41 FAILED)[39m (0 secs / 18.256 secs)
[1A[2K[31mChrome Headless 140.0.0.0 (Linux 0.0.0) ConsignorPayoutDetailComponent should display items with correct details FAILED[39m
	TypeError: Cannot read properties of undefined (reading 'subscribe')
	    at ConsignorPayoutDetailComponent2.loadPayoutDetail (src/app/consignor/components/consignor-payout-detail.component.ts:435:52)
	    at ConsignorPayoutDetailComponent2.ngOnInit (src/app/consignor/components/consignor-payout-detail.component.ts:427:12)
	    at callHookInternal (node_modules/@angular/core/fesm2022/debug_node.mjs:860:14)
	    at callHook (node_modules/@angular/core/fesm2022/debug_node.mjs:887:13)
	    at callHooks (node_modules/@angular/core/fesm2022/debug_node.mjs:841:17)
	    at executeInitAndCheckHooks (node_modules/@angular/core/fesm2022/debug_node.mjs:791:9)
	    at refreshView (node_modules/@angular/core/fesm2022/debug_node.mjs:10107:21)
	    at detectChangesInView (node_modules/@angular/core/fesm2022/debug_node.mjs:10312:9)
	    at detectChangesInViewWhileDirty (node_modules/@angular/core/fesm2022/debug_node.mjs:10001:9)
	    at detectChangesInternal (node_modules/@angular/core/fesm2022/debug_node.mjs:9989:9)
Chrome Headless 140.0.0.0 (Linux 0.0.0): Executed 766 of 1097[31m (42 FAILED)[39m (0 secs / 18.26 secs)
[1A[2KERROR: [36m'Payout detail error:', Error: Network error
Error: Network error
    at http://localhost:9876/base/src/app/consignor/components/consignor-payout-detail.component.spec.ts:122:71
    at _Observable.init [as _subscribe] (http://localhost:9876/base/node_modules/rxjs/dist/esm/internal/observable/throwError.js:5:51)
    at _Observable._trySubscribe (http://localhost:9876/base/node_modules/rxjs/dist/esm/internal/Observable.js:37:25)
    at http://localhost:9876/base/node_modules/rxjs/dist/esm/internal/Observable.js:31:30
    at errorContext (http://localhost:9876/base/node_modules/rxjs/dist/esm/internal/util/errorContext.js:19:9)
    at _Observable.subscribe (http://localhost:9876/base/node_modules/rxjs/dist/esm/internal/Observable.js:22:9)
    at ConsignorPayoutDetailComponent2.loadPayoutDetail (http://localhost:9876/base/src/app/consignor/components/consignor-payout-detail.component.ts:435:54)
    at ConsignorPayoutDetailComponent2.ngOnInit (http://localhost:9876/base/src/app/consignor/components/consignor-payout-detail.component.ts:427:12)
    at UserContext.<anonymous> (http://localhost:9876/base/src/app/consignor/components/consignor-payout-detail.component.spec.ts:124:15)
    at _ZoneDelegate.invoke (http://localhost:9876/base/node_modules/zone.js/fesm2015/zone.js:398:28)[39m
Chrome Headless 140.0.0.0 (Linux 0.0.0): Executed 766 of 1097[31m (42 FAILED)[39m (0 secs / 18.26 secs)
ERROR: 'Payout detail error:', Error: Network error
Error: Network error
    at http://localhost:9876/base/src/app/consignor/components/consignor-payout-detail.component.spec.ts:122:71
    at _Observable.init [as _subscribe] (http://localhost:9876/base/node_modules/rxjs/dist/esm/internal/observable/throwError.js:5:51)
    at _Observable._trySubscribe (http://localhost:9876/base/node_modules/rxjs/dist/esm/internal/Observable.js:37:25)
    at http://localhost:9876/base/node_modules/rxjs/dist/esm/internal/Observable.js:31:30
    at errorContext (http://localhost:9876/base/node_modules/rxjs/dist/esm/internal/util/errorContext.js:19:9)
    at _Observable.subscribe (http://localhost:9876/base/node_modules/rxjs/dist/esm/internal/Observable.js:22:9)
    at ConsignorPayoutDetailComponent2.loadPayoutDetail (http://localhost:9876/base/src/app/consignor/components/consignor-payout-detail.component.ts:435:54)
    at ConsignorPayoutDetailComponent2.ngOnInit (http://localhost:9876/base/src/app/consignor/components/consignor-payout-detail.component.ts:427:12)
    at UserContext.<anonymous> (http://localhost:9876/base/src/app/consignor/components/consignor-payout-detail.component.spec.ts:124:15)
    at _ZoneDelegate.invoke (http://localhost:9876/base/node_modules/zone.js/fesm2015/zone.js:398:28)
[1A[2KChrome Headless 140.0.0.0 (Linux 0.0.0): Executed 767 of 1097[31m (42 FAILED)[39m (0 secs / 18.265 secs)
[1A[2KChrome Headless 140.0.0.0 (Linux 0.0.0): Executed 768 of 1097[31m (42 FAILED)[39m (0 secs / 18.268 secs)
[1A[2K[31mChrome Headless 140.0.0.0 (Linux 0.0.0) ConsignorPayoutDetailComponent should show correct breakdown values FAILED[39m
	TypeError: Cannot read properties of undefined (reading 'subscribe')
	    at ConsignorPayoutDetailComponent2.loadPayoutDetail (src/app/consignor/components/consignor-payout-detail.component.ts:435:52)
	    at ConsignorPayoutDetailComponent2.ngOnInit (src/app/consignor/components/consignor-payout-detail.component.ts:427:12)
	    at callHookInternal (node_modules/@angular/core/fesm2022/debug_node.mjs:860:14)
	    at callHook (node_modules/@angular/core/fesm2022/debug_node.mjs:887:13)
	    at callHooks (node_modules/@angular/core/fesm2022/debug_node.mjs:841:17)
	    at executeInitAndCheckHooks (node_modules/@angular/core/fesm2022/debug_node.mjs:791:9)
	    at refreshView (node_modules/@angular/core/fesm2022/debug_node.mjs:10107:21)
	    at detectChangesInView (node_modules/@angular/core/fesm2022/debug_node.mjs:10312:9)
	    at detectChangesInViewWhileDirty (node_modules/@angular/core/fesm2022/debug_node.mjs:10001:9)
	    at detectChangesInternal (node_modules/@angular/core/fesm2022/debug_node.mjs:9989:9)
Chrome Headless 140.0.0.0 (Linux 0.0.0): Executed 769 of 1097[31m (43 FAILED)[39m (0 secs / 18.272 secs)
[1A[2KChrome Headless 140.0.0.0 (Linux 0.0.0): Executed 770 of 1097[31m (43 FAILED)[39m (0 secs / 18.276 secs)
[1A[2KChrome Headless 140.0.0.0 (Linux 0.0.0): Executed 771 of 1097[31m (43 FAILED)[39m (0 secs / 18.281 secs)
[1A[2K[31mChrome Headless 140.0.0.0 (Linux 0.0.0) ConsignorPayoutDetailComponent should display payout detail content when loaded FAILED[39m
	TypeError: Cannot read properties of undefined (reading 'subscribe')
	    at ConsignorPayoutDetailComponent2.loadPayoutDetail (src/app/consignor/components/consignor-payout-detail.component.ts:435:52)
	    at ConsignorPayoutDetailComponent2.ngOnInit (src/app/consignor/components/consignor-payout-detail.component.ts:427:12)
	    at callHookInternal (node_modules/@angular/core/fesm2022/debug_node.mjs:860:14)
	    at callHook (node_modules/@angular/core/fesm2022/debug_node.mjs:887:13)
	    at callHooks (node_modules/@angular/core/fesm2022/debug_node.mjs:841:17)
	    at executeInitAndCheckHooks (node_modules/@angular/core/fesm2022/debug_node.mjs:791:9)
	    at refreshView (node_modules/@angular/core/fesm2022/debug_node.mjs:10107:21)
	    at detectChangesInView (node_modules/@angular/core/fesm2022/debug_node.mjs:10312:9)
	    at detectChangesInViewWhileDirty (node_modules/@angular/core/fesm2022/debug_node.mjs:10001:9)
	    at detectChangesInternal (node_modules/@angular/core/fesm2022/debug_node.mjs:9989:9)
Chrome Headless 140.0.0.0 (Linux 0.0.0): Executed 772 of 1097[31m (44 FAILED)[39m (0 secs / 18.287 secs)
[1A[2KChrome Headless 140.0.0.0 (Linux 0.0.0): Executed 773 of 1097[31m (44 FAILED)[39m (0 secs / 18.291 secs)
[1A[2K[31mChrome Headless 140.0.0.0 (Linux 0.0.0) ConsignorPayoutDetailComponent should display error state FAILED[39m
	TypeError: Cannot read properties of undefined (reading 'subscribe')
	    at ConsignorPayoutDetailComponent2.loadPayoutDetail (src/app/consignor/components/consignor-payout-detail.component.ts:435:52)
	    at ConsignorPayoutDetailComponent2.ngOnInit (src/app/consignor/components/consignor-payout-detail.component.ts:427:12)
	    at callHookInternal (node_modules/@angular/core/fesm2022/debug_node.mjs:860:14)
	    at callHook (node_modules/@angular/core/fesm2022/debug_node.mjs:887:13)
	    at callHooks (node_modules/@angular/core/fesm2022/debug_node.mjs:841:17)
	    at executeInitAndCheckHooks (node_modules/@angular/core/fesm2022/debug_node.mjs:791:9)
	    at refreshView (node_modules/@angular/core/fesm2022/debug_node.mjs:10107:21)
	    at detectChangesInView (node_modules/@angular/core/fesm2022/debug_node.mjs:10312:9)
	    at detectChangesInViewWhileDirty (node_modules/@angular/core/fesm2022/debug_node.mjs:10001:9)
	    at detectChangesInternal (node_modules/@angular/core/fesm2022/debug_node.mjs:9989:9)
Chrome Headless 140.0.0.0 (Linux 0.0.0): Executed 774 of 1097[31m (45 FAILED)[39m (0 secs / 18.296 secs)
[1A[2KChrome Headless 140.0.0.0 (Linux 0.0.0): Executed 775 of 1097[31m (45 FAILED)[39m (0 secs / 18.3 secs)
[1A[2K[31mChrome Headless 140.0.0.0 (Linux 0.0.0) ConsignorPayoutDetailComponent should display loading state FAILED[39m
	TypeError: Cannot read properties of undefined (reading 'subscribe')
	    at ConsignorPayoutDetailComponent2.loadPayoutDetail (src/app/consignor/components/consignor-payout-detail.component.ts:435:52)
	    at ConsignorPayoutDetailComponent2.ngOnInit (src/app/consignor/components/consignor-payout-detail.component.ts:427:12)
	    at callHookInternal (node_modules/@angular/core/fesm2022/debug_node.mjs:860:14)
	    at callHook (node_modules/@angular/core/fesm2022/debug_node.mjs:887:13)
	    at callHooks (node_modules/@angular/core/fesm2022/debug_node.mjs:841:17)
	    at executeInitAndCheckHooks (node_modules/@angular/core/fesm2022/debug_node.mjs:791:9)
	    at refreshView (node_modules/@angular/core/fesm2022/debug_node.mjs:10107:21)
	    at detectChangesInView (node_modules/@angular/core/fesm2022/debug_node.mjs:10312:9)
	    at detectChangesInViewWhileDirty (node_modules/@angular/core/fesm2022/debug_node.mjs:10001:9)
	    at detectChangesInternal (node_modules/@angular/core/fesm2022/debug_node.mjs:9989:9)
Chrome Headless 140.0.0.0 (Linux 0.0.0): Executed 776 of 1097[31m (46 FAILED)[39m (0 secs / 18.313 secs)
[1A[2KChrome Headless 140.0.0.0 (Linux 0.0.0): Executed 777 of 1097[31m (46 FAILED)[39m (0 secs / 18.317 secs)
[1A[2KChrome Headless 140.0.0.0 (Linux 0.0.0): Executed 778 of 1097[31m (46 FAILED)[39m (0 secs / 18.321 secs)
[1A[2KChrome Headless 140.0.0.0 (Linux 0.0.0): Executed 779 of 1097[31m (46 FAILED)[39m (0 secs / 18.324 secs)
[1A[2KChrome Headless 140.0.0.0 (Linux 0.0.0): Executed 780 of 1097[31m (46 FAILED)[39m (0 secs / 18.328 secs)
[1A[2KChrome Headless 140.0.0.0 (Linux 0.0.0): Executed 781 of 1097[31m (46 FAILED)[39m (0 secs / 18.332 secs)
[1A[2KChrome Headless 140.0.0.0 (Linux 0.0.0): Executed 782 of 1097[31m (46 FAILED)[39m (0 secs / 18.337 secs)
[1A[2KChrome Headless 140.0.0.0 (Linux 0.0.0): Executed 783 of 1097[31m (46 FAILED)[39m (0 secs / 18.381 secs)
[1A[2KChrome Headless 140.0.0.0 (Linux 0.0.0): Executed 784 of 1097[31m (46 FAILED)[39m (skipped 1) (0 secs / 18.399 secs)
[1A[2KChrome Headless 140.0.0.0 (Linux 0.0.0): Executed 785 of 1097[31m (46 FAILED)[39m (skipped 1) (0 secs / 18.418 secs)
[1A[2KChrome Headless 140.0.0.0 (Linux 0.0.0): Executed 786 of 1097[31m (46 FAILED)[39m (skipped 1) (0 secs / 18.435 secs)
[1A[2K[31mChrome Headless 140.0.0.0 (Linux 0.0.0) StoreProfileBasicInfoComponent should validate website URL format FAILED[39m
	Expected undefined to be false.
	    at <Jasmine>
	    at UserContext.<anonymous> (src/app/owner/settings/profile/basic-info/store-profile-basic-info.component.spec.ts:138:49)
	    at _ZoneDelegate.invoke (node_modules/zone.js/fesm2015/zone.js:398:28)
	    at _ProxyZoneSpec.onInvoke (node_modules/zone.js/fesm2015/zone-testing.js:2132:39)
	    at _ZoneDelegate.invoke (node_modules/zone.js/fesm2015/zone.js:397:34)
	Expected undefined to be false.
	    at <Jasmine>
	    at UserContext.<anonymous> (src/app/owner/settings/profile/basic-info/store-profile-basic-info.component.spec.ts:141:49)
	    at _ZoneDelegate.invoke (node_modules/zone.js/fesm2015/zone.js:398:28)
	    at _ProxyZoneSpec.onInvoke (node_modules/zone.js/fesm2015/zone-testing.js:2132:39)
	    at _ZoneDelegate.invoke (node_modules/zone.js/fesm2015/zone.js:397:34)
	Expected undefined to be true.
	    at <Jasmine>
	    at UserContext.<anonymous> (src/app/owner/settings/profile/basic-info/store-profile-basic-info.component.spec.ts:145:49)
	    at _ZoneDelegate.invoke (node_modules/zone.js/fesm2015/zone.js:398:28)
	    at _ProxyZoneSpec.onInvoke (node_modules/zone.js/fesm2015/zone-testing.js:2132:39)
	    at _ZoneDelegate.invoke (node_modules/zone.js/fesm2015/zone.js:397:34)
Chrome Headless 140.0.0.0 (Linux 0.0.0): Executed 787 of 1097[31m (47 FAILED)[39m (skipped 1) (0 secs / 18.453 secs)
[1A[2KChrome Headless 140.0.0.0 (Linux 0.0.0): Executed 788 of 1097[31m (47 FAILED)[39m (skipped 1) (0 secs / 18.464 secs)
[1A[2KChrome Headless 140.0.0.0 (Linux 0.0.0): Executed 789 of 1097[31m (47 FAILED)[39m (skipped 1) (0 secs / 18.481 secs)
[1A[2KChrome Headless 140.0.0.0 (Linux 0.0.0): Executed 790 of 1097[31m (47 FAILED)[39m (skipped 2) (0 secs / 18.499 secs)
[1A[2KChrome Headless 140.0.0.0 (Linux 0.0.0): Executed 791 of 1097[31m (47 FAILED)[39m (skipped 2) (0 secs / 18.509 secs)
[1A[2KChrome Headless 140.0.0.0 (Linux 0.0.0): Executed 792 of 1097[31m (47 FAILED)[39m (skipped 3) (0 secs / 18.527 secs)
[1A[2KChrome Headless 140.0.0.0 (Linux 0.0.0): Executed 793 of 1097[31m (47 FAILED)[39m (skipped 3) (0 secs / 18.546 secs)
[1A[2KChrome Headless 140.0.0.0 (Linux 0.0.0): Executed 794 of 1097[31m (47 FAILED)[39m (skipped 3) (0 secs / 18.552 secs)
[1A[2KChrome Headless 140.0.0.0 (Linux 0.0.0): Executed 795 of 1097[31m (47 FAILED)[39m (skipped 3) (0 secs / 18.555 secs)
[1A[2KChrome Headless 140.0.0.0 (Linux 0.0.0): Executed 796 of 1097[31m (47 FAILED)[39m (skipped 3) (0 secs / 18.559 secs)
[1A[2KChrome Headless 140.0.0.0 (Linux 0.0.0): Executed 797 of 1097[31m (47 FAILED)[39m (skipped 3) (0 secs / 18.562 secs)
[1A[2KChrome Headless 140.0.0.0 (Linux 0.0.0): Executed 798 of 1097[31m (47 FAILED)[39m (skipped 3) (0 secs / 18.566 secs)
[1A[2KChrome Headless 140.0.0.0 (Linux 0.0.0): Executed 799 of 1097[31m (47 FAILED)[39m (skipped 3) (0 secs / 18.569 secs)
[1A[2KChrome Headless 140.0.0.0 (Linux 0.0.0): Executed 800 of 1097[31m (47 FAILED)[39m (skipped 3) (0 secs / 18.572 secs)
[1A[2KChrome Headless 140.0.0.0 (Linux 0.0.0): Executed 801 of 1097[31m (47 FAILED)[39m (skipped 3) (0 secs / 18.576 secs)
[1A[2KChrome Headless 140.0.0.0 (Linux 0.0.0): Executed 802 of 1097[31m (47 FAILED)[39m (skipped 3) (0 secs / 18.581 secs)
[1A[2KChrome Headless 140.0.0.0 (Linux 0.0.0): Executed 803 of 1097[31m (47 FAILED)[39m (skipped 3) (0 secs / 18.586 secs)
[1A[2KChrome Headless 140.0.0.0 (Linux 0.0.0): Executed 804 of 1097[31m (47 FAILED)[39m (skipped 3) (0 secs / 18.59 secs)
[1A[2KChrome Headless 140.0.0.0 (Linux 0.0.0): Executed 805 of 1097[31m (47 FAILED)[39m (skipped 3) (0 secs / 18.593 secs)
[1A[2KChrome Headless 140.0.0.0 (Linux 0.0.0): Executed 806 of 1097[31m (47 FAILED)[39m (skipped 3) (0 secs / 18.596 secs)
[1A[2KChrome Headless 140.0.0.0 (Linux 0.0.0): Executed 807 of 1097[31m (47 FAILED)[39m (skipped 3) (0 secs / 18.599 secs)
[1A[2KChrome Headless 140.0.0.0 (Linux 0.0.0): Executed 808 of 1097[31m (47 FAILED)[39m (skipped 3) (0 secs / 18.603 secs)
[1A[2KChrome Headless 140.0.0.0 (Linux 0.0.0): Executed 809 of 1097[31m (47 FAILED)[39m (skipped 3) (0 secs / 18.607 secs)
[1A[2KChrome Headless 140.0.0.0 (Linux 0.0.0): Executed 810 of 1097[31m (47 FAILED)[39m (skipped 3) (0 secs / 18.655 secs)
[1A[2KWARN: [36m'
  It looks like you're using the disabled attribute with a reactive form directive. If you set disabled to true
  when you set up this control in your component class, the disabled attribute will actually be set in the DOM for
  you. We recommend using this approach to avoid 'changed after checked' errors.

  Example:
  // Specify the `disabled` property at control creation time:
  form = new FormGroup({
    first: new FormControl({value: 'Nancy', disabled: true}, Validators.required),
    last: new FormControl('Drew', Validators.required)
  });

  // Controls can also be enabled/disabled after creation:
  form.get('first')?.enable();
  form.get('last')?.disable();
'[39m
Chrome Headless 140.0.0.0 (Linux 0.0.0): Executed 810 of 1097[31m (47 FAILED)[39m (skipped 3) (0 secs / 18.655 secs)
WARN: '
  It looks like you're using the disabled attribute with a reactive form directive. If you set disabled to true
  when you set up this control in your component class, the disabled attribute will actually be set in the DOM for
  you. We recommend using this approach to avoid 'changed after checked' errors.

  Example:
  // Specify the `disabled` property at control creation time:
  form = new FormGroup({
    first: new FormControl({value: 'Nancy', disabled: true}, Validators.required),
    last: new FormControl('Drew', Validators.required)
  });

  // Controls can also be enabled/disabled after creation:
  form.get('first')?.enable();
  form.get('last')?.disable();
'
[1A[2KWARN: [36m'
  It looks like you're using the disabled attribute with a reactive form directive. If you set disabled to true
  when you set up this control in your component class, the disabled attribute will actually be set in the DOM for
  you. We recommend using this approach to avoid 'changed after checked' errors.

  Example:
  // Specify the `disabled` property at control creation time:
  form = new FormGroup({
    first: new FormControl({value: 'Nancy', disabled: true}, Validators.required),
    last: new FormControl('Drew', Validators.required)
  });

  // Controls can also be enabled/disabled after creation:
  form.get('first')?.enable();
  form.get('last')?.disable();
'[39m
Chrome Headless 140.0.0.0 (Linux 0.0.0): Executed 810 of 1097[31m (47 FAILED)[39m (skipped 3) (0 secs / 18.655 secs)
WARN: '
  It looks like you're using the disabled attribute with a reactive form directive. If you set disabled to true
  when you set up this control in your component class, the disabled attribute will actually be set in the DOM for
  you. We recommend using this approach to avoid 'changed after checked' errors.

  Example:
  // Specify the `disabled` property at control creation time:
  form = new FormGroup({
    first: new FormControl({value: 'Nancy', disabled: true}, Validators.required),
    last: new FormControl('Drew', Validators.required)
  });

  // Controls can also be enabled/disabled after creation:
  form.get('first')?.enable();
  form.get('last')?.disable();
'
[1A[2KWARN: [36m'
  It looks like you're using the disabled attribute with a reactive form directive. If you set disabled to true
  when you set up this control in your component class, the disabled attribute will actually be set in the DOM for
  you. We recommend using this approach to avoid 'changed after checked' errors.

  Example:
  // Specify the `disabled` property at control creation time:
  form = new FormGroup({
    first: new FormControl({value: 'Nancy', disabled: true}, Validators.required),
    last: new FormControl('Drew', Validators.required)
  });

  // Controls can also be enabled/disabled after creation:
  form.get('first')?.enable();
  form.get('last')?.disable();
'[39m
Chrome Headless 140.0.0.0 (Linux 0.0.0): Executed 810 of 1097[31m (47 FAILED)[39m (skipped 3) (0 secs / 18.655 secs)
WARN: '
  It looks like you're using the disabled attribute with a reactive form directive. If you set disabled to true
  when you set up this control in your component class, the disabled attribute will actually be set in the DOM for
  you. We recommend using this approach to avoid 'changed after checked' errors.

  Example:
  // Specify the `disabled` property at control creation time:
  form = new FormGroup({
    first: new FormControl({value: 'Nancy', disabled: true}, Validators.required),
    last: new FormControl('Drew', Validators.required)
  });

  // Controls can also be enabled/disabled after creation:
  form.get('first')?.enable();
  form.get('last')?.disable();
'
[1A[2KWARN: [36m'
  It looks like you're using the disabled attribute with a reactive form directive. If you set disabled to true
  when you set up this control in your component class, the disabled attribute will actually be set in the DOM for
  you. We recommend using this approach to avoid 'changed after checked' errors.

  Example:
  // Specify the `disabled` property at control creation time:
  form = new FormGroup({
    first: new FormControl({value: 'Nancy', disabled: true}, Validators.required),
    last: new FormControl('Drew', Validators.required)
  });

  // Controls can also be enabled/disabled after creation:
  form.get('first')?.enable();
  form.get('last')?.disable();
'[39m
Chrome Headless 140.0.0.0 (Linux 0.0.0): Executed 810 of 1097[31m (47 FAILED)[39m (skipped 3) (0 secs / 18.655 secs)
WARN: '
  It looks like you're using the disabled attribute with a reactive form directive. If you set disabled to true
  when you set up this control in your component class, the disabled attribute will actually be set in the DOM for
  you. We recommend using this approach to avoid 'changed after checked' errors.

  Example:
  // Specify the `disabled` property at control creation time:
  form = new FormGroup({
    first: new FormControl({value: 'Nancy', disabled: true}, Validators.required),
    last: new FormControl('Drew', Validators.required)
  });

  // Controls can also be enabled/disabled after creation:
  form.get('first')?.enable();
  form.get('last')?.disable();
'
[1A[2KWARN: [36m'
  It looks like you're using the disabled attribute with a reactive form directive. If you set disabled to true
  when you set up this control in your component class, the disabled attribute will actually be set in the DOM for
  you. We recommend using this approach to avoid 'changed after checked' errors.

  Example:
  // Specify the `disabled` property at control creation time:
  form = new FormGroup({
    first: new FormControl({value: 'Nancy', disabled: true}, Validators.required),
    last: new FormControl('Drew', Validators.required)
  });

  // Controls can also be enabled/disabled after creation:
  form.get('first')?.enable();
  form.get('last')?.disable();
'[39m
Chrome Headless 140.0.0.0 (Linux 0.0.0): Executed 810 of 1097[31m (47 FAILED)[39m (skipped 3) (0 secs / 18.655 secs)
WARN: '
  It looks like you're using the disabled attribute with a reactive form directive. If you set disabled to true
  when you set up this control in your component class, the disabled attribute will actually be set in the DOM for
  you. We recommend using this approach to avoid 'changed after checked' errors.

  Example:
  // Specify the `disabled` property at control creation time:
  form = new FormGroup({
    first: new FormControl({value: 'Nancy', disabled: true}, Validators.required),
    last: new FormControl('Drew', Validators.required)
  });

  // Controls can also be enabled/disabled after creation:
  form.get('first')?.enable();
  form.get('last')?.disable();
'
[1A[2KWARN: [36m'
  It looks like you're using the disabled attribute with a reactive form directive. If you set disabled to true
  when you set up this control in your component class, the disabled attribute will actually be set in the DOM for
  you. We recommend using this approach to avoid 'changed after checked' errors.

  Example:
  // Specify the `disabled` property at control creation time:
  form = new FormGroup({
    first: new FormControl({value: 'Nancy', disabled: true}, Validators.required),
    last: new FormControl('Drew', Validators.required)
  });

  // Controls can also be enabled/disabled after creation:
  form.get('first')?.enable();
  form.get('last')?.disable();
'[39m
Chrome Headless 140.0.0.0 (Linux 0.0.0): Executed 810 of 1097[31m (47 FAILED)[39m (skipped 3) (0 secs / 18.655 secs)
WARN: '
  It looks like you're using the disabled attribute with a reactive form directive. If you set disabled to true
  when you set up this control in your component class, the disabled attribute will actually be set in the DOM for
  you. We recommend using this approach to avoid 'changed after checked' errors.

  Example:
  // Specify the `disabled` property at control creation time:
  form = new FormGroup({
    first: new FormControl({value: 'Nancy', disabled: true}, Validators.required),
    last: new FormControl('Drew', Validators.required)
  });

  // Controls can also be enabled/disabled after creation:
  form.get('first')?.enable();
  form.get('last')?.disable();
'
[1A[2KChrome Headless 140.0.0.0 (Linux 0.0.0): Executed 811 of 1097[31m (47 FAILED)[39m (skipped 3) (0 secs / 18.67 secs)
[1A[2KChrome Headless 140.0.0.0 (Linux 0.0.0): Executed 812 of 1097[31m (47 FAILED)[39m (skipped 3) (0 secs / 18.675 secs)
[1A[2KWARN: [36m'
  It looks like you're using the disabled attribute with a reactive form directive. If you set disabled to true
  when you set up this control in your component class, the disabled attribute will actually be set in the DOM for
  you. We recommend using this approach to avoid 'changed after checked' errors.

  Example:
  // Specify the `disabled` property at control creation time:
  form = new FormGroup({
    first: new FormControl({value: 'Nancy', disabled: true}, Validators.required),
    last: new FormControl('Drew', Validators.required)
  });

  // Controls can also be enabled/disabled after creation:
  form.get('first')?.enable();
  form.get('last')?.disable();
'[39m
Chrome Headless 140.0.0.0 (Linux 0.0.0): Executed 812 of 1097[31m (47 FAILED)[39m (skipped 3) (0 secs / 18.675 secs)
WARN: '
  It looks like you're using the disabled attribute with a reactive form directive. If you set disabled to true
  when you set up this control in your component class, the disabled attribute will actually be set in the DOM for
  you. We recommend using this approach to avoid 'changed after checked' errors.

  Example:
  // Specify the `disabled` property at control creation time:
  form = new FormGroup({
    first: new FormControl({value: 'Nancy', disabled: true}, Validators.required),
    last: new FormControl('Drew', Validators.required)
  });

  // Controls can also be enabled/disabled after creation:
  form.get('first')?.enable();
  form.get('last')?.disable();
'
[1A[2KWARN: [36m'
  It looks like you're using the disabled attribute with a reactive form directive. If you set disabled to true
  when you set up this control in your component class, the disabled attribute will actually be set in the DOM for
  you. We recommend using this approach to avoid 'changed after checked' errors.

  Example:
  // Specify the `disabled` property at control creation time:
  form = new FormGroup({
    first: new FormControl({value: 'Nancy', disabled: true}, Validators.required),
    last: new FormControl('Drew', Validators.required)
  });

  // Controls can also be enabled/disabled after creation:
  form.get('first')?.enable();
  form.get('last')?.disable();
'[39m
Chrome Headless 140.0.0.0 (Linux 0.0.0): Executed 812 of 1097[31m (47 FAILED)[39m (skipped 3) (0 secs / 18.675 secs)
WARN: '
  It looks like you're using the disabled attribute with a reactive form directive. If you set disabled to true
  when you set up this control in your component class, the disabled attribute will actually be set in the DOM for
  you. We recommend using this approach to avoid 'changed after checked' errors.

  Example:
  // Specify the `disabled` property at control creation time:
  form = new FormGroup({
    first: new FormControl({value: 'Nancy', disabled: true}, Validators.required),
    last: new FormControl('Drew', Validators.required)
  });

  // Controls can also be enabled/disabled after creation:
  form.get('first')?.enable();
  form.get('last')?.disable();
'
[1A[2KWARN: [36m'
  It looks like you're using the disabled attribute with a reactive form directive. If you set disabled to true
  when you set up this control in your component class, the disabled attribute will actually be set in the DOM for
  you. We recommend using this approach to avoid 'changed after checked' errors.

  Example:
  // Specify the `disabled` property at control creation time:
  form = new FormGroup({
    first: new FormControl({value: 'Nancy', disabled: true}, Validators.required),
    last: new FormControl('Drew', Validators.required)
  });

  // Controls can also be enabled/disabled after creation:
  form.get('first')?.enable();
  form.get('last')?.disable();
'[39m
Chrome Headless 140.0.0.0 (Linux 0.0.0): Executed 812 of 1097[31m (47 FAILED)[39m (skipped 3) (0 secs / 18.675 secs)
WARN: '
  It looks like you're using the disabled attribute with a reactive form directive. If you set disabled to true
  when you set up this control in your component class, the disabled attribute will actually be set in the DOM for
  you. We recommend using this approach to avoid 'changed after checked' errors.

  Example:
  // Specify the `disabled` property at control creation time:
  form = new FormGroup({
    first: new FormControl({value: 'Nancy', disabled: true}, Validators.required),
    last: new FormControl('Drew', Validators.required)
  });

  // Controls can also be enabled/disabled after creation:
  form.get('first')?.enable();
  form.get('last')?.disable();
'
[1A[2KWARN: [36m'
  It looks like you're using the disabled attribute with a reactive form directive. If you set disabled to true
  when you set up this control in your component class, the disabled attribute will actually be set in the DOM for
  you. We recommend using this approach to avoid 'changed after checked' errors.

  Example:
  // Specify the `disabled` property at control creation time:
  form = new FormGroup({
    first: new FormControl({value: 'Nancy', disabled: true}, Validators.required),
    last: new FormControl('Drew', Validators.required)
  });

  // Controls can also be enabled/disabled after creation:
  form.get('first')?.enable();
  form.get('last')?.disable();
'[39m
Chrome Headless 140.0.0.0 (Linux 0.0.0): Executed 812 of 1097[31m (47 FAILED)[39m (skipped 3) (0 secs / 18.675 secs)
WARN: '
  It looks like you're using the disabled attribute with a reactive form directive. If you set disabled to true
  when you set up this control in your component class, the disabled attribute will actually be set in the DOM for
  you. We recommend using this approach to avoid 'changed after checked' errors.

  Example:
  // Specify the `disabled` property at control creation time:
  form = new FormGroup({
    first: new FormControl({value: 'Nancy', disabled: true}, Validators.required),
    last: new FormControl('Drew', Validators.required)
  });

  // Controls can also be enabled/disabled after creation:
  form.get('first')?.enable();
  form.get('last')?.disable();
'
[1A[2KWARN: [36m'
  It looks like you're using the disabled attribute with a reactive form directive. If you set disabled to true
  when you set up this control in your component class, the disabled attribute will actually be set in the DOM for
  you. We recommend using this approach to avoid 'changed after checked' errors.

  Example:
  // Specify the `disabled` property at control creation time:
  form = new FormGroup({
    first: new FormControl({value: 'Nancy', disabled: true}, Validators.required),
    last: new FormControl('Drew', Validators.required)
  });

  // Controls can also be enabled/disabled after creation:
  form.get('first')?.enable();
  form.get('last')?.disable();
'[39m
Chrome Headless 140.0.0.0 (Linux 0.0.0): Executed 812 of 1097[31m (47 FAILED)[39m (skipped 3) (0 secs / 18.675 secs)
WARN: '
  It looks like you're using the disabled attribute with a reactive form directive. If you set disabled to true
  when you set up this control in your component class, the disabled attribute will actually be set in the DOM for
  you. We recommend using this approach to avoid 'changed after checked' errors.

  Example:
  // Specify the `disabled` property at control creation time:
  form = new FormGroup({
    first: new FormControl({value: 'Nancy', disabled: true}, Validators.required),
    last: new FormControl('Drew', Validators.required)
  });

  // Controls can also be enabled/disabled after creation:
  form.get('first')?.enable();
  form.get('last')?.disable();
'
[1A[2KWARN: [36m'
  It looks like you're using the disabled attribute with a reactive form directive. If you set disabled to true
  when you set up this control in your component class, the disabled attribute will actually be set in the DOM for
  you. We recommend using this approach to avoid 'changed after checked' errors.

  Example:
  // Specify the `disabled` property at control creation time:
  form = new FormGroup({
    first: new FormControl({value: 'Nancy', disabled: true}, Validators.required),
    last: new FormControl('Drew', Validators.required)
  });

  // Controls can also be enabled/disabled after creation:
  form.get('first')?.enable();
  form.get('last')?.disable();
'[39m
Chrome Headless 140.0.0.0 (Linux 0.0.0): Executed 812 of 1097[31m (47 FAILED)[39m (skipped 3) (0 secs / 18.675 secs)
WARN: '
  It looks like you're using the disabled attribute with a reactive form directive. If you set disabled to true
  when you set up this control in your component class, the disabled attribute will actually be set in the DOM for
  you. We recommend using this approach to avoid 'changed after checked' errors.

  Example:
  // Specify the `disabled` property at control creation time:
  form = new FormGroup({
    first: new FormControl({value: 'Nancy', disabled: true}, Validators.required),
    last: new FormControl('Drew', Validators.required)
  });

  // Controls can also be enabled/disabled after creation:
  form.get('first')?.enable();
  form.get('last')?.disable();
'
[1A[2KChrome Headless 140.0.0.0 (Linux 0.0.0): Executed 813 of 1097[31m (47 FAILED)[39m (skipped 3) (0 secs / 18.688 secs)
[1A[2KWARN: [36m'
  It looks like you're using the disabled attribute with a reactive form directive. If you set disabled to true
  when you set up this control in your component class, the disabled attribute will actually be set in the DOM for
  you. We recommend using this approach to avoid 'changed after checked' errors.

  Example:
  // Specify the `disabled` property at control creation time:
  form = new FormGroup({
    first: new FormControl({value: 'Nancy', disabled: true}, Validators.required),
    last: new FormControl('Drew', Validators.required)
  });

  // Controls can also be enabled/disabled after creation:
  form.get('first')?.enable();
  form.get('last')?.disable();
'[39m
Chrome Headless 140.0.0.0 (Linux 0.0.0): Executed 813 of 1097[31m (47 FAILED)[39m (skipped 3) (0 secs / 18.688 secs)
WARN: '
  It looks like you're using the disabled attribute with a reactive form directive. If you set disabled to true
  when you set up this control in your component class, the disabled attribute will actually be set in the DOM for
  you. We recommend using this approach to avoid 'changed after checked' errors.

  Example:
  // Specify the `disabled` property at control creation time:
  form = new FormGroup({
    first: new FormControl({value: 'Nancy', disabled: true}, Validators.required),
    last: new FormControl('Drew', Validators.required)
  });

  // Controls can also be enabled/disabled after creation:
  form.get('first')?.enable();
  form.get('last')?.disable();
'
[1A[2KWARN: [36m'
  It looks like you're using the disabled attribute with a reactive form directive. If you set disabled to true
  when you set up this control in your component class, the disabled attribute will actually be set in the DOM for
  you. We recommend using this approach to avoid 'changed after checked' errors.

  Example:
  // Specify the `disabled` property at control creation time:
  form = new FormGroup({
    first: new FormControl({value: 'Nancy', disabled: true}, Validators.required),
    last: new FormControl('Drew', Validators.required)
  });

  // Controls can also be enabled/disabled after creation:
  form.get('first')?.enable();
  form.get('last')?.disable();
'[39m
Chrome Headless 140.0.0.0 (Linux 0.0.0): Executed 813 of 1097[31m (47 FAILED)[39m (skipped 3) (0 secs / 18.688 secs)
WARN: '
  It looks like you're using the disabled attribute with a reactive form directive. If you set disabled to true
  when you set up this control in your component class, the disabled attribute will actually be set in the DOM for
  you. We recommend using this approach to avoid 'changed after checked' errors.

  Example:
  // Specify the `disabled` property at control creation time:
  form = new FormGroup({
    first: new FormControl({value: 'Nancy', disabled: true}, Validators.required),
    last: new FormControl('Drew', Validators.required)
  });

  // Controls can also be enabled/disabled after creation:
  form.get('first')?.enable();
  form.get('last')?.disable();
'
[1A[2KWARN: [36m'
  It looks like you're using the disabled attribute with a reactive form directive. If you set disabled to true
  when you set up this control in your component class, the disabled attribute will actually be set in the DOM for
  you. We recommend using this approach to avoid 'changed after checked' errors.

  Example:
  // Specify the `disabled` property at control creation time:
  form = new FormGroup({
    first: new FormControl({value: 'Nancy', disabled: true}, Validators.required),
    last: new FormControl('Drew', Validators.required)
  });

  // Controls can also be enabled/disabled after creation:
  form.get('first')?.enable();
  form.get('last')?.disable();
'[39m
Chrome Headless 140.0.0.0 (Linux 0.0.0): Executed 813 of 1097[31m (47 FAILED)[39m (skipped 3) (0 secs / 18.688 secs)
WARN: '
  It looks like you're using the disabled attribute with a reactive form directive. If you set disabled to true
  when you set up this control in your component class, the disabled attribute will actually be set in the DOM for
  you. We recommend using this approach to avoid 'changed after checked' errors.

  Example:
  // Specify the `disabled` property at control creation time:
  form = new FormGroup({
    first: new FormControl({value: 'Nancy', disabled: true}, Validators.required),
    last: new FormControl('Drew', Validators.required)
  });

  // Controls can also be enabled/disabled after creation:
  form.get('first')?.enable();
  form.get('last')?.disable();
'
[1A[2KWARN: [36m'
  It looks like you're using the disabled attribute with a reactive form directive. If you set disabled to true
  when you set up this control in your component class, the disabled attribute will actually be set in the DOM for
  you. We recommend using this approach to avoid 'changed after checked' errors.

  Example:
  // Specify the `disabled` property at control creation time:
  form = new FormGroup({
    first: new FormControl({value: 'Nancy', disabled: true}, Validators.required),
    last: new FormControl('Drew', Validators.required)
  });

  // Controls can also be enabled/disabled after creation:
  form.get('first')?.enable();
  form.get('last')?.disable();
'[39m
Chrome Headless 140.0.0.0 (Linux 0.0.0): Executed 813 of 1097[31m (47 FAILED)[39m (skipped 3) (0 secs / 18.688 secs)
WARN: '
  It looks like you're using the disabled attribute with a reactive form directive. If you set disabled to true
  when you set up this control in your component class, the disabled attribute will actually be set in the DOM for
  you. We recommend using this approach to avoid 'changed after checked' errors.

  Example:
  // Specify the `disabled` property at control creation time:
  form = new FormGroup({
    first: new FormControl({value: 'Nancy', disabled: true}, Validators.required),
    last: new FormControl('Drew', Validators.required)
  });

  // Controls can also be enabled/disabled after creation:
  form.get('first')?.enable();
  form.get('last')?.disable();
'
[1A[2KWARN: [36m'
  It looks like you're using the disabled attribute with a reactive form directive. If you set disabled to true
  when you set up this control in your component class, the disabled attribute will actually be set in the DOM for
  you. We recommend using this approach to avoid 'changed after checked' errors.

  Example:
  // Specify the `disabled` property at control creation time:
  form = new FormGroup({
    first: new FormControl({value: 'Nancy', disabled: true}, Validators.required),
    last: new FormControl('Drew', Validators.required)
  });

  // Controls can also be enabled/disabled after creation:
  form.get('first')?.enable();
  form.get('last')?.disable();
'[39m
Chrome Headless 140.0.0.0 (Linux 0.0.0): Executed 813 of 1097[31m (47 FAILED)[39m (skipped 3) (0 secs / 18.688 secs)
WARN: '
  It looks like you're using the disabled attribute with a reactive form directive. If you set disabled to true
  when you set up this control in your component class, the disabled attribute will actually be set in the DOM for
  you. We recommend using this approach to avoid 'changed after checked' errors.

  Example:
  // Specify the `disabled` property at control creation time:
  form = new FormGroup({
    first: new FormControl({value: 'Nancy', disabled: true}, Validators.required),
    last: new FormControl('Drew', Validators.required)
  });

  // Controls can also be enabled/disabled after creation:
  form.get('first')?.enable();
  form.get('last')?.disable();
'
[1A[2KWARN: [36m'
  It looks like you're using the disabled attribute with a reactive form directive. If you set disabled to true
  when you set up this control in your component class, the disabled attribute will actually be set in the DOM for
  you. We recommend using this approach to avoid 'changed after checked' errors.

  Example:
  // Specify the `disabled` property at control creation time:
  form = new FormGroup({
    first: new FormControl({value: 'Nancy', disabled: true}, Validators.required),
    last: new FormControl('Drew', Validators.required)
  });

  // Controls can also be enabled/disabled after creation:
  form.get('first')?.enable();
  form.get('last')?.disable();
'[39m
Chrome Headless 140.0.0.0 (Linux 0.0.0): Executed 813 of 1097[31m (47 FAILED)[39m (skipped 3) (0 secs / 18.688 secs)
WARN: '
  It looks like you're using the disabled attribute with a reactive form directive. If you set disabled to true
  when you set up this control in your component class, the disabled attribute will actually be set in the DOM for
  you. We recommend using this approach to avoid 'changed after checked' errors.

  Example:
  // Specify the `disabled` property at control creation time:
  form = new FormGroup({
    first: new FormControl({value: 'Nancy', disabled: true}, Validators.required),
    last: new FormControl('Drew', Validators.required)
  });

  // Controls can also be enabled/disabled after creation:
  form.get('first')?.enable();
  form.get('last')?.disable();
'
[1A[2KChrome Headless 140.0.0.0 (Linux 0.0.0): Executed 814 of 1097[31m (47 FAILED)[39m (skipped 3) (0 secs / 18.701 secs)
[1A[2KWARN: [36m'
  It looks like you're using the disabled attribute with a reactive form directive. If you set disabled to true
  when you set up this control in your component class, the disabled attribute will actually be set in the DOM for
  you. We recommend using this approach to avoid 'changed after checked' errors.

  Example:
  // Specify the `disabled` property at control creation time:
  form = new FormGroup({
    first: new FormControl({value: 'Nancy', disabled: true}, Validators.required),
    last: new FormControl('Drew', Validators.required)
  });

  // Controls can also be enabled/disabled after creation:
  form.get('first')?.enable();
  form.get('last')?.disable();
'[39m
Chrome Headless 140.0.0.0 (Linux 0.0.0): Executed 814 of 1097[31m (47 FAILED)[39m (skipped 3) (0 secs / 18.701 secs)
WARN: '
  It looks like you're using the disabled attribute with a reactive form directive. If you set disabled to true
  when you set up this control in your component class, the disabled attribute will actually be set in the DOM for
  you. We recommend using this approach to avoid 'changed after checked' errors.

  Example:
  // Specify the `disabled` property at control creation time:
  form = new FormGroup({
    first: new FormControl({value: 'Nancy', disabled: true}, Validators.required),
    last: new FormControl('Drew', Validators.required)
  });

  // Controls can also be enabled/disabled after creation:
  form.get('first')?.enable();
  form.get('last')?.disable();
'
[1A[2KWARN: [36m'
  It looks like you're using the disabled attribute with a reactive form directive. If you set disabled to true
  when you set up this control in your component class, the disabled attribute will actually be set in the DOM for
  you. We recommend using this approach to avoid 'changed after checked' errors.

  Example:
  // Specify the `disabled` property at control creation time:
  form = new FormGroup({
    first: new FormControl({value: 'Nancy', disabled: true}, Validators.required),
    last: new FormControl('Drew', Validators.required)
  });

  // Controls can also be enabled/disabled after creation:
  form.get('first')?.enable();
  form.get('last')?.disable();
'[39m
Chrome Headless 140.0.0.0 (Linux 0.0.0): Executed 814 of 1097[31m (47 FAILED)[39m (skipped 3) (0 secs / 18.701 secs)
WARN: '
  It looks like you're using the disabled attribute with a reactive form directive. If you set disabled to true
  when you set up this control in your component class, the disabled attribute will actually be set in the DOM for
  you. We recommend using this approach to avoid 'changed after checked' errors.

  Example:
  // Specify the `disabled` property at control creation time:
  form = new FormGroup({
    first: new FormControl({value: 'Nancy', disabled: true}, Validators.required),
    last: new FormControl('Drew', Validators.required)
  });

  // Controls can also be enabled/disabled after creation:
  form.get('first')?.enable();
  form.get('last')?.disable();
'
[1A[2KWARN: [36m'
  It looks like you're using the disabled attribute with a reactive form directive. If you set disabled to true
  when you set up this control in your component class, the disabled attribute will actually be set in the DOM for
  you. We recommend using this approach to avoid 'changed after checked' errors.

  Example:
  // Specify the `disabled` property at control creation time:
  form = new FormGroup({
    first: new FormControl({value: 'Nancy', disabled: true}, Validators.required),
    last: new FormControl('Drew', Validators.required)
  });

  // Controls can also be enabled/disabled after creation:
  form.get('first')?.enable();
  form.get('last')?.disable();
'[39m
Chrome Headless 140.0.0.0 (Linux 0.0.0): Executed 814 of 1097[31m (47 FAILED)[39m (skipped 3) (0 secs / 18.701 secs)
WARN: '
  It looks like you're using the disabled attribute with a reactive form directive. If you set disabled to true
  when you set up this control in your component class, the disabled attribute will actually be set in the DOM for
  you. We recommend using this approach to avoid 'changed after checked' errors.

  Example:
  // Specify the `disabled` property at control creation time:
  form = new FormGroup({
    first: new FormControl({value: 'Nancy', disabled: true}, Validators.required),
    last: new FormControl('Drew', Validators.required)
  });

  // Controls can also be enabled/disabled after creation:
  form.get('first')?.enable();
  form.get('last')?.disable();
'
[1A[2KWARN: [36m'
  It looks like you're using the disabled attribute with a reactive form directive. If you set disabled to true
  when you set up this control in your component class, the disabled attribute will actually be set in the DOM for
  you. We recommend using this approach to avoid 'changed after checked' errors.

  Example:
  // Specify the `disabled` property at control creation time:
  form = new FormGroup({
    first: new FormControl({value: 'Nancy', disabled: true}, Validators.required),
    last: new FormControl('Drew', Validators.required)
  });

  // Controls can also be enabled/disabled after creation:
  form.get('first')?.enable();
  form.get('last')?.disable();
'[39m
Chrome Headless 140.0.0.0 (Linux 0.0.0): Executed 814 of 1097[31m (47 FAILED)[39m (skipped 3) (0 secs / 18.701 secs)
WARN: '
  It looks like you're using the disabled attribute with a reactive form directive. If you set disabled to true
  when you set up this control in your component class, the disabled attribute will actually be set in the DOM for
  you. We recommend using this approach to avoid 'changed after checked' errors.

  Example:
  // Specify the `disabled` property at control creation time:
  form = new FormGroup({
    first: new FormControl({value: 'Nancy', disabled: true}, Validators.required),
    last: new FormControl('Drew', Validators.required)
  });

  // Controls can also be enabled/disabled after creation:
  form.get('first')?.enable();
  form.get('last')?.disable();
'
[1A[2KWARN: [36m'
  It looks like you're using the disabled attribute with a reactive form directive. If you set disabled to true
  when you set up this control in your component class, the disabled attribute will actually be set in the DOM for
  you. We recommend using this approach to avoid 'changed after checked' errors.

  Example:
  // Specify the `disabled` property at control creation time:
  form = new FormGroup({
    first: new FormControl({value: 'Nancy', disabled: true}, Validators.required),
    last: new FormControl('Drew', Validators.required)
  });

  // Controls can also be enabled/disabled after creation:
  form.get('first')?.enable();
  form.get('last')?.disable();
'[39m
Chrome Headless 140.0.0.0 (Linux 0.0.0): Executed 814 of 1097[31m (47 FAILED)[39m (skipped 3) (0 secs / 18.701 secs)
WARN: '
  It looks like you're using the disabled attribute with a reactive form directive. If you set disabled to true
  when you set up this control in your component class, the disabled attribute will actually be set in the DOM for
  you. We recommend using this approach to avoid 'changed after checked' errors.

  Example:
  // Specify the `disabled` property at control creation time:
  form = new FormGroup({
    first: new FormControl({value: 'Nancy', disabled: true}, Validators.required),
    last: new FormControl('Drew', Validators.required)
  });

  // Controls can also be enabled/disabled after creation:
  form.get('first')?.enable();
  form.get('last')?.disable();
'
[1A[2KWARN: [36m'
  It looks like you're using the disabled attribute with a reactive form directive. If you set disabled to true
  when you set up this control in your component class, the disabled attribute will actually be set in the DOM for
  you. We recommend using this approach to avoid 'changed after checked' errors.

  Example:
  // Specify the `disabled` property at control creation time:
  form = new FormGroup({
    first: new FormControl({value: 'Nancy', disabled: true}, Validators.required),
    last: new FormControl('Drew', Validators.required)
  });

  // Controls can also be enabled/disabled after creation:
  form.get('first')?.enable();
  form.get('last')?.disable();
'[39m
Chrome Headless 140.0.0.0 (Linux 0.0.0): Executed 814 of 1097[31m (47 FAILED)[39m (skipped 3) (0 secs / 18.701 secs)
WARN: '
  It looks like you're using the disabled attribute with a reactive form directive. If you set disabled to true
  when you set up this control in your component class, the disabled attribute will actually be set in the DOM for
  you. We recommend using this approach to avoid 'changed after checked' errors.

  Example:
  // Specify the `disabled` property at control creation time:
  form = new FormGroup({
    first: new FormControl({value: 'Nancy', disabled: true}, Validators.required),
    last: new FormControl('Drew', Validators.required)
  });

  // Controls can also be enabled/disabled after creation:
  form.get('first')?.enable();
  form.get('last')?.disable();
'
[1A[2KChrome Headless 140.0.0.0 (Linux 0.0.0): Executed 815 of 1097[31m (47 FAILED)[39m (skipped 3) (0 secs / 18.714 secs)
[1A[2KWARN: [36m'
  It looks like you're using the disabled attribute with a reactive form directive. If you set disabled to true
  when you set up this control in your component class, the disabled attribute will actually be set in the DOM for
  you. We recommend using this approach to avoid 'changed after checked' errors.

  Example:
  // Specify the `disabled` property at control creation time:
  form = new FormGroup({
    first: new FormControl({value: 'Nancy', disabled: true}, Validators.required),
    last: new FormControl('Drew', Validators.required)
  });

  // Controls can also be enabled/disabled after creation:
  form.get('first')?.enable();
  form.get('last')?.disable();
'[39m
Chrome Headless 140.0.0.0 (Linux 0.0.0): Executed 815 of 1097[31m (47 FAILED)[39m (skipped 3) (0 secs / 18.714 secs)
WARN: '
  It looks like you're using the disabled attribute with a reactive form directive. If you set disabled to true
  when you set up this control in your component class, the disabled attribute will actually be set in the DOM for
  you. We recommend using this approach to avoid 'changed after checked' errors.

  Example:
  // Specify the `disabled` property at control creation time:
  form = new FormGroup({
    first: new FormControl({value: 'Nancy', disabled: true}, Validators.required),
    last: new FormControl('Drew', Validators.required)
  });

  // Controls can also be enabled/disabled after creation:
  form.get('first')?.enable();
  form.get('last')?.disable();
'
[1A[2KWARN: [36m'
  It looks like you're using the disabled attribute with a reactive form directive. If you set disabled to true
  when you set up this control in your component class, the disabled attribute will actually be set in the DOM for
  you. We recommend using this approach to avoid 'changed after checked' errors.

  Example:
  // Specify the `disabled` property at control creation time:
  form = new FormGroup({
    first: new FormControl({value: 'Nancy', disabled: true}, Validators.required),
    last: new FormControl('Drew', Validators.required)
  });

  // Controls can also be enabled/disabled after creation:
  form.get('first')?.enable();
  form.get('last')?.disable();
'[39m
Chrome Headless 140.0.0.0 (Linux 0.0.0): Executed 815 of 1097[31m (47 FAILED)[39m (skipped 3) (0 secs / 18.714 secs)
WARN: '
  It looks like you're using the disabled attribute with a reactive form directive. If you set disabled to true
  when you set up this control in your component class, the disabled attribute will actually be set in the DOM for
  you. We recommend using this approach to avoid 'changed after checked' errors.

  Example:
  // Specify the `disabled` property at control creation time:
  form = new FormGroup({
    first: new FormControl({value: 'Nancy', disabled: true}, Validators.required),
    last: new FormControl('Drew', Validators.required)
  });

  // Controls can also be enabled/disabled after creation:
  form.get('first')?.enable();
  form.get('last')?.disable();
'
[1A[2KWARN: [36m'
  It looks like you're using the disabled attribute with a reactive form directive. If you set disabled to true
  when you set up this control in your component class, the disabled attribute will actually be set in the DOM for
  you. We recommend using this approach to avoid 'changed after checked' errors.

  Example:
  // Specify the `disabled` property at control creation time:
  form = new FormGroup({
    first: new FormControl({value: 'Nancy', disabled: true}, Validators.required),
    last: new FormControl('Drew', Validators.required)
  });

  // Controls can also be enabled/disabled after creation:
  form.get('first')?.enable();
  form.get('last')?.disable();
'[39m
Chrome Headless 140.0.0.0 (Linux 0.0.0): Executed 815 of 1097[31m (47 FAILED)[39m (skipped 3) (0 secs / 18.714 secs)
WARN: '
  It looks like you're using the disabled attribute with a reactive form directive. If you set disabled to true
  when you set up this control in your component class, the disabled attribute will actually be set in the DOM for
  you. We recommend using this approach to avoid 'changed after checked' errors.

  Example:
  // Specify the `disabled` property at control creation time:
  form = new FormGroup({
    first: new FormControl({value: 'Nancy', disabled: true}, Validators.required),
    last: new FormControl('Drew', Validators.required)
  });

  // Controls can also be enabled/disabled after creation:
  form.get('first')?.enable();
  form.get('last')?.disable();
'
[1A[2KWARN: [36m'
  It looks like you're using the disabled attribute with a reactive form directive. If you set disabled to true
  when you set up this control in your component class, the disabled attribute will actually be set in the DOM for
  you. We recommend using this approach to avoid 'changed after checked' errors.

  Example:
  // Specify the `disabled` property at control creation time:
  form = new FormGroup({
    first: new FormControl({value: 'Nancy', disabled: true}, Validators.required),
    last: new FormControl('Drew', Validators.required)
  });

  // Controls can also be enabled/disabled after creation:
  form.get('first')?.enable();
  form.get('last')?.disable();
'[39m
Chrome Headless 140.0.0.0 (Linux 0.0.0): Executed 815 of 1097[31m (47 FAILED)[39m (skipped 3) (0 secs / 18.714 secs)
WARN: '
  It looks like you're using the disabled attribute with a reactive form directive. If you set disabled to true
  when you set up this control in your component class, the disabled attribute will actually be set in the DOM for
  you. We recommend using this approach to avoid 'changed after checked' errors.

  Example:
  // Specify the `disabled` property at control creation time:
  form = new FormGroup({
    first: new FormControl({value: 'Nancy', disabled: true}, Validators.required),
    last: new FormControl('Drew', Validators.required)
  });

  // Controls can also be enabled/disabled after creation:
  form.get('first')?.enable();
  form.get('last')?.disable();
'
[1A[2KWARN: [36m'
  It looks like you're using the disabled attribute with a reactive form directive. If you set disabled to true
  when you set up this control in your component class, the disabled attribute will actually be set in the DOM for
  you. We recommend using this approach to avoid 'changed after checked' errors.

  Example:
  // Specify the `disabled` property at control creation time:
  form = new FormGroup({
    first: new FormControl({value: 'Nancy', disabled: true}, Validators.required),
    last: new FormControl('Drew', Validators.required)
  });

  // Controls can also be enabled/disabled after creation:
  form.get('first')?.enable();
  form.get('last')?.disable();
'[39m
Chrome Headless 140.0.0.0 (Linux 0.0.0): Executed 815 of 1097[31m (47 FAILED)[39m (skipped 3) (0 secs / 18.714 secs)
WARN: '
  It looks like you're using the disabled attribute with a reactive form directive. If you set disabled to true
  when you set up this control in your component class, the disabled attribute will actually be set in the DOM for
  you. We recommend using this approach to avoid 'changed after checked' errors.

  Example:
  // Specify the `disabled` property at control creation time:
  form = new FormGroup({
    first: new FormControl({value: 'Nancy', disabled: true}, Validators.required),
    last: new FormControl('Drew', Validators.required)
  });

  // Controls can also be enabled/disabled after creation:
  form.get('first')?.enable();
  form.get('last')?.disable();
'
[1A[2KWARN: [36m'
  It looks like you're using the disabled attribute with a reactive form directive. If you set disabled to true
  when you set up this control in your component class, the disabled attribute will actually be set in the DOM for
  you. We recommend using this approach to avoid 'changed after checked' errors.

  Example:
  // Specify the `disabled` property at control creation time:
  form = new FormGroup({
    first: new FormControl({value: 'Nancy', disabled: true}, Validators.required),
    last: new FormControl('Drew', Validators.required)
  });

  // Controls can also be enabled/disabled after creation:
  form.get('first')?.enable();
  form.get('last')?.disable();
'[39m
Chrome Headless 140.0.0.0 (Linux 0.0.0): Executed 815 of 1097[31m (47 FAILED)[39m (skipped 3) (0 secs / 18.714 secs)
WARN: '
  It looks like you're using the disabled attribute with a reactive form directive. If you set disabled to true
  when you set up this control in your component class, the disabled attribute will actually be set in the DOM for
  you. We recommend using this approach to avoid 'changed after checked' errors.

  Example:
  // Specify the `disabled` property at control creation time:
  form = new FormGroup({
    first: new FormControl({value: 'Nancy', disabled: true}, Validators.required),
    last: new FormControl('Drew', Validators.required)
  });

  // Controls can also be enabled/disabled after creation:
  form.get('first')?.enable();
  form.get('last')?.disable();
'
[1A[2KChrome Headless 140.0.0.0 (Linux 0.0.0): Executed 816 of 1097[31m (47 FAILED)[39m (skipped 3) (0 secs / 18.727 secs)
[1A[2KChrome Headless 140.0.0.0 (Linux 0.0.0): Executed 817 of 1097[31m (47 FAILED)[39m (skipped 3) (0 secs / 18.739 secs)
[1A[2KChrome Headless 140.0.0.0 (Linux 0.0.0): Executed 818 of 1097[31m (47 FAILED)[39m (skipped 3) (0 secs / 18.744 secs)
[1A[2KChrome Headless 140.0.0.0 (Linux 0.0.0): Executed 819 of 1097[31m (47 FAILED)[39m (skipped 3) (0 secs / 18.75 secs)
[1A[2KChrome Headless 140.0.0.0 (Linux 0.0.0): Executed 820 of 1097[31m (47 FAILED)[39m (skipped 3) (0 secs / 18.757 secs)
[1A[2KChrome Headless 140.0.0.0 (Linux 0.0.0): Executed 821 of 1097[31m (47 FAILED)[39m (skipped 3) (0 secs / 18.761 secs)
[1A[2KChrome Headless 140.0.0.0 (Linux 0.0.0): Executed 822 of 1097[31m (47 FAILED)[39m (skipped 3) (0 secs / 18.768 secs)
[1A[2KChrome Headless 140.0.0.0 (Linux 0.0.0): Executed 823 of 1097[31m (47 FAILED)[39m (skipped 3) (0 secs / 18.772 secs)
[1A[2KChrome Headless 140.0.0.0 (Linux 0.0.0): Executed 824 of 1097[31m (47 FAILED)[39m (skipped 3) (0 secs / 18.778 secs)
[1A[2KChrome Headless 140.0.0.0 (Linux 0.0.0): Executed 825 of 1097[31m (47 FAILED)[39m (skipped 3) (0 secs / 18.783 secs)
[1A[2KChrome Headless 140.0.0.0 (Linux 0.0.0): Executed 826 of 1097[31m (47 FAILED)[39m (skipped 3) (0 secs / 18.788 secs)
[1A[2KChrome Headless 140.0.0.0 (Linux 0.0.0): Executed 827 of 1097[31m (47 FAILED)[39m (skipped 3) (0 secs / 18.793 secs)
[1A[2KChrome Headless 140.0.0.0 (Linux 0.0.0): Executed 828 of 1097[31m (47 FAILED)[39m (skipped 3) (0 secs / 18.798 secs)
[1A[2KChrome Headless 140.0.0.0 (Linux 0.0.0): Executed 829 of 1097[31m (47 FAILED)[39m (skipped 3) (0 secs / 18.802 secs)
[1A[2KChrome Headless 140.0.0.0 (Linux 0.0.0): Executed 830 of 1097[31m (47 FAILED)[39m (skipped 3) (0 secs / 18.849 secs)
[1A[2KChrome Headless 140.0.0.0 (Linux 0.0.0): Executed 831 of 1097[31m (47 FAILED)[39m (skipped 3) (0 secs / 18.863 secs)
[1A[2KChrome Headless 140.0.0.0 (Linux 0.0.0): Executed 832 of 1097[31m (47 FAILED)[39m (skipped 3) (0 secs / 18.882 secs)
[1A[2KChrome Headless 140.0.0.0 (Linux 0.0.0): Executed 833 of 1097[31m (47 FAILED)[39m (skipped 3) (0 secs / 18.894 secs)
[1A[2KChrome Headless 140.0.0.0 (Linux 0.0.0): Executed 834 of 1097[31m (47 FAILED)[39m (skipped 3) (0 secs / 18.906 secs)
[1A[2KChrome Headless 140.0.0.0 (Linux 0.0.0): Executed 835 of 1097[31m (47 FAILED)[39m (skipped 3) (0 secs / 18.923 secs)
[1A[2KChrome Headless 140.0.0.0 (Linux 0.0.0): Executed 836 of 1097[31m (47 FAILED)[39m (skipped 3) (0 secs / 18.941 secs)
[1A[2KChrome Headless 140.0.0.0 (Linux 0.0.0): Executed 837 of 1097[31m (47 FAILED)[39m (skipped 3) (0 secs / 18.959 secs)
[1A[2KChrome Headless 140.0.0.0 (Linux 0.0.0): Executed 838 of 1097[31m (47 FAILED)[39m (skipped 3) (0 secs / 18.971 secs)
[1A[2KChrome Headless 140.0.0.0 (Linux 0.0.0): Executed 839 of 1097[31m (47 FAILED)[39m (skipped 3) (0 secs / 18.983 secs)
[1A[2KChrome Headless 140.0.0.0 (Linux 0.0.0): Executed 840 of 1097[31m (47 FAILED)[39m (skipped 3) (0 secs / 19 secs)
[1A[2KChrome Headless 140.0.0.0 (Linux 0.0.0): Executed 841 of 1097[31m (47 FAILED)[39m (skipped 3) (0 secs / 19.026 secs)
[1A[2KChrome Headless 140.0.0.0 (Linux 0.0.0): Executed 842 of 1097[31m (47 FAILED)[39m (skipped 3) (0 secs / 19.039 secs)
[1A[2KChrome Headless 140.0.0.0 (Linux 0.0.0): Executed 843 of 1097[31m (47 FAILED)[39m (skipped 3) (0 secs / 19.056 secs)
[1A[2KChrome Headless 140.0.0.0 (Linux 0.0.0): Executed 844 of 1097[31m (47 FAILED)[39m (skipped 3) (0 secs / 19.073 secs)
[1A[2KChrome Headless 140.0.0.0 (Linux 0.0.0): Executed 845 of 1097[31m (47 FAILED)[39m (skipped 3) (0 secs / 19.091 secs)
[1A[2KChrome Headless 140.0.0.0 (Linux 0.0.0): Executed 846 of 1097[31m (47 FAILED)[39m (skipped 3) (0 secs / 19.11 secs)
[1A[2KChrome Headless 140.0.0.0 (Linux 0.0.0): Executed 847 of 1097[31m (47 FAILED)[39m (skipped 3) (0 secs / 19.129 secs)
[1A[2KChrome Headless 140.0.0.0 (Linux 0.0.0): Executed 848 of 1097[31m (47 FAILED)[39m (skipped 3) (0 secs / 19.147 secs)
[1A[2KChrome Headless 140.0.0.0 (Linux 0.0.0): Executed 849 of 1097[31m (47 FAILED)[39m (skipped 3) (0 secs / 19.167 secs)
[1A[2KChrome Headless 140.0.0.0 (Linux 0.0.0): Executed 850 of 1097[31m (47 FAILED)[39m (skipped 3) (0 secs / 19.184 secs)
[1A[2KChrome Headless 140.0.0.0 (Linux 0.0.0): Executed 851 of 1097[31m (47 FAILED)[39m (skipped 3) (0 secs / 19.204 secs)
[1A[2KChrome Headless 140.0.0.0 (Linux 0.0.0): Executed 852 of 1097[31m (47 FAILED)[39m (skipped 3) (0 secs / 19.222 secs)
[1A[2KChrome Headless 140.0.0.0 (Linux 0.0.0): Executed 853 of 1097[31m (47 FAILED)[39m (skipped 3) (0 secs / 19.53 secs)
[1A[2KChrome Headless 140.0.0.0 (Linux 0.0.0): Executed 854 of 1097[31m (47 FAILED)[39m (skipped 3) (0 secs / 20.062 secs)
[1A[2KChrome Headless 140.0.0.0 (Linux 0.0.0): Executed 855 of 1097[31m (47 FAILED)[39m (skipped 3) (0 secs / 20.575 secs)
[1A[2KChrome Headless 140.0.0.0 (Linux 0.0.0): Executed 856 of 1097[31m (47 FAILED)[39m (skipped 3) (0 secs / 21.085 secs)
[1A[2KChrome Headless 140.0.0.0 (Linux 0.0.0): Executed 857 of 1097[31m (47 FAILED)[39m (skipped 3) (0 secs / 21.092 secs)
[1A[2KLOG: [36m'🔧 BulkImportModal: Initializing, loading consignors...'[39m
Chrome Headless 140.0.0.0 (Linux 0.0.0): Executed 857 of 1097[31m (47 FAILED)[39m (skipped 9) (0 secs / 21.092 secs)
LOG: '🔧 BulkImportModal: Initializing, loading consignors...'
[1A[2KLOG: [36m'📡 BulkImportModal: Calling consignorService.getConsignors()'[39m
Chrome Headless 140.0.0.0 (Linux 0.0.0): Executed 857 of 1097[31m (47 FAILED)[39m (skipped 9) (0 secs / 21.092 secs)
LOG: '📡 BulkImportModal: Calling consignorService.getConsignors()'
[1A[2KChrome Headless 140.0.0.0 (Linux 0.0.0): Executed 858 of 1097[31m (47 FAILED)[39m (skipped 9) (0 secs / 21.22 secs)
[1A[2KChrome Headless 140.0.0.0 (Linux 0.0.0): Executed 859 of 1097[31m (47 FAILED)[39m (skipped 16) (0 secs / 21.236 secs)
[1A[2KChrome Headless 140.0.0.0 (Linux 0.0.0): Executed 860 of 1097[31m (47 FAILED)[39m (skipped 16) (0 secs / 21.25 secs)
[1A[2KChrome Headless 140.0.0.0 (Linux 0.0.0): Executed 861 of 1097[31m (47 FAILED)[39m (skipped 16) (0 secs / 21.263 secs)
[1A[2KLOG: [36m'🔧 BulkImportModal: Initializing, loading consignors...'[39m
Chrome Headless 140.0.0.0 (Linux 0.0.0): Executed 861 of 1097[31m (47 FAILED)[39m (skipped 16) (0 secs / 21.263 secs)
LOG: '🔧 BulkImportModal: Initializing, loading consignors...'
[1A[2KLOG: [36m'📡 BulkImportModal: Calling consignorService.getConsignors()'[39m
Chrome Headless 140.0.0.0 (Linux 0.0.0): Executed 861 of 1097[31m (47 FAILED)[39m (skipped 16) (0 secs / 21.263 secs)
LOG: '📡 BulkImportModal: Calling consignorService.getConsignors()'
[1A[2KChrome Headless 140.0.0.0 (Linux 0.0.0): Executed 862 of 1097[31m (47 FAILED)[39m (skipped 16) (0 secs / 21.283 secs)
[1A[2KChrome Headless 140.0.0.0 (Linux 0.0.0): Executed 863 of 1097[31m (47 FAILED)[39m (skipped 16) (0 secs / 21.295 secs)
[1A[2KChrome Headless 140.0.0.0 (Linux 0.0.0): Executed 864 of 1097[31m (47 FAILED)[39m (skipped 16) (0 secs / 21.307 secs)
[1A[2KLOG: [36m'🔧 BulkImportModal: Initializing, loading consignors...'[39m
Chrome Headless 140.0.0.0 (Linux 0.0.0): Executed 864 of 1097[31m (47 FAILED)[39m (skipped 16) (0 secs / 21.307 secs)
LOG: '🔧 BulkImportModal: Initializing, loading consignors...'
[1A[2KLOG: [36m'📡 BulkImportModal: Calling consignorService.getConsignors()'[39m
Chrome Headless 140.0.0.0 (Linux 0.0.0): Executed 864 of 1097[31m (47 FAILED)[39m (skipped 16) (0 secs / 21.307 secs)
LOG: '📡 BulkImportModal: Calling consignorService.getConsignors()'
[1A[2KChrome Headless 140.0.0.0 (Linux 0.0.0): Executed 865 of 1097[31m (47 FAILED)[39m (skipped 16) (0 secs / 21.325 secs)
[1A[2KLOG: [36m'🔧 BulkImportModal: Initializing, loading consignors...'[39m
Chrome Headless 140.0.0.0 (Linux 0.0.0): Executed 865 of 1097[31m (47 FAILED)[39m (skipped 16) (0 secs / 21.325 secs)
LOG: '🔧 BulkImportModal: Initializing, loading consignors...'
[1A[2KLOG: [36m'📡 BulkImportModal: Calling consignorService.getConsignors()'[39m
Chrome Headless 140.0.0.0 (Linux 0.0.0): Executed 865 of 1097[31m (47 FAILED)[39m (skipped 16) (0 secs / 21.325 secs)
LOG: '📡 BulkImportModal: Calling consignorService.getConsignors()'
[1A[2KChrome Headless 140.0.0.0 (Linux 0.0.0): Executed 866 of 1097[31m (47 FAILED)[39m (skipped 16) (0 secs / 21.344 secs)
[1A[2KLOG: [36m'🔧 BulkImportModal: Initializing, loading consignors...'[39m
Chrome Headless 140.0.0.0 (Linux 0.0.0): Executed 866 of 1097[31m (47 FAILED)[39m (skipped 16) (0 secs / 21.344 secs)
LOG: '🔧 BulkImportModal: Initializing, loading consignors...'
[1A[2KLOG: [36m'📡 BulkImportModal: Calling consignorService.getConsignors()'[39m
Chrome Headless 140.0.0.0 (Linux 0.0.0): Executed 866 of 1097[31m (47 FAILED)[39m (skipped 16) (0 secs / 21.344 secs)
LOG: '📡 BulkImportModal: Calling consignorService.getConsignors()'
[1A[2KChrome Headless 140.0.0.0 (Linux 0.0.0): Executed 867 of 1097[31m (47 FAILED)[39m (skipped 16) (0 secs / 21.363 secs)
[1A[2KLOG: [36m'🔧 BulkImportModal: Initializing, loading consignors...'[39m
Chrome Headless 140.0.0.0 (Linux 0.0.0): Executed 867 of 1097[31m (47 FAILED)[39m (skipped 16) (0 secs / 21.363 secs)
LOG: '🔧 BulkImportModal: Initializing, loading consignors...'
[1A[2KLOG: [36m'📡 BulkImportModal: Calling consignorService.getConsignors()'[39m
Chrome Headless 140.0.0.0 (Linux 0.0.0): Executed 867 of 1097[31m (47 FAILED)[39m (skipped 16) (0 secs / 21.363 secs)
LOG: '📡 BulkImportModal: Calling consignorService.getConsignors()'
[1A[2KChrome Headless 140.0.0.0 (Linux 0.0.0): Executed 868 of 1097[31m (47 FAILED)[39m (skipped 16) (0 secs / 21.382 secs)
[1A[2KLOG: [36m'🔧 BulkImportModal: Initializing, loading consignors...'[39m
Chrome Headless 140.0.0.0 (Linux 0.0.0): Executed 868 of 1097[31m (47 FAILED)[39m (skipped 16) (0 secs / 21.382 secs)
LOG: '🔧 BulkImportModal: Initializing, loading consignors...'
[1A[2KLOG: [36m'📡 BulkImportModal: Calling consignorService.getConsignors()'[39m
Chrome Headless 140.0.0.0 (Linux 0.0.0): Executed 868 of 1097[31m (47 FAILED)[39m (skipped 16) (0 secs / 21.382 secs)
LOG: '📡 BulkImportModal: Calling consignorService.getConsignors()'
[1A[2KChrome Headless 140.0.0.0 (Linux 0.0.0): Executed 869 of 1097[31m (47 FAILED)[39m (skipped 16) (0 secs / 21.401 secs)
[1A[2KLOG: [36m'🔧 BulkImportModal: Initializing, loading consignors...'[39m
Chrome Headless 140.0.0.0 (Linux 0.0.0): Executed 869 of 1097[31m (47 FAILED)[39m (skipped 16) (0 secs / 21.401 secs)
LOG: '🔧 BulkImportModal: Initializing, loading consignors...'
[1A[2KLOG: [36m'📡 BulkImportModal: Calling consignorService.getConsignors()'[39m
Chrome Headless 140.0.0.0 (Linux 0.0.0): Executed 869 of 1097[31m (47 FAILED)[39m (skipped 16) (0 secs / 21.401 secs)
LOG: '📡 BulkImportModal: Calling consignorService.getConsignors()'
[1A[2KChrome Headless 140.0.0.0 (Linux 0.0.0): Executed 870 of 1097[31m (47 FAILED)[39m (skipped 16) (0 secs / 21.42 secs)
[1A[2KChrome Headless 140.0.0.0 (Linux 0.0.0): Executed 871 of 1097[31m (47 FAILED)[39m (skipped 16) (0 secs / 21.434 secs)
[1A[2KChrome Headless 140.0.0.0 (Linux 0.0.0): Executed 872 of 1097[31m (47 FAILED)[39m (skipped 16) (0 secs / 21.446 secs)
[1A[2KChrome Headless 140.0.0.0 (Linux 0.0.0): Executed 873 of 1097[31m (47 FAILED)[39m (skipped 16) (0 secs / 21.459 secs)
[1A[2KChrome Headless 140.0.0.0 (Linux 0.0.0): Executed 874 of 1097[31m (47 FAILED)[39m (skipped 16) (0 secs / 21.472 secs)
[1A[2KERROR: [36m'Error loading items:', Error: API Error
Error: API Error
    at http://localhost:9876/base/src/app/owner/components/inventory-list.component.spec.ts:289:70
    at _Observable.init [as _subscribe] (http://localhost:9876/base/node_modules/rxjs/dist/esm/internal/observable/throwError.js:5:51)
    at _Observable._trySubscribe (http://localhost:9876/base/node_modules/rxjs/dist/esm/internal/Observable.js:37:25)
    at http://localhost:9876/base/node_modules/rxjs/dist/esm/internal/Observable.js:31:30
    at errorContext (http://localhost:9876/base/node_modules/rxjs/dist/esm/internal/util/errorContext.js:19:9)
    at _Observable.subscribe (http://localhost:9876/base/node_modules/rxjs/dist/esm/internal/Observable.js:22:9)
    at InventoryListComponent2.loadItems (http://localhost:9876/base/src/app/owner/components/inventory-list.component.ts:834:44)
    at UserContext.<anonymous> (http://localhost:9876/base/src/app/owner/components/inventory-list.component.spec.ts:291:17)
    at _ZoneDelegate.invoke (http://localhost:9876/base/node_modules/zone.js/fesm2015/zone.js:398:28)
    at _ProxyZoneSpec.onInvoke (http://localhost:9876/base/node_modules/zone.js/fesm2015/zone-testing.js:2132:39)[39m
Chrome Headless 140.0.0.0 (Linux 0.0.0): Executed 874 of 1097[31m (47 FAILED)[39m (skipped 16) (0 secs / 21.472 secs)
ERROR: 'Error loading items:', Error: API Error
Error: API Error
    at http://localhost:9876/base/src/app/owner/components/inventory-list.component.spec.ts:289:70
    at _Observable.init [as _subscribe] (http://localhost:9876/base/node_modules/rxjs/dist/esm/internal/observable/throwError.js:5:51)
    at _Observable._trySubscribe (http://localhost:9876/base/node_modules/rxjs/dist/esm/internal/Observable.js:37:25)
    at http://localhost:9876/base/node_modules/rxjs/dist/esm/internal/Observable.js:31:30
    at errorContext (http://localhost:9876/base/node_modules/rxjs/dist/esm/internal/util/errorContext.js:19:9)
    at _Observable.subscribe (http://localhost:9876/base/node_modules/rxjs/dist/esm/internal/Observable.js:22:9)
    at InventoryListComponent2.loadItems (http://localhost:9876/base/src/app/owner/components/inventory-list.component.ts:834:44)
    at UserContext.<anonymous> (http://localhost:9876/base/src/app/owner/components/inventory-list.component.spec.ts:291:17)
    at _ZoneDelegate.invoke (http://localhost:9876/base/node_modules/zone.js/fesm2015/zone.js:398:28)
    at _ProxyZoneSpec.onInvoke (http://localhost:9876/base/node_modules/zone.js/fesm2015/zone-testing.js:2132:39)
[1A[2KChrome Headless 140.0.0.0 (Linux 0.0.0): Executed 875 of 1097[31m (47 FAILED)[39m (skipped 16) (0 secs / 21.487 secs)
[1A[2KLOG: [36m'🔧 BulkImportModal: Initializing, loading consignors...'[39m
Chrome Headless 140.0.0.0 (Linux 0.0.0): Executed 875 of 1097[31m (47 FAILED)[39m (skipped 16) (0 secs / 21.487 secs)
LOG: '🔧 BulkImportModal: Initializing, loading consignors...'
[1A[2KLOG: [36m'📡 BulkImportModal: Calling consignorService.getConsignors()'[39m
Chrome Headless 140.0.0.0 (Linux 0.0.0): Executed 875 of 1097[31m (47 FAILED)[39m (skipped 16) (0 secs / 21.487 secs)
LOG: '📡 BulkImportModal: Calling consignorService.getConsignors()'
[1A[2KChrome Headless 140.0.0.0 (Linux 0.0.0): Executed 876 of 1097[31m (47 FAILED)[39m (skipped 16) (0 secs / 21.504 secs)
[1A[2KLOG: [36m'🔧 BulkImportModal: Initializing, loading consignors...'[39m
Chrome Headless 140.0.0.0 (Linux 0.0.0): Executed 876 of 1097[31m (47 FAILED)[39m (skipped 16) (0 secs / 21.504 secs)
LOG: '🔧 BulkImportModal: Initializing, loading consignors...'
[1A[2KLOG: [36m'📡 BulkImportModal: Calling consignorService.getConsignors()'[39m
Chrome Headless 140.0.0.0 (Linux 0.0.0): Executed 876 of 1097[31m (47 FAILED)[39m (skipped 16) (0 secs / 21.504 secs)
LOG: '📡 BulkImportModal: Calling consignorService.getConsignors()'
[1A[2KChrome Headless 140.0.0.0 (Linux 0.0.0): Executed 877 of 1097[31m (47 FAILED)[39m (skipped 16) (0 secs / 21.522 secs)
[1A[2KChrome Headless 140.0.0.0 (Linux 0.0.0): Executed 878 of 1097[31m (47 FAILED)[39m (skipped 17) (0 secs / 21.535 secs)
[1A[2KChrome Headless 140.0.0.0 (Linux 0.0.0): Executed 879 of 1097[31m (47 FAILED)[39m (skipped 19) (0 secs / 21.546 secs)
[1A[2KChrome Headless 140.0.0.0 (Linux 0.0.0): Executed 880 of 1097[31m (47 FAILED)[39m (skipped 19) (0 secs / 21.559 secs)
[1A[2KChrome Headless 140.0.0.0 (Linux 0.0.0): Executed 881 of 1097[31m (47 FAILED)[39m (skipped 19) (0 secs / 21.571 secs)
[1A[2KLOG: [36m'🔧 BulkImportModal: Initializing, loading consignors...'[39m
Chrome Headless 140.0.0.0 (Linux 0.0.0): Executed 881 of 1097[31m (47 FAILED)[39m (skipped 23) (0 secs / 21.571 secs)
LOG: '🔧 BulkImportModal: Initializing, loading consignors...'
[1A[2KLOG: [36m'📡 BulkImportModal: Calling consignorService.getConsignors()'[39m
Chrome Headless 140.0.0.0 (Linux 0.0.0): Executed 881 of 1097[31m (47 FAILED)[39m (skipped 23) (0 secs / 21.571 secs)
LOG: '📡 BulkImportModal: Calling consignorService.getConsignors()'
[1A[2KChrome Headless 140.0.0.0 (Linux 0.0.0): Executed 882 of 1097[31m (47 FAILED)[39m (skipped 23) (0 secs / 21.59 secs)
[1A[2KLOG: [36m'🔧 BulkImportModal: Initializing, loading consignors...'[39m
Chrome Headless 140.0.0.0 (Linux 0.0.0): Executed 882 of 1097[31m (47 FAILED)[39m (skipped 23) (0 secs / 21.59 secs)
LOG: '🔧 BulkImportModal: Initializing, loading consignors...'
[1A[2KLOG: [36m'📡 BulkImportModal: Calling consignorService.getConsignors()'[39m
Chrome Headless 140.0.0.0 (Linux 0.0.0): Executed 882 of 1097[31m (47 FAILED)[39m (skipped 23) (0 secs / 21.59 secs)
LOG: '📡 BulkImportModal: Calling consignorService.getConsignors()'
[1A[2KChrome Headless 140.0.0.0 (Linux 0.0.0): Executed 883 of 1097[31m (47 FAILED)[39m (skipped 23) (0 secs / 21.608 secs)
[1A[2KLOG: [36m'🔧 BulkImportModal: Initializing, loading consignors...'[39m
Chrome Headless 140.0.0.0 (Linux 0.0.0): Executed 883 of 1097[31m (47 FAILED)[39m (skipped 23) (0 secs / 21.608 secs)
LOG: '🔧 BulkImportModal: Initializing, loading consignors...'
[1A[2KLOG: [36m'📡 BulkImportModal: Calling consignorService.getConsignors()'[39m
Chrome Headless 140.0.0.0 (Linux 0.0.0): Executed 883 of 1097[31m (47 FAILED)[39m (skipped 23) (0 secs / 21.608 secs)
LOG: '📡 BulkImportModal: Calling consignorService.getConsignors()'
[1A[2KChrome Headless 140.0.0.0 (Linux 0.0.0): Executed 884 of 1097[31m (47 FAILED)[39m (skipped 23) (0 secs / 21.627 secs)
[1A[2KLOG: [36m'🔧 BulkImportModal: Initializing, loading consignors...'[39m
Chrome Headless 140.0.0.0 (Linux 0.0.0): Executed 884 of 1097[31m (47 FAILED)[39m (skipped 23) (0 secs / 21.627 secs)
LOG: '🔧 BulkImportModal: Initializing, loading consignors...'
[1A[2KLOG: [36m'📡 BulkImportModal: Calling consignorService.getConsignors()'[39m
Chrome Headless 140.0.0.0 (Linux 0.0.0): Executed 884 of 1097[31m (47 FAILED)[39m (skipped 23) (0 secs / 21.627 secs)
LOG: '📡 BulkImportModal: Calling consignorService.getConsignors()'
[1A[2KChrome Headless 140.0.0.0 (Linux 0.0.0): Executed 885 of 1097[31m (47 FAILED)[39m (skipped 23) (0 secs / 21.645 secs)
[1A[2KLOG: [36m'🔧 BulkImportModal: Initializing, loading consignors...'[39m
Chrome Headless 140.0.0.0 (Linux 0.0.0): Executed 885 of 1097[31m (47 FAILED)[39m (skipped 23) (0 secs / 21.645 secs)
LOG: '🔧 BulkImportModal: Initializing, loading consignors...'
[1A[2KLOG: [36m'📡 BulkImportModal: Calling consignorService.getConsignors()'[39m
Chrome Headless 140.0.0.0 (Linux 0.0.0): Executed 885 of 1097[31m (47 FAILED)[39m (skipped 23) (0 secs / 21.645 secs)
LOG: '📡 BulkImportModal: Calling consignorService.getConsignors()'
[1A[2KChrome Headless 140.0.0.0 (Linux 0.0.0): Executed 886 of 1097[31m (47 FAILED)[39m (skipped 23) (0 secs / 21.663 secs)
[1A[2KLOG: [36m'🔧 BulkImportModal: Initializing, loading consignors...'[39m
Chrome Headless 140.0.0.0 (Linux 0.0.0): Executed 886 of 1097[31m (47 FAILED)[39m (skipped 23) (0 secs / 21.663 secs)
LOG: '🔧 BulkImportModal: Initializing, loading consignors...'
[1A[2KLOG: [36m'📡 BulkImportModal: Calling consignorService.getConsignors()'[39m
Chrome Headless 140.0.0.0 (Linux 0.0.0): Executed 886 of 1097[31m (47 FAILED)[39m (skipped 23) (0 secs / 21.663 secs)
LOG: '📡 BulkImportModal: Calling consignorService.getConsignors()'
[1A[2KChrome Headless 140.0.0.0 (Linux 0.0.0): Executed 887 of 1097[31m (47 FAILED)[39m (skipped 23) (0 secs / 21.681 secs)
[1A[2KLOG: [36m'🔧 BulkImportModal: Initializing, loading consignors...'[39m
Chrome Headless 140.0.0.0 (Linux 0.0.0): Executed 887 of 1097[31m (47 FAILED)[39m (skipped 23) (0 secs / 21.681 secs)
LOG: '🔧 BulkImportModal: Initializing, loading consignors...'
[1A[2KLOG: [36m'📡 BulkImportModal: Calling consignorService.getConsignors()'[39m
Chrome Headless 140.0.0.0 (Linux 0.0.0): Executed 887 of 1097[31m (47 FAILED)[39m (skipped 23) (0 secs / 21.681 secs)
LOG: '📡 BulkImportModal: Calling consignorService.getConsignors()'
[1A[2KChrome Headless 140.0.0.0 (Linux 0.0.0): Executed 888 of 1097[31m (47 FAILED)[39m (skipped 23) (0 secs / 21.699 secs)
[1A[2KLOG: [36m'🔧 BulkImportModal: Initializing, loading consignors...'[39m
Chrome Headless 140.0.0.0 (Linux 0.0.0): Executed 888 of 1097[31m (47 FAILED)[39m (skipped 23) (0 secs / 21.699 secs)
LOG: '🔧 BulkImportModal: Initializing, loading consignors...'
[1A[2KLOG: [36m'📡 BulkImportModal: Calling consignorService.getConsignors()'[39m
Chrome Headless 140.0.0.0 (Linux 0.0.0): Executed 888 of 1097[31m (47 FAILED)[39m (skipped 23) (0 secs / 21.699 secs)
LOG: '📡 BulkImportModal: Calling consignorService.getConsignors()'
[1A[2KChrome Headless 140.0.0.0 (Linux 0.0.0): Executed 889 of 1097[31m (47 FAILED)[39m (skipped 23) (0 secs / 21.716 secs)
[1A[2KLOG: [36m'🔧 BulkImportModal: Initializing, loading consignors...'[39m
Chrome Headless 140.0.0.0 (Linux 0.0.0): Executed 889 of 1097[31m (47 FAILED)[39m (skipped 23) (0 secs / 21.716 secs)
LOG: '🔧 BulkImportModal: Initializing, loading consignors...'
[1A[2KLOG: [36m'📡 BulkImportModal: Calling consignorService.getConsignors()'[39m
Chrome Headless 140.0.0.0 (Linux 0.0.0): Executed 889 of 1097[31m (47 FAILED)[39m (skipped 23) (0 secs / 21.716 secs)
LOG: '📡 BulkImportModal: Calling consignorService.getConsignors()'
[1A[2KChrome Headless 140.0.0.0 (Linux 0.0.0): Executed 890 of 1097[31m (47 FAILED)[39m (skipped 23) (0 secs / 21.743 secs)
[1A[2KLOG: [36m'🔧 BulkImportModal: Initializing, loading consignors...'[39m
Chrome Headless 140.0.0.0 (Linux 0.0.0): Executed 890 of 1097[31m (47 FAILED)[39m (skipped 23) (0 secs / 21.743 secs)
LOG: '🔧 BulkImportModal: Initializing, loading consignors...'
[1A[2KLOG: [36m'📡 BulkImportModal: Calling consignorService.getConsignors()'[39m
Chrome Headless 140.0.0.0 (Linux 0.0.0): Executed 890 of 1097[31m (47 FAILED)[39m (skipped 23) (0 secs / 21.743 secs)
LOG: '📡 BulkImportModal: Calling consignorService.getConsignors()'
[1A[2KChrome Headless 140.0.0.0 (Linux 0.0.0): Executed 891 of 1097[31m (47 FAILED)[39m (skipped 23) (0 secs / 21.762 secs)
[1A[2KChrome Headless 140.0.0.0 (Linux 0.0.0): Executed 892 of 1097[31m (47 FAILED)[39m (skipped 23) (0 secs / 21.802 secs)
[1A[2KChrome Headless 140.0.0.0 (Linux 0.0.0): Executed 893 of 1097[31m (47 FAILED)[39m (skipped 23) (0 secs / 21.808 secs)
[1A[2KChrome Headless 140.0.0.0 (Linux 0.0.0): Executed 894 of 1097[31m (47 FAILED)[39m (skipped 23) (0 secs / 21.814 secs)
[1A[2KChrome Headless 140.0.0.0 (Linux 0.0.0): Executed 895 of 1097[31m (47 FAILED)[39m (skipped 23) (0 secs / 21.819 secs)
[1A[2KChrome Headless 140.0.0.0 (Linux 0.0.0): Executed 896 of 1097[31m (47 FAILED)[39m (skipped 23) (0 secs / 21.824 secs)
[1A[2KChrome Headless 140.0.0.0 (Linux 0.0.0): Executed 897 of 1097[31m (47 FAILED)[39m (skipped 23) (0 secs / 21.83 secs)
[1A[2KChrome Headless 140.0.0.0 (Linux 0.0.0): Executed 898 of 1097[31m (47 FAILED)[39m (skipped 23) (0 secs / 21.837 secs)
[1A[2KChrome Headless 140.0.0.0 (Linux 0.0.0): Executed 899 of 1097[31m (47 FAILED)[39m (skipped 23) (0 secs / 21.843 secs)
[1A[2KChrome Headless 140.0.0.0 (Linux 0.0.0): Executed 900 of 1097[31m (47 FAILED)[39m (skipped 23) (0 secs / 21.857 secs)
[1A[2KChrome Headless 140.0.0.0 (Linux 0.0.0): Executed 901 of 1097[31m (47 FAILED)[39m (skipped 23) (0 secs / 21.863 secs)
[1A[2KChrome Headless 140.0.0.0 (Linux 0.0.0): Executed 902 of 1097[31m (47 FAILED)[39m (skipped 23) (0 secs / 21.869 secs)
[1A[2KChrome Headless 140.0.0.0 (Linux 0.0.0): Executed 903 of 1097[31m (47 FAILED)[39m (skipped 23) (0 secs / 21.875 secs)
[1A[2KChrome Headless 140.0.0.0 (Linux 0.0.0): Executed 904 of 1097[31m (47 FAILED)[39m (skipped 23) (0 secs / 21.881 secs)
[1A[2KChrome Headless 140.0.0.0 (Linux 0.0.0): Executed 905 of 1097[31m (47 FAILED)[39m (skipped 23) (0 secs / 21.887 secs)
[1A[2KChrome Headless 140.0.0.0 (Linux 0.0.0): Executed 906 of 1097[31m (47 FAILED)[39m (skipped 23) (0 secs / 21.893 secs)
[1A[2KChrome Headless 140.0.0.0 (Linux 0.0.0): Executed 907 of 1097[31m (47 FAILED)[39m (skipped 23) (0 secs / 21.896 secs)
[1A[2KChrome Headless 140.0.0.0 (Linux 0.0.0): Executed 908 of 1097[31m (47 FAILED)[39m (skipped 23) (0 secs / 21.898 secs)
[1A[2KChrome Headless 140.0.0.0 (Linux 0.0.0): Executed 909 of 1097[31m (47 FAILED)[39m (skipped 23) (0 secs / 21.9 secs)
[1A[2KChrome Headless 140.0.0.0 (Linux 0.0.0): Executed 910 of 1097[31m (47 FAILED)[39m (skipped 23) (0 secs / 21.903 secs)
[1A[2KChrome Headless 140.0.0.0 (Linux 0.0.0): Executed 911 of 1097[31m (47 FAILED)[39m (skipped 23) (0 secs / 21.906 secs)
[1A[2KChrome Headless 140.0.0.0 (Linux 0.0.0): Executed 912 of 1097[31m (47 FAILED)[39m (skipped 23) (0 secs / 21.908 secs)
[1A[2KChrome Headless 140.0.0.0 (Linux 0.0.0): Executed 913 of 1097[31m (47 FAILED)[39m (skipped 23) (0 secs / 21.91 secs)
[1A[2KChrome Headless 140.0.0.0 (Linux 0.0.0): Executed 914 of 1097[31m (47 FAILED)[39m (skipped 23) (0 secs / 21.912 secs)
[1A[2KERROR: [36m'ShopperAuthService error:', HttpErrorResponse{headers: _HttpHeaders{headers: Map{}, normalizedNames: Map{}, lazyInit: undefined, lazyUpdate: null}, status: 401, statusText: 'Unauthorized', url: 'http://localhost:5000/api/shop/test-store/auth/login', ok: false, type: undefined, redirected: undefined, name: 'HttpErrorResponse', message: 'Http failure response for http://localhost:5000/api/shop/test-store/auth/login: 401 Unauthorized', error: Object{message: 'Invalid credentials'}}[39m
Chrome Headless 140.0.0.0 (Linux 0.0.0): Executed 914 of 1097[31m (47 FAILED)[39m (skipped 23) (0 secs / 21.912 secs)
ERROR: 'ShopperAuthService error:', HttpErrorResponse{headers: _HttpHeaders{headers: Map{}, normalizedNames: Map{}, lazyInit: undefined, lazyUpdate: null}, status: 401, statusText: 'Unauthorized', url: 'http://localhost:5000/api/shop/test-store/auth/login', ok: false, type: undefined, redirected: undefined, name: 'HttpErrorResponse', message: 'Http failure response for http://localhost:5000/api/shop/test-store/auth/login: 401 Unauthorized', error: Object{message: 'Invalid credentials'}}
[1A[2KChrome Headless 140.0.0.0 (Linux 0.0.0): Executed 915 of 1097[31m (47 FAILED)[39m (skipped 23) (0 secs / 21.915 secs)
[1A[2KERROR: [36m'ShopperAuthService error:', HttpErrorResponse{headers: _HttpHeaders{headers: Map{}, normalizedNames: Map{}, lazyInit: undefined, lazyUpdate: null}, status: 400, statusText: 'Bad Request', url: 'http://localhost:5000/api/shop/test-store/auth/register', ok: false, type: undefined, redirected: undefined, name: 'HttpErrorResponse', message: 'Http failure response for http://localhost:5000/api/shop/test-store/auth/register: 400 Bad Request', error: Object{message: 'Email already exists'}}[39m
Chrome Headless 140.0.0.0 (Linux 0.0.0): Executed 915 of 1097[31m (47 FAILED)[39m (skipped 23) (0 secs / 21.915 secs)
ERROR: 'ShopperAuthService error:', HttpErrorResponse{headers: _HttpHeaders{headers: Map{}, normalizedNames: Map{}, lazyInit: undefined, lazyUpdate: null}, status: 400, statusText: 'Bad Request', url: 'http://localhost:5000/api/shop/test-store/auth/register', ok: false, type: undefined, redirected: undefined, name: 'HttpErrorResponse', message: 'Http failure response for http://localhost:5000/api/shop/test-store/auth/register: 400 Bad Request', error: Object{message: 'Email already exists'}}
[1A[2KChrome Headless 140.0.0.0 (Linux 0.0.0): Executed 916 of 1097[31m (47 FAILED)[39m (skipped 23) (0 secs / 21.918 secs)
[1A[2KChrome Headless 140.0.0.0 (Linux 0.0.0): Executed 917 of 1097[31m (47 FAILED)[39m (skipped 23) (0 secs / 21.92 secs)
[1A[2KChrome Headless 140.0.0.0 (Linux 0.0.0): Executed 918 of 1097[31m (47 FAILED)[39m (skipped 23) (0 secs / 21.922 secs)
[1A[2KChrome Headless 140.0.0.0 (Linux 0.0.0): Executed 919 of 1097[31m (47 FAILED)[39m (skipped 23) (0 secs / 21.924 secs)
[1A[2KChrome Headless 140.0.0.0 (Linux 0.0.0): Executed 920 of 1097[31m (47 FAILED)[39m (skipped 23) (0 secs / 21.926 secs)
[1A[2KChrome Headless 140.0.0.0 (Linux 0.0.0): Executed 921 of 1097[31m (47 FAILED)[39m (skipped 23) (0 secs / 21.929 secs)
[1A[2KChrome Headless 140.0.0.0 (Linux 0.0.0): Executed 922 of 1097[31m (47 FAILED)[39m (skipped 24) (0 secs / 21.931 secs)
[1A[2KChrome Headless 140.0.0.0 (Linux 0.0.0): Executed 923 of 1097[31m (47 FAILED)[39m (skipped 24) (0 secs / 21.933 secs)
[1A[2KChrome Headless 140.0.0.0 (Linux 0.0.0): Executed 924 of 1097[31m (47 FAILED)[39m (skipped 24) (0 secs / 21.936 secs)
[1A[2KChrome Headless 140.0.0.0 (Linux 0.0.0): Executed 925 of 1097[31m (47 FAILED)[39m (skipped 24) (0 secs / 21.939 secs)
[1A[2KChrome Headless 140.0.0.0 (Linux 0.0.0): Executed 926 of 1097[31m (47 FAILED)[39m (skipped 24) (0 secs / 21.954 secs)
[1A[2KChrome Headless 140.0.0.0 (Linux 0.0.0): Executed 927 of 1097[31m (47 FAILED)[39m (skipped 24) (0 secs / 21.958 secs)
[1A[2KChrome Headless 140.0.0.0 (Linux 0.0.0): Executed 928 of 1097[31m (47 FAILED)[39m (skipped 24) (0 secs / 21.961 secs)
[1A[2KChrome Headless 140.0.0.0 (Linux 0.0.0): Executed 929 of 1097[31m (47 FAILED)[39m (skipped 24) (0 secs / 21.965 secs)
[1A[2KChrome Headless 140.0.0.0 (Linux 0.0.0): Executed 930 of 1097[31m (47 FAILED)[39m (skipped 24) (0 secs / 21.969 secs)
[1A[2KChrome Headless 140.0.0.0 (Linux 0.0.0): Executed 931 of 1097[31m (47 FAILED)[39m (skipped 24) (0 secs / 21.972 secs)
[1A[2KChrome Headless 140.0.0.0 (Linux 0.0.0): Executed 932 of 1097[31m (47 FAILED)[39m (skipped 24) (0 secs / 21.975 secs)
[1A[2KChrome Headless 140.0.0.0 (Linux 0.0.0): Executed 933 of 1097[31m (47 FAILED)[39m (skipped 24) (0 secs / 21.978 secs)
[1A[2KChrome Headless 140.0.0.0 (Linux 0.0.0): Executed 934 of 1097[31m (47 FAILED)[39m (skipped 24) (0 secs / 21.984 secs)
[1A[2KLOG: [36m'Suggestion submitted:', Object{type: 'UserExperience', message: 'Improve the dashboard layout'}[39m
Chrome Headless 140.0.0.0 (Linux 0.0.0): Executed 934 of 1097[31m (47 FAILED)[39m (skipped 24) (0 secs / 21.984 secs)
LOG: 'Suggestion submitted:', Object{type: 'UserExperience', message: 'Improve the dashboard layout'}
[1A[2KChrome Headless 140.0.0.0 (Linux 0.0.0): Executed 935 of 1097[31m (47 FAILED)[39m (skipped 24) (0 secs / 21.989 secs)
[1A[2KLOG: [36m'Suggestion submitted:', Object{type: 'BugReport', message: 'Test message'}[39m
Chrome Headless 140.0.0.0 (Linux 0.0.0): Executed 935 of 1097[31m (47 FAILED)[39m (skipped 24) (0 secs / 21.989 secs)
LOG: 'Suggestion submitted:', Object{type: 'BugReport', message: 'Test message'}
[1A[2KLOG: [36m'Suggestion submitted:', Object{type: 'Improvement', message: 'Test message'}[39m
Chrome Headless 140.0.0.0 (Linux 0.0.0): Executed 935 of 1097[31m (47 FAILED)[39m (skipped 24) (0 secs / 21.989 secs)
LOG: 'Suggestion submitted:', Object{type: 'Improvement', message: 'Test message'}
[1A[2KLOG: [36m'Suggestion submitted:', Object{type: 'Integration', message: 'Test message'}[39m
Chrome Headless 140.0.0.0 (Linux 0.0.0): Executed 935 of 1097[31m (47 FAILED)[39m (skipped 24) (0 secs / 21.989 secs)
LOG: 'Suggestion submitted:', Object{type: 'Integration', message: 'Test message'}
[1A[2KLOG: [36m'Suggestion submitted:', Object{type: 'Other', message: 'Test message'}[39m
Chrome Headless 140.0.0.0 (Linux 0.0.0): Executed 935 of 1097[31m (47 FAILED)[39m (skipped 24) (0 secs / 21.989 secs)
LOG: 'Suggestion submitted:', Object{type: 'Other', message: 'Test message'}
[1A[2KChrome Headless 140.0.0.0 (Linux 0.0.0): Executed 936 of 1097[31m (47 FAILED)[39m (skipped 24) (0 secs / 21.995 secs)
[1A[2KChrome Headless 140.0.0.0 (Linux 0.0.0): Executed 937 of 1097[31m (47 FAILED)[39m (skipped 24) (0 secs / 22 secs)
[1A[2KChrome Headless 140.0.0.0 (Linux 0.0.0): Executed 938 of 1097[31m (47 FAILED)[39m (skipped 24) (0 secs / 22.004 secs)
[1A[2KChrome Headless 140.0.0.0 (Linux 0.0.0): Executed 939 of 1097[31m (47 FAILED)[39m (skipped 24) (0 secs / 22.008 secs)
[1A[2KChrome Headless 140.0.0.0 (Linux 0.0.0): Executed 940 of 1097[31m (47 FAILED)[39m (skipped 24) (0 secs / 22.013 secs)
[1A[2KChrome Headless 140.0.0.0 (Linux 0.0.0): Executed 941 of 1097[31m (47 FAILED)[39m (skipped 24) (0 secs / 22.022 secs)
[1A[2KChrome Headless 140.0.0.0 (Linux 0.0.0): Executed 942 of 1097[31m (47 FAILED)[39m (skipped 24) (0 secs / 22.027 secs)
[1A[2KChrome Headless 140.0.0.0 (Linux 0.0.0): Executed 943 of 1097[31m (47 FAILED)[39m (skipped 24) (0 secs / 22.032 secs)
[1A[2KChrome Headless 140.0.0.0 (Linux 0.0.0): Executed 944 of 1097[31m (47 FAILED)[39m (skipped 24) (0 secs / 22.044 secs)
[1A[2KChrome Headless 140.0.0.0 (Linux 0.0.0): Executed 945 of 1097[31m (47 FAILED)[39m (skipped 24) (0 secs / 22.049 secs)
[1A[2KChrome Headless 140.0.0.0 (Linux 0.0.0): Executed 946 of 1097[31m (47 FAILED)[39m (skipped 24) (0 secs / 22.054 secs)
[1A[2KChrome Headless 140.0.0.0 (Linux 0.0.0): Executed 947 of 1097[31m (47 FAILED)[39m (skipped 24) (0 secs / 22.058 secs)
[1A[2KChrome Headless 140.0.0.0 (Linux 0.0.0): Executed 948 of 1097[31m (47 FAILED)[39m (skipped 24) (0 secs / 22.063 secs)
[1A[2KChrome Headless 140.0.0.0 (Linux 0.0.0): Executed 949 of 1097[31m (47 FAILED)[39m (skipped 24) (0 secs / 22.067 secs)
[1A[2KChrome Headless 140.0.0.0 (Linux 0.0.0): Executed 950 of 1097[31m (47 FAILED)[39m (skipped 24) (0 secs / 22.073 secs)
[1A[2KChrome Headless 140.0.0.0 (Linux 0.0.0): Executed 951 of 1097[31m (47 FAILED)[39m (skipped 24) (0 secs / 22.077 secs)
[1A[2KChrome Headless 140.0.0.0 (Linux 0.0.0): Executed 952 of 1097[31m (47 FAILED)[39m (skipped 24) (0 secs / 22.083 secs)
[1A[2KChrome Headless 140.0.0.0 (Linux 0.0.0): Executed 953 of 1097[31m (47 FAILED)[39m (skipped 24) (0 secs / 22.088 secs)
[1A[2KChrome Headless 140.0.0.0 (Linux 0.0.0): Executed 954 of 1097[31m (47 FAILED)[39m (skipped 24) (0 secs / 22.098 secs)
[1A[2KChrome Headless 140.0.0.0 (Linux 0.0.0): Executed 955 of 1097[31m (47 FAILED)[39m (skipped 24) (0 secs / 22.117 secs)
[1A[2KChrome Headless 140.0.0.0 (Linux 0.0.0): Executed 956 of 1097[31m (47 FAILED)[39m (skipped 24) (0 secs / 22.124 secs)
[1A[2KChrome Headless 140.0.0.0 (Linux 0.0.0): Executed 957 of 1097[31m (47 FAILED)[39m (skipped 24) (0 secs / 22.13 secs)
[1A[2KChrome Headless 140.0.0.0 (Linux 0.0.0): Executed 958 of 1097[31m (47 FAILED)[39m (skipped 24) (0 secs / 22.137 secs)
[1A[2KLOG: [36m'Login successful:', Object{success: true, data: Object{id: 1, email: 'test@example.com', businessName: 'Test Business', ownerName: 'Test Owner', organizationId: 1, role: 1}, message: 'Login successful'}[39m
Chrome Headless 140.0.0.0 (Linux 0.0.0): Executed 958 of 1097[31m (47 FAILED)[39m (skipped 24) (0 secs / 22.137 secs)
LOG: 'Login successful:', Object{success: true, data: Object{id: 1, email: 'test@example.com', businessName: 'Test Business', ownerName: 'Test Owner', organizationId: 1, role: 1}, message: 'Login successful'}
[1A[2KChrome Headless 140.0.0.0 (Linux 0.0.0): Executed 959 of 1097[31m (47 FAILED)[39m (skipped 24) (0 secs / 22.146 secs)
[1A[2KLOG: [36m'Login successful:', Object{success: true, data: Object{token: 'mock-token', refreshToken: 'mock-refresh', user: Object{id: ..., email: ..., businessName: ..., ownerName: ..., organizationId: ..., role: ...}, expiresAt: '2026-01-03T15:18:05.115Z'}, message: 'Login successful'}[39m
Chrome Headless 140.0.0.0 (Linux 0.0.0): Executed 959 of 1097[31m (47 FAILED)[39m (skipped 24) (0 secs / 22.146 secs)
LOG: 'Login successful:', Object{success: true, data: Object{token: 'mock-token', refreshToken: 'mock-refresh', user: Object{id: ..., email: ..., businessName: ..., ownerName: ..., organizationId: ..., role: ...}, expiresAt: '2026-01-03T15:18:05.115Z'}, message: 'Login successful'}
[1A[2KChrome Headless 140.0.0.0 (Linux 0.0.0): Executed 960 of 1097[31m (47 FAILED)[39m (skipped 24) (0 secs / 22.155 secs)
[1A[2KERROR: [36m'Login error:', Object{status: 500}[39m
Chrome Headless 140.0.0.0 (Linux 0.0.0): Executed 960 of 1097[31m (47 FAILED)[39m (skipped 24) (0 secs / 22.155 secs)
ERROR: 'Login error:', Object{status: 500}
[1A[2KChrome Headless 140.0.0.0 (Linux 0.0.0): Executed 961 of 1097[31m (47 FAILED)[39m (skipped 24) (0 secs / 22.163 secs)
[1A[2KLOG: [36m'Login successful:', Object{token: 'mock-token', refreshToken: 'mock-refresh', user: Object{id: 1, email: 'test@example.com', businessName: 'Test', ownerName: 'Test', organizationId: 1, role: 1}, expiresAt: '2026-01-03T15:18:05.139Z'}[39m
Chrome Headless 140.0.0.0 (Linux 0.0.0): Executed 961 of 1097[31m (47 FAILED)[39m (skipped 24) (0 secs / 22.163 secs)
LOG: 'Login successful:', Object{token: 'mock-token', refreshToken: 'mock-refresh', user: Object{id: 1, email: 'test@example.com', businessName: 'Test', ownerName: 'Test', organizationId: 1, role: 1}, expiresAt: '2026-01-03T15:18:05.139Z'}
[1A[2KChrome Headless 140.0.0.0 (Linux 0.0.0): Executed 962 of 1097[31m (47 FAILED)[39m (skipped 24) (0 secs / 22.171 secs)
[1A[2KERROR: [36m'Login error:', Object{status: 401}[39m
Chrome Headless 140.0.0.0 (Linux 0.0.0): Executed 962 of 1097[31m (47 FAILED)[39m (skipped 24) (0 secs / 22.171 secs)
ERROR: 'Login error:', Object{status: 401}
[1A[2KChrome Headless 140.0.0.0 (Linux 0.0.0): Executed 963 of 1097[31m (47 FAILED)[39m (skipped 24) (0 secs / 22.18 secs)
[1A[2KERROR: [36m'Login error:', Object{status: 0}[39m
Chrome Headless 140.0.0.0 (Linux 0.0.0): Executed 963 of 1097[31m (47 FAILED)[39m (skipped 24) (0 secs / 22.18 secs)
ERROR: 'Login error:', Object{status: 0}
[1A[2KChrome Headless 140.0.0.0 (Linux 0.0.0): Executed 964 of 1097[31m (47 FAILED)[39m (skipped 24) (0 secs / 22.187 secs)
[1A[2KLOG: [36m'Login successful:', Object{token: 'mock-token', refreshToken: 'mock-refresh', user: Object{id: 1, email: 'test@example.com', businessName: 'Test Business', ownerName: 'Test Owner', organizationId: 1, role: 1}, expiresAt: '2026-01-03T15:18:05.181Z'}[39m
Chrome Headless 140.0.0.0 (Linux 0.0.0): Executed 964 of 1097[31m (47 FAILED)[39m (skipped 24) (0 secs / 22.187 secs)
LOG: 'Login successful:', Object{token: 'mock-token', refreshToken: 'mock-refresh', user: Object{id: 1, email: 'test@example.com', businessName: 'Test Business', ownerName: 'Test Owner', organizationId: 1, role: 1}, expiresAt: '2026-01-03T15:18:05.181Z'}
[1A[2KChrome Headless 140.0.0.0 (Linux 0.0.0): Executed 965 of 1097[31m (47 FAILED)[39m (skipped 24) (0 secs / 22.195 secs)
[1A[2KLOG: [36m'Redirecting user:', Object{email: 'owner@example.com', role: 'Owner', returnUrl: '', rawRole: 'Owner'}[39m
Chrome Headless 140.0.0.0 (Linux 0.0.0): Executed 965 of 1097[31m (47 FAILED)[39m (skipped 24) (0 secs / 22.195 secs)
LOG: 'Redirecting user:', Object{email: 'owner@example.com', role: 'Owner', returnUrl: '', rawRole: 'Owner'}
[1A[2KLOG: [36m'Navigating to /owner/dashboard'[39m
Chrome Headless 140.0.0.0 (Linux 0.0.0): Executed 965 of 1097[31m (47 FAILED)[39m (skipped 24) (0 secs / 22.195 secs)
LOG: 'Navigating to /owner/dashboard'
[1A[2KChrome Headless 140.0.0.0 (Linux 0.0.0): Executed 966 of 1097[31m (47 FAILED)[39m (skipped 24) (0 secs / 22.203 secs)
[1A[2KLOG: [36m'Owner navigation success:', true[39m
Chrome Headless 140.0.0.0 (Linux 0.0.0): Executed 966 of 1097[31m (47 FAILED)[39m (skipped 24) (0 secs / 22.203 secs)
LOG: 'Owner navigation success:', true
[1A[2KLOG: [36m'Redirecting user:', Object{email: '', role: 'Owner', returnUrl: '', rawRole: 1}[39m
Chrome Headless 140.0.0.0 (Linux 0.0.0): Executed 966 of 1097[31m (47 FAILED)[39m (skipped 24) (0 secs / 22.203 secs)
LOG: 'Redirecting user:', Object{email: '', role: 'Owner', returnUrl: '', rawRole: 1}
[1A[2KLOG: [36m'Navigating to /owner/dashboard'[39m
Chrome Headless 140.0.0.0 (Linux 0.0.0): Executed 966 of 1097[31m (47 FAILED)[39m (skipped 24) (0 secs / 22.203 secs)
LOG: 'Navigating to /owner/dashboard'
[1A[2KChrome Headless 140.0.0.0 (Linux 0.0.0): Executed 967 of 1097[31m (47 FAILED)[39m (skipped 24) (0 secs / 22.211 secs)
[1A[2KLOG: [36m'Owner navigation success:', true[39m
Chrome Headless 140.0.0.0 (Linux 0.0.0): Executed 967 of 1097[31m (47 FAILED)[39m (skipped 24) (0 secs / 22.211 secs)
LOG: 'Owner navigation success:', true
[1A[2KChrome Headless 140.0.0.0 (Linux 0.0.0): Executed 968 of 1097[31m (47 FAILED)[39m (skipped 24) (0 secs / 22.219 secs)
[1A[2KLOG: [36m'Redirecting user:', Object{email: 'admin@microsaasbuilders.com', role: 'Admin', returnUrl: '', rawRole: 0}[39m
Chrome Headless 140.0.0.0 (Linux 0.0.0): Executed 968 of 1097[31m (47 FAILED)[39m (skipped 24) (0 secs / 22.219 secs)
LOG: 'Redirecting user:', Object{email: 'admin@microsaasbuilders.com', role: 'Admin', returnUrl: '', rawRole: 0}
[1A[2KChrome Headless 140.0.0.0 (Linux 0.0.0): Executed 969 of 1097[31m (47 FAILED)[39m (skipped 24) (0 secs / 22.228 secs)
[1A[2KLOG: [36m'Redirecting user:', Object{email: 'owner@example.com', role: 'Owner', returnUrl: '', rawRole: 1}[39m
Chrome Headless 140.0.0.0 (Linux 0.0.0): Executed 969 of 1097[31m (47 FAILED)[39m (skipped 24) (0 secs / 22.228 secs)
LOG: 'Redirecting user:', Object{email: 'owner@example.com', role: 'Owner', returnUrl: '', rawRole: 1}
[1A[2KLOG: [36m'Navigating to /owner/dashboard'[39m
Chrome Headless 140.0.0.0 (Linux 0.0.0): Executed 969 of 1097[31m (47 FAILED)[39m (skipped 24) (0 secs / 22.228 secs)
LOG: 'Navigating to /owner/dashboard'
[1A[2KChrome Headless 140.0.0.0 (Linux 0.0.0): Executed 970 of 1097[31m (47 FAILED)[39m (skipped 24) (0 secs / 22.237 secs)
[1A[2KLOG: [36m'Owner navigation success:', true[39m
Chrome Headless 140.0.0.0 (Linux 0.0.0): Executed 970 of 1097[31m (47 FAILED)[39m (skipped 24) (0 secs / 22.237 secs)
LOG: 'Owner navigation success:', true
[1A[2KLOG: [36m'Redirecting user:', Object{email: 'customer@example.com', role: 'Customer', returnUrl: '', rawRole: 3}[39m
Chrome Headless 140.0.0.0 (Linux 0.0.0): Executed 970 of 1097[31m (47 FAILED)[39m (skipped 24) (0 secs / 22.237 secs)
LOG: 'Redirecting user:', Object{email: 'customer@example.com', role: 'Customer', returnUrl: '', rawRole: 3}
[1A[2KLOG: [36m'Navigating to /customer/dashboard'[39m
Chrome Headless 140.0.0.0 (Linux 0.0.0): Executed 970 of 1097[31m (47 FAILED)[39m (skipped 24) (0 secs / 22.237 secs)
LOG: 'Navigating to /customer/dashboard'
[1A[2KChrome Headless 140.0.0.0 (Linux 0.0.0): Executed 971 of 1097[31m (47 FAILED)[39m (skipped 24) (0 secs / 22.245 secs)
[1A[2KLOG: [36m'Customer navigation success:', true[39m
Chrome Headless 140.0.0.0 (Linux 0.0.0): Executed 971 of 1097[31m (47 FAILED)[39m (skipped 24) (0 secs / 22.245 secs)
LOG: 'Customer navigation success:', true
[1A[2KLOG: [36m'Redirecting user:', Object{email: 'consignor@example.com', role: 'consignor', returnUrl: '', rawRole: 2}[39m
Chrome Headless 140.0.0.0 (Linux 0.0.0): Executed 971 of 1097[31m (47 FAILED)[39m (skipped 24) (0 secs / 22.245 secs)
LOG: 'Redirecting user:', Object{email: 'consignor@example.com', role: 'consignor', returnUrl: '', rawRole: 2}
[1A[2KLOG: [36m'Navigating to /consignor/dashboard'[39m
Chrome Headless 140.0.0.0 (Linux 0.0.0): Executed 971 of 1097[31m (47 FAILED)[39m (skipped 24) (0 secs / 22.245 secs)
LOG: 'Navigating to /consignor/dashboard'
[1A[2KChrome Headless 140.0.0.0 (Linux 0.0.0): Executed 972 of 1097[31m (47 FAILED)[39m (skipped 24) (0 secs / 22.252 secs)
[1A[2KLOG: [36m'Consignor navigation success:', true[39m
Chrome Headless 140.0.0.0 (Linux 0.0.0): Executed 972 of 1097[31m (47 FAILED)[39m (skipped 24) (0 secs / 22.252 secs)
LOG: 'Consignor navigation success:', true
[1A[2KLOG: [36m'Redirecting user:', Object{email: 'unknown@example.com', role: 'Owner', returnUrl: '', rawRole: 999}[39m
Chrome Headless 140.0.0.0 (Linux 0.0.0): Executed 972 of 1097[31m (47 FAILED)[39m (skipped 24) (0 secs / 22.252 secs)
LOG: 'Redirecting user:', Object{email: 'unknown@example.com', role: 'Owner', returnUrl: '', rawRole: 999}
[1A[2KLOG: [36m'Navigating to /owner/dashboard'[39m
Chrome Headless 140.0.0.0 (Linux 0.0.0): Executed 972 of 1097[31m (47 FAILED)[39m (skipped 24) (0 secs / 22.252 secs)
LOG: 'Navigating to /owner/dashboard'
[1A[2KChrome Headless 140.0.0.0 (Linux 0.0.0): Executed 973 of 1097[31m (47 FAILED)[39m (skipped 24) (0 secs / 22.26 secs)
[1A[2KLOG: [36m'Owner navigation success:', true[39m
Chrome Headless 140.0.0.0 (Linux 0.0.0): Executed 973 of 1097[31m (47 FAILED)[39m (skipped 24) (0 secs / 22.26 secs)
LOG: 'Owner navigation success:', true
[1A[2KChrome Headless 140.0.0.0 (Linux 0.0.0): Executed 974 of 1097[31m (47 FAILED)[39m (skipped 24) (0 secs / 22.268 secs)
[1A[2KChrome Headless 140.0.0.0 (Linux 0.0.0): Executed 975 of 1097[31m (47 FAILED)[39m (skipped 24) (0 secs / 22.277 secs)
[1A[2KChrome Headless 140.0.0.0 (Linux 0.0.0): Executed 976 of 1097[31m (47 FAILED)[39m (skipped 24) (0 secs / 22.285 secs)
[1A[2KChrome Headless 140.0.0.0 (Linux 0.0.0): Executed 977 of 1097[31m (47 FAILED)[39m (skipped 24) (0 secs / 22.292 secs)
[1A[2KChrome Headless 140.0.0.0 (Linux 0.0.0): Executed 978 of 1097[31m (47 FAILED)[39m (skipped 24) (0 secs / 22.299 secs)
[1A[2KChrome Headless 140.0.0.0 (Linux 0.0.0): Executed 979 of 1097[31m (47 FAILED)[39m (skipped 24) (0 secs / 22.306 secs)
[1A[2KLOG: [36m'Cancel invitation:', '1'[39m
Chrome Headless 140.0.0.0 (Linux 0.0.0): Executed 979 of 1097[31m (47 FAILED)[39m (skipped 24) (0 secs / 22.306 secs)
LOG: 'Cancel invitation:', '1'
[1A[2K[31mChrome Headless 140.0.0.0 (Linux 0.0.0) ConsignorListComponent should cancel invitation with confirmation FAILED[39m
	Expected spy confirm to have been called with:
	  [ 'Are you sure you want to cancel this invitation?' ]
	but it was never called.
	    at <Jasmine>
	    at UserContext.<anonymous> (src/app/owner/components/consignor-list.component.spec.ts:162:28)
	    at _ZoneDelegate.invoke (node_modules/zone.js/fesm2015/zone.js:398:28)
	    at _ProxyZoneSpec.onInvoke (node_modules/zone.js/fesm2015/zone-testing.js:2132:39)
	    at _ZoneDelegate.invoke (node_modules/zone.js/fesm2015/zone.js:397:34)
	Expected spy ConsignorService.cancelInvitation to have been called with:
	  [ 1 ]
	but it was never called.
	    at <Jasmine>
	    at UserContext.<anonymous> (src/app/owner/components/consignor-list.component.spec.ts:163:51)
	    at _ZoneDelegate.invoke (node_modules/zone.js/fesm2015/zone.js:398:28)
	    at _ProxyZoneSpec.onInvoke (node_modules/zone.js/fesm2015/zone-testing.js:2132:39)
	    at _ZoneDelegate.invoke (node_modules/zone.js/fesm2015/zone.js:397:34)
Chrome Headless 140.0.0.0 (Linux 0.0.0): Executed 980 of 1097[31m (48 FAILED)[39m (skipped 24) (0 secs / 22.351 secs)
[1A[2KChrome Headless 140.0.0.0 (Linux 0.0.0): Executed 981 of 1097[31m (48 FAILED)[39m (skipped 24) (0 secs / 22.358 secs)
[1A[2KChrome Headless 140.0.0.0 (Linux 0.0.0): Executed 982 of 1097[31m (48 FAILED)[39m (skipped 24) (0 secs / 22.364 secs)
[1A[2K[31mChrome Headless 140.0.0.0 (Linux 0.0.0) ConsignorListComponent should handle invitations loading error gracefully FAILED[39m
	Expected spy error to have been called with:
	  [ 'Error loading pending invitations:', <jasmine.any(Error)> ]
	but actual calls were:
	  [ 'Error loading invitations:', Error: API Error ].
	
	Call 0:
	  Expected $[0] = 'Error loading invitations:' to equal 'Error loading pending invitations:'.
	Error: Expected spy error to have been called with:
	  [ 'Error loading pending invitations:', <jasmine.any(Error)> ]
	but actual calls were:
	  [ 'Error loading invitations:', Error: API Error ].
	Call 0:
	  Expected $[0] = 'Error loading invitations:' to equal 'Error loading pending invitations:'.
	    at <Jasmine>
	    at UserContext.<anonymous> (src/app/owner/components/consignor-list.component.spec.ts:124:27)
	    at _ZoneDelegate.invoke (node_modules/zone.js/fesm2015/zone.js:398:28)
	    at _ProxyZoneSpec.onInvoke (node_modules/zone.js/fesm2015/zone-testing.js:2132:39)
	    at _ZoneDelegate.invoke (node_modules/zone.js/fesm2015/zone.js:397:34)
Chrome Headless 140.0.0.0 (Linux 0.0.0): Executed 983 of 1097[31m (49 FAILED)[39m (skipped 24) (0 secs / 22.372 secs)
[1A[2KChrome Headless 140.0.0.0 (Linux 0.0.0): Executed 984 of 1097[31m (49 FAILED)[39m (skipped 24) (0 secs / 22.379 secs)
[1A[2KChrome Headless 140.0.0.0 (Linux 0.0.0): Executed 985 of 1097[31m (49 FAILED)[39m (skipped 24) (0 secs / 22.386 secs)
[1A[2KChrome Headless 140.0.0.0 (Linux 0.0.0): Executed 986 of 1097[31m (49 FAILED)[39m (skipped 24) (0 secs / 22.394 secs)
[1A[2KChrome Headless 140.0.0.0 (Linux 0.0.0): Executed 987 of 1097[31m (49 FAILED)[39m (skipped 24) (0 secs / 22.4 secs)
[1A[2KChrome Headless 140.0.0.0 (Linux 0.0.0): Executed 988 of 1097[31m (49 FAILED)[39m (skipped 24) (0 secs / 22.415 secs)
[1A[2KChrome Headless 140.0.0.0 (Linux 0.0.0): Executed 989 of 1097[31m (49 FAILED)[39m (skipped 24) (0 secs / 22.423 secs)
[1A[2KChrome Headless 140.0.0.0 (Linux 0.0.0): Executed 990 of 1097[31m (49 FAILED)[39m (skipped 24) (0 secs / 22.43 secs)
[1A[2KChrome Headless 140.0.0.0 (Linux 0.0.0): Executed 991 of 1097[31m (49 FAILED)[39m (skipped 24) (0 secs / 22.438 secs)
[1A[2KChrome Headless 140.0.0.0 (Linux 0.0.0): Executed 992 of 1097[31m (49 FAILED)[39m (skipped 24) (0 secs / 22.442 secs)
[1A[2KChrome Headless 140.0.0.0 (Linux 0.0.0): Executed 993 of 1097[31m (49 FAILED)[39m (skipped 24) (0 secs / 22.446 secs)
[1A[2KChrome Headless 140.0.0.0 (Linux 0.0.0): Executed 994 of 1097[31m (49 FAILED)[39m (skipped 24) (0 secs / 22.45 secs)
[1A[2KChrome Headless 140.0.0.0 (Linux 0.0.0): Executed 995 of 1097[31m (49 FAILED)[39m (skipped 24) (0 secs / 22.454 secs)
[1A[2KChrome Headless 140.0.0.0 (Linux 0.0.0): Executed 996 of 1097[31m (49 FAILED)[39m (skipped 24) (0 secs / 22.458 secs)
[1A[2KChrome Headless 140.0.0.0 (Linux 0.0.0): Executed 997 of 1097[31m (49 FAILED)[39m (skipped 24) (0 secs / 22.462 secs)
[1A[2KChrome Headless 140.0.0.0 (Linux 0.0.0): Executed 998 of 1097[31m (49 FAILED)[39m (skipped 24) (0 secs / 22.467 secs)
[1A[2KChrome Headless 140.0.0.0 (Linux 0.0.0): Executed 999 of 1097[31m (49 FAILED)[39m (skipped 24) (0 secs / 22.471 secs)
[1A[2KChrome Headless 140.0.0.0 (Linux 0.0.0): Executed 1000 of 1097[31m (49 FAILED)[39m (skipped 24) (0 secs / 22.475 secs)
[1A[2KChrome Headless 140.0.0.0 (Linux 0.0.0): Executed 1001 of 1097[31m (49 FAILED)[39m (skipped 24) (0 secs / 22.478 secs)
[1A[2KChrome Headless 140.0.0.0 (Linux 0.0.0): Executed 1002 of 1097[31m (49 FAILED)[39m (skipped 24) (0 secs / 22.482 secs)
[1A[2KChrome Headless 140.0.0.0 (Linux 0.0.0): Executed 1003 of 1097[31m (49 FAILED)[39m (skipped 24) (0 secs / 22.486 secs)
[1A[2KChrome Headless 140.0.0.0 (Linux 0.0.0): Executed 1004 of 1097[31m (49 FAILED)[39m (skipped 24) (0 secs / 22.49 secs)
[1A[2KChrome Headless 140.0.0.0 (Linux 0.0.0): Executed 1005 of 1097[31m (49 FAILED)[39m (skipped 24) (0 secs / 22.494 secs)
[1A[2KChrome Headless 140.0.0.0 (Linux 0.0.0): Executed 1006 of 1097[31m (49 FAILED)[39m (skipped 24) (0 secs / 22.512 secs)
[1A[2KChrome Headless 140.0.0.0 (Linux 0.0.0): Executed 1007 of 1097[31m (49 FAILED)[39m (skipped 24) (0 secs / 22.52 secs)
[1A[2KChrome Headless 140.0.0.0 (Linux 0.0.0): Executed 1008 of 1097[31m (49 FAILED)[39m (skipped 24) (0 secs / 22.526 secs)
[1A[2KLOG: [36m'Consignor registration successful:', Object{success: true}[39m
Chrome Headless 140.0.0.0 (Linux 0.0.0): Executed 1008 of 1097[31m (49 FAILED)[39m (skipped 24) (0 secs / 22.526 secs)
LOG: 'Consignor registration successful:', Object{success: true}
[1A[2KChrome Headless 140.0.0.0 (Linux 0.0.0): Executed 1009 of 1097[31m (49 FAILED)[39m (skipped 24) (0 secs / 22.533 secs)
[1A[2KLOG: [36m'Consignor registration successful:', Object{success: true}[39m
Chrome Headless 140.0.0.0 (Linux 0.0.0): Executed 1009 of 1097[31m (49 FAILED)[39m (skipped 24) (0 secs / 22.533 secs)
LOG: 'Consignor registration successful:', Object{success: true}
[1A[2KChrome Headless 140.0.0.0 (Linux 0.0.0): Executed 1010 of 1097[31m (49 FAILED)[39m (skipped 24) (0 secs / 22.54 secs)
[1A[2KLOG: [36m'Consignor registration successful:', Object{success: true}[39m
Chrome Headless 140.0.0.0 (Linux 0.0.0): Executed 1010 of 1097[31m (49 FAILED)[39m (skipped 24) (0 secs / 22.54 secs)
LOG: 'Consignor registration successful:', Object{success: true}
[1A[2KChrome Headless 140.0.0.0 (Linux 0.0.0): Executed 1011 of 1097[31m (49 FAILED)[39m (skipped 24) (0 secs / 22.547 secs)
[1A[2KChrome Headless 140.0.0.0 (Linux 0.0.0): Executed 1012 of 1097[31m (49 FAILED)[39m (skipped 24) (0 secs / 22.553 secs)
[1A[2KERROR: [36m'Consignor registration failed:', Object{message: 'Network error'}[39m
Chrome Headless 140.0.0.0 (Linux 0.0.0): Executed 1012 of 1097[31m (49 FAILED)[39m (skipped 24) (0 secs / 22.553 secs)
ERROR: 'Consignor registration failed:', Object{message: 'Network error'}
[1A[2KChrome Headless 140.0.0.0 (Linux 0.0.0): Executed 1013 of 1097[31m (49 FAILED)[39m (skipped 24) (0 secs / 22.56 secs)
[1A[2KLOG: [36m'Consignor registration successful:', Object{success: false}[39m
Chrome Headless 140.0.0.0 (Linux 0.0.0): Executed 1013 of 1097[31m (49 FAILED)[39m (skipped 24) (0 secs / 22.56 secs)
LOG: 'Consignor registration successful:', Object{success: false}
[1A[2KChrome Headless 140.0.0.0 (Linux 0.0.0): Executed 1014 of 1097[31m (49 FAILED)[39m (skipped 24) (0 secs / 22.567 secs)
[1A[2KChrome Headless 140.0.0.0 (Linux 0.0.0): Executed 1015 of 1097[31m (49 FAILED)[39m (skipped 24) (0 secs / 22.574 secs)
[1A[2KLOG: [36m'Consignor registration successful:', Object{success: false, message: 'Registration failed'}[39m
Chrome Headless 140.0.0.0 (Linux 0.0.0): Executed 1015 of 1097[31m (49 FAILED)[39m (skipped 24) (0 secs / 22.574 secs)
LOG: 'Consignor registration successful:', Object{success: false, message: 'Registration failed'}
[1A[2KChrome Headless 140.0.0.0 (Linux 0.0.0): Executed 1016 of 1097[31m (49 FAILED)[39m (skipped 24) (0 secs / 22.58 secs)
[1A[2KChrome Headless 140.0.0.0 (Linux 0.0.0): Executed 1017 of 1097[31m (49 FAILED)[39m (skipped 24) (0 secs / 22.587 secs)
[1A[2KChrome Headless 140.0.0.0 (Linux 0.0.0): Executed 1018 of 1097[31m (49 FAILED)[39m (skipped 24) (0 secs / 22.594 secs)
[1A[2KChrome Headless 140.0.0.0 (Linux 0.0.0): Executed 1019 of 1097[31m (49 FAILED)[39m (skipped 24) (0 secs / 22.601 secs)
[1A[2KChrome Headless 140.0.0.0 (Linux 0.0.0): Executed 1020 of 1097[31m (49 FAILED)[39m (skipped 24) (0 secs / 22.607 secs)
[1A[2KChrome Headless 140.0.0.0 (Linux 0.0.0): Executed 1021 of 1097[31m (49 FAILED)[39m (skipped 24) (0 secs / 22.613 secs)
[1A[2KChrome Headless 140.0.0.0 (Linux 0.0.0): Executed 1022 of 1097[31m (49 FAILED)[39m (skipped 24) (0 secs / 22.619 secs)
[1A[2KChrome Headless 140.0.0.0 (Linux 0.0.0): Executed 1023 of 1097[31m (49 FAILED)[39m (skipped 24) (0 secs / 22.625 secs)
[1A[2KChrome Headless 140.0.0.0 (Linux 0.0.0): Executed 1024 of 1097[31m (49 FAILED)[39m (skipped 24) (0 secs / 22.633 secs)
[1A[2KChrome Headless 140.0.0.0 (Linux 0.0.0): Executed 1025 of 1097[31m (49 FAILED)[39m (skipped 24) (0 secs / 22.64 secs)
[1A[2KLOG: [36m'Consignor registration successful:', Object{success: true}[39m
Chrome Headless 140.0.0.0 (Linux 0.0.0): Executed 1025 of 1097[31m (49 FAILED)[39m (skipped 24) (0 secs / 22.64 secs)
LOG: 'Consignor registration successful:', Object{success: true}
[1A[2KChrome Headless 140.0.0.0 (Linux 0.0.0): Executed 1026 of 1097[31m (49 FAILED)[39m (skipped 24) (0 secs / 22.647 secs)
[1A[2KLOG: [36m'Consignor registration successful:', Object{success: false, message: 'Registration failed'}[39m
Chrome Headless 140.0.0.0 (Linux 0.0.0): Executed 1026 of 1097[31m (49 FAILED)[39m (skipped 24) (0 secs / 22.647 secs)
LOG: 'Consignor registration successful:', Object{success: false, message: 'Registration failed'}
[1A[2KChrome Headless 140.0.0.0 (Linux 0.0.0): Executed 1027 of 1097[31m (49 FAILED)[39m (skipped 24) (0 secs / 22.653 secs)
[1A[2KChrome Headless 140.0.0.0 (Linux 0.0.0): Executed 1028 of 1097[31m (49 FAILED)[39m (skipped 24) (0 secs / 22.661 secs)
[1A[2KChrome Headless 140.0.0.0 (Linux 0.0.0): Executed 1029 of 1097[31m (49 FAILED)[39m (skipped 24) (0 secs / 22.667 secs)
[1A[2KChrome Headless 140.0.0.0 (Linux 0.0.0): Executed 1030 of 1097[31m (49 FAILED)[39m (skipped 24) (0 secs / 22.673 secs)
[1A[2KChrome Headless 140.0.0.0 (Linux 0.0.0): Executed 1031 of 1097[31m (49 FAILED)[39m (skipped 24) (0 secs / 22.682 secs)
[1A[2KChrome Headless 140.0.0.0 (Linux 0.0.0): Executed 1032 of 1097[31m (49 FAILED)[39m (skipped 24) (0 secs / 22.691 secs)
[1A[2KChrome Headless 140.0.0.0 (Linux 0.0.0): Executed 1033 of 1097[31m (49 FAILED)[39m (skipped 24) (0 secs / 22.705 secs)
[1A[2KChrome Headless 140.0.0.0 (Linux 0.0.0): Executed 1034 of 1097[31m (49 FAILED)[39m (skipped 24) (0 secs / 22.718 secs)
[1A[2KChrome Headless 140.0.0.0 (Linux 0.0.0): Executed 1035 of 1097[31m (49 FAILED)[39m (skipped 24) (0 secs / 22.728 secs)
[1A[2KChrome Headless 140.0.0.0 (Linux 0.0.0): Executed 1036 of 1097[31m (49 FAILED)[39m (skipped 24) (0 secs / 22.737 secs)
[1A[2KChrome Headless 140.0.0.0 (Linux 0.0.0): Executed 1037 of 1097[31m (49 FAILED)[39m (skipped 24) (0 secs / 22.75 secs)
[1A[2KChrome Headless 140.0.0.0 (Linux 0.0.0): Executed 1038 of 1097[31m (49 FAILED)[39m (skipped 24) (0 secs / 22.76 secs)
[1A[2KChrome Headless 140.0.0.0 (Linux 0.0.0): Executed 1039 of 1097[31m (49 FAILED)[39m (skipped 24) (0 secs / 22.769 secs)
[1A[2KChrome Headless 140.0.0.0 (Linux 0.0.0): Executed 1040 of 1097[31m (49 FAILED)[39m (skipped 24) (0 secs / 22.778 secs)
[1A[2KChrome Headless 140.0.0.0 (Linux 0.0.0): Executed 1041 of 1097[31m (49 FAILED)[39m (skipped 24) (0 secs / 22.787 secs)
[1A[2KChrome Headless 140.0.0.0 (Linux 0.0.0): Executed 1042 of 1097[31m (49 FAILED)[39m (skipped 24) (0 secs / 22.795 secs)
[1A[2KChrome Headless 140.0.0.0 (Linux 0.0.0): Executed 1043 of 1097[31m (49 FAILED)[39m (skipped 24) (0 secs / 22.805 secs)
[1A[2KChrome Headless 140.0.0.0 (Linux 0.0.0): Executed 1044 of 1097[31m (49 FAILED)[39m (skipped 24) (0 secs / 22.814 secs)
[1A[2KChrome Headless 140.0.0.0 (Linux 0.0.0): Executed 1045 of 1097[31m (49 FAILED)[39m (skipped 24) (0 secs / 22.827 secs)
[1A[2KChrome Headless 140.0.0.0 (Linux 0.0.0): Executed 1046 of 1097[31m (49 FAILED)[39m (skipped 24) (0 secs / 22.839 secs)
[1A[2KChrome Headless 140.0.0.0 (Linux 0.0.0): Executed 1047 of 1097[31m (49 FAILED)[39m (skipped 24) (0 secs / 22.851 secs)
[1A[2KChrome Headless 140.0.0.0 (Linux 0.0.0): Executed 1048 of 1097[31m (49 FAILED)[39m (skipped 24) (0 secs / 22.863 secs)
[1A[2KChrome Headless 140.0.0.0 (Linux 0.0.0): Executed 1049 of 1097[31m (49 FAILED)[39m (skipped 24) (0 secs / 22.871 secs)
[1A[2KChrome Headless 140.0.0.0 (Linux 0.0.0): Executed 1050 of 1097[31m (49 FAILED)[39m (skipped 24) (0 secs / 22.88 secs)
[1A[2KLOG: [36m'Facebook sign in clicked'[39m
Chrome Headless 140.0.0.0 (Linux 0.0.0): Executed 1050 of 1097[31m (49 FAILED)[39m (skipped 24) (0 secs / 22.88 secs)
LOG: 'Facebook sign in clicked'
[1A[2KChrome Headless 140.0.0.0 (Linux 0.0.0): Executed 1051 of 1097[31m (49 FAILED)[39m (skipped 24) (0 secs / 22.889 secs)
[1A[2KLOG: [36m'Twitter sign in clicked'[39m
Chrome Headless 140.0.0.0 (Linux 0.0.0): Executed 1051 of 1097[31m (49 FAILED)[39m (skipped 24) (0 secs / 22.889 secs)
LOG: 'Twitter sign in clicked'
[1A[2KChrome Headless 140.0.0.0 (Linux 0.0.0): Executed 1052 of 1097[31m (49 FAILED)[39m (skipped 24) (0 secs / 22.9 secs)
[1A[2KLOG: [36m'Apple sign in clicked'[39m
Chrome Headless 140.0.0.0 (Linux 0.0.0): Executed 1052 of 1097[31m (49 FAILED)[39m (skipped 24) (0 secs / 22.9 secs)
LOG: 'Apple sign in clicked'
[1A[2KChrome Headless 140.0.0.0 (Linux 0.0.0): Executed 1053 of 1097[31m (49 FAILED)[39m (skipped 24) (0 secs / 22.91 secs)
[1A[2KLOG: [36m'Google sign in clicked'[39m
Chrome Headless 140.0.0.0 (Linux 0.0.0): Executed 1053 of 1097[31m (49 FAILED)[39m (skipped 24) (0 secs / 22.91 secs)
LOG: 'Google sign in clicked'
[1A[2KChrome Headless 140.0.0.0 (Linux 0.0.0): Executed 1054 of 1097[31m (49 FAILED)[39m (skipped 24) (0 secs / 22.919 secs)
[1A[2KLOG: [36m'LinkedIn sign in clicked'[39m
Chrome Headless 140.0.0.0 (Linux 0.0.0): Executed 1054 of 1097[31m (49 FAILED)[39m (skipped 24) (0 secs / 22.919 secs)
LOG: 'LinkedIn sign in clicked'
[1A[2KChrome Headless 140.0.0.0 (Linux 0.0.0): Executed 1055 of 1097[31m (49 FAILED)[39m (skipped 24) (0 secs / 22.929 secs)
[1A[2KChrome Headless 140.0.0.0 (Linux 0.0.0): Executed 1056 of 1097[31m (49 FAILED)[39m (skipped 24) (0 secs / 22.938 secs)
[1A[2KLOG: [36m'NotificationBell component initialized for role: admin'[39m
Chrome Headless 140.0.0.0 (Linux 0.0.0): Executed 1056 of 1097[31m (49 FAILED)[39m (skipped 24) (0 secs / 22.938 secs)
LOG: 'NotificationBell component initialized for role: admin'
[1A[2KChrome Headless 140.0.0.0 (Linux 0.0.0): Executed 1057 of 1097[31m (49 FAILED)[39m (skipped 24) (0 secs / 22.95 secs)
[1A[2KLOG: [36m'NotificationBell component initialized for role: admin'[39m
Chrome Headless 140.0.0.0 (Linux 0.0.0): Executed 1057 of 1097[31m (49 FAILED)[39m (skipped 24) (0 secs / 22.95 secs)
LOG: 'NotificationBell component initialized for role: admin'
[1A[2KChrome Headless 140.0.0.0 (Linux 0.0.0): Executed 1058 of 1097[31m (49 FAILED)[39m (skipped 24) (0 secs / 22.969 secs)
[1A[2KLOG: [36m'NotificationBell component initialized for role: admin'[39m
Chrome Headless 140.0.0.0 (Linux 0.0.0): Executed 1058 of 1097[31m (49 FAILED)[39m (skipped 24) (0 secs / 22.969 secs)
LOG: 'NotificationBell component initialized for role: admin'
[1A[2KChrome Headless 140.0.0.0 (Linux 0.0.0): Executed 1059 of 1097[31m (49 FAILED)[39m (skipped 24) (0 secs / 22.977 secs)
[1A[2KLOG: [36m'NotificationBell component initialized for role: admin'[39m
Chrome Headless 140.0.0.0 (Linux 0.0.0): Executed 1059 of 1097[31m (49 FAILED)[39m (skipped 24) (0 secs / 22.977 secs)
LOG: 'NotificationBell component initialized for role: admin'
[1A[2KChrome Headless 140.0.0.0 (Linux 0.0.0): Executed 1060 of 1097[31m (49 FAILED)[39m (skipped 24) (0 secs / 22.986 secs)
[1A[2KLOG: [36m'NotificationBell component initialized for role: admin'[39m
Chrome Headless 140.0.0.0 (Linux 0.0.0): Executed 1060 of 1097[31m (49 FAILED)[39m (skipped 24) (0 secs / 22.986 secs)
LOG: 'NotificationBell component initialized for role: admin'
[1A[2KChrome Headless 140.0.0.0 (Linux 0.0.0): Executed 1061 of 1097[31m (49 FAILED)[39m (skipped 24) (0 secs / 22.996 secs)
[1A[2KLOG: [36m'NotificationBell component initialized for role: admin'[39m
Chrome Headless 140.0.0.0 (Linux 0.0.0): Executed 1061 of 1097[31m (49 FAILED)[39m (skipped 24) (0 secs / 22.996 secs)
LOG: 'NotificationBell component initialized for role: admin'
[1A[2KChrome Headless 140.0.0.0 (Linux 0.0.0): Executed 1062 of 1097[31m (49 FAILED)[39m (skipped 24) (0 secs / 23.004 secs)
[1A[2KLOG: [36m'NotificationBell component initialized for role: admin'[39m
Chrome Headless 140.0.0.0 (Linux 0.0.0): Executed 1062 of 1097[31m (49 FAILED)[39m (skipped 24) (0 secs / 23.004 secs)
LOG: 'NotificationBell component initialized for role: admin'
[1A[2KChrome Headless 140.0.0.0 (Linux 0.0.0): Executed 1063 of 1097[31m (49 FAILED)[39m (skipped 24) (0 secs / 23.012 secs)
[1A[2KChrome Headless 140.0.0.0 (Linux 0.0.0): Executed 1064 of 1097[31m (49 FAILED)[39m (skipped 24) (0 secs / 23.016 secs)
[1A[2KChrome Headless 140.0.0.0 (Linux 0.0.0): Executed 1065 of 1097[31m (49 FAILED)[39m (skipped 24) (0 secs / 23.019 secs)
[1A[2KChrome Headless 140.0.0.0 (Linux 0.0.0): Executed 1066 of 1097[31m (49 FAILED)[39m (skipped 24) (0 secs / 23.022 secs)
[1A[2KLOG: [36m'NotificationBell component initialized for role: admin'[39m
Chrome Headless 140.0.0.0 (Linux 0.0.0): Executed 1066 of 1097[31m (49 FAILED)[39m (skipped 24) (0 secs / 23.022 secs)
LOG: 'NotificationBell component initialized for role: admin'
[1A[2KChrome Headless 140.0.0.0 (Linux 0.0.0): Executed 1067 of 1097[31m (49 FAILED)[39m (skipped 24) (0 secs / 23.03 secs)
[1A[2KLOG: [36m'NotificationBell component initialized for role: admin'[39m
Chrome Headless 140.0.0.0 (Linux 0.0.0): Executed 1067 of 1097[31m (49 FAILED)[39m (skipped 24) (0 secs / 23.03 secs)
LOG: 'NotificationBell component initialized for role: admin'
[1A[2KChrome Headless 140.0.0.0 (Linux 0.0.0): Executed 1068 of 1097[31m (49 FAILED)[39m (skipped 24) (0 secs / 23.04 secs)
[1A[2KLOG: [36m'NotificationBell component initialized for role: admin'[39m
Chrome Headless 140.0.0.0 (Linux 0.0.0): Executed 1068 of 1097[31m (49 FAILED)[39m (skipped 24) (0 secs / 23.04 secs)
LOG: 'NotificationBell component initialized for role: admin'
[1A[2KChrome Headless 140.0.0.0 (Linux 0.0.0): Executed 1069 of 1097[31m (49 FAILED)[39m (skipped 24) (0 secs / 23.049 secs)
[1A[2KLOG: [36m'NotificationBell component initialized for role: admin'[39m
Chrome Headless 140.0.0.0 (Linux 0.0.0): Executed 1069 of 1097[31m (49 FAILED)[39m (skipped 24) (0 secs / 23.049 secs)
LOG: 'NotificationBell component initialized for role: admin'
[1A[2KChrome Headless 140.0.0.0 (Linux 0.0.0): Executed 1070 of 1097[31m (49 FAILED)[39m (skipped 24) (0 secs / 23.057 secs)
[1A[2KLOG: [36m'NotificationBell component initialized for role: admin'[39m
Chrome Headless 140.0.0.0 (Linux 0.0.0): Executed 1070 of 1097[31m (49 FAILED)[39m (skipped 24) (0 secs / 23.057 secs)
LOG: 'NotificationBell component initialized for role: admin'
[1A[2KChrome Headless 140.0.0.0 (Linux 0.0.0): Executed 1071 of 1097[31m (49 FAILED)[39m (skipped 24) (0 secs / 23.065 secs)
[1A[2KLOG: [36m'NotificationBell component initialized for role: admin'[39m
Chrome Headless 140.0.0.0 (Linux 0.0.0): Executed 1071 of 1097[31m (49 FAILED)[39m (skipped 24) (0 secs / 23.065 secs)
LOG: 'NotificationBell component initialized for role: admin'
[1A[2KChrome Headless 140.0.0.0 (Linux 0.0.0): Executed 1072 of 1097[31m (49 FAILED)[39m (skipped 24) (0 secs / 23.073 secs)
[1A[2KLOG: [36m'NotificationBell component initialized for role: admin'[39m
Chrome Headless 140.0.0.0 (Linux 0.0.0): Executed 1072 of 1097[31m (49 FAILED)[39m (skipped 24) (0 secs / 23.073 secs)
LOG: 'NotificationBell component initialized for role: admin'
[1A[2KChrome Headless 140.0.0.0 (Linux 0.0.0): Executed 1073 of 1097[31m (49 FAILED)[39m (skipped 24) (0 secs / 23.081 secs)
[1A[2KChrome Headless 140.0.0.0 (Linux 0.0.0): Executed 1073 of 1097[31m (49 FAILED)[39m (skipped 24) (26.564 secs / 23.081 secs)
[31mTOTAL: 49 FAILED, 1024 SUCCESS[39m
